Archive member included to satisfy reference by file (symbol)

stm32-libs/src/libstm32Libs.a(stm32f10x_gpio.c.obj)
                              CMakeFiles/SU17IAR_app.elf.dir/Src/port/port_dev.c.obj (GPIO_Init)
stm32-libs/src/libstm32Libs.a(stm32f10x_rcc.c.obj)
                              CMakeFiles/SU17IAR_app.elf.dir/Src/port/port_dev.c.obj (RCC_APB2PeriphClockCmd)
stm32-libs/src/libstm32Libs.a(startup_stm32f10x_hd.s.obj)
                              (Reset_Handler)
stm32-libs/src/libstm32Libs.a(system_stm32f10x.c.obj)
                              stm32-libs/src/libstm32Libs.a(startup_stm32f10x_hd.s.obj) (SystemInit)
stm32IAP/src/libstm32iap.a(iap.c.obj)
                              CMakeFiles/SU17IAR_app.elf.dir/Src/main_app.c.obj (iapInit)
amovLink/src/libamovlink.a(amovlink_route.c.obj)
                              CMakeFiles/SU17IAR_app.elf.dir/Src/main_app.c.obj (amovLinkInit)
amovLink/src/libamovlink.a(amovlink_coder.c.obj)
                              amovLink/src/libamovlink.a(amovlink_route.c.obj) (amovLinkCoder)
amovLink/src/libamovlink.a(amovlink_decoder.c.obj)
                              amovLink/src/libamovlink.a(amovlink_route.c.obj) (amovLinkDecoderInit)
amovLink/src/libamovlink.a(amovlink_check.c.obj)
                              amovLink/src/libamovlink.a(amovlink_coder.c.obj) (amovLinkCheckCrc16)
Src/SEGGER_RTT/libRTT.a(SEGGER_RTT_printf.c.obj)
                              CMakeFiles/SU17IAR_app.elf.dir/Src/main_app.c.obj (SEGGER_RTT_printf)
Src/SEGGER_RTT/libRTT.a(SEGGER_RTT.c.obj)
                              Src/SEGGER_RTT/libRTT.a(SEGGER_RTT_printf.c.obj) (SEGGER_RTT_Write)
USART/libserial.a(Serial.c.obj)
                              CMakeFiles/SU17IAR_app.elf.dir/Src/main_app.c.obj (Usart_Init)
stm32-libs/src/libstm32Libs.a(misc.c.obj)
                              USART/libserial.a(Serial.c.obj) (NVIC_Init)
stm32-libs/src/libstm32Libs.a(stm32f10x_dma.c.obj)
                              USART/libserial.a(Serial.c.obj) (DMA_DeInit)
stm32-libs/src/libstm32Libs.a(stm32f10x_usart.c.obj)
                              USART/libserial.a(Serial.c.obj) (USART_Init)
d:/clion_stm32/gcc-arm-none-eabi-10.3-2021.10/bin/../lib/gcc/arm-none-eabi/10.3.1/../../../../arm-none-eabi/lib/thumb/v7-m/nofp\libg_nano.a(lib_a-exit.o)
                              d:/clion_stm32/gcc-arm-none-eabi-10.3-2021.10/bin/../lib/gcc/arm-none-eabi/10.3.1/../../../../arm-none-eabi/lib/thumb/v7-m/nofp/crt0.o (exit)
d:/clion_stm32/gcc-arm-none-eabi-10.3-2021.10/bin/../lib/gcc/arm-none-eabi/10.3.1/../../../../arm-none-eabi/lib/thumb/v7-m/nofp\libg_nano.a(lib_a-impure.o)
                              d:/clion_stm32/gcc-arm-none-eabi-10.3-2021.10/bin/../lib/gcc/arm-none-eabi/10.3.1/../../../../arm-none-eabi/lib/thumb/v7-m/nofp\libg_nano.a(lib_a-exit.o) (_global_impure_ptr)
d:/clion_stm32/gcc-arm-none-eabi-10.3-2021.10/bin/../lib/gcc/arm-none-eabi/10.3.1/../../../../arm-none-eabi/lib/thumb/v7-m/nofp\libg_nano.a(lib_a-init.o)
                              d:/clion_stm32/gcc-arm-none-eabi-10.3-2021.10/bin/../lib/gcc/arm-none-eabi/10.3.1/../../../../arm-none-eabi/lib/thumb/v7-m/nofp/crt0.o (__libc_init_array)
d:/clion_stm32/gcc-arm-none-eabi-10.3-2021.10/bin/../lib/gcc/arm-none-eabi/10.3.1/../../../../arm-none-eabi/lib/thumb/v7-m/nofp\libg_nano.a(lib_a-memcpy-stub.o)
                              CMakeFiles/SU17IAR_app.elf.dir/Src/main_app.c.obj (memcpy)
d:/clion_stm32/gcc-arm-none-eabi-10.3-2021.10/bin/../lib/gcc/arm-none-eabi/10.3.1/../../../../arm-none-eabi/lib/thumb/v7-m/nofp\libg_nano.a(lib_a-memmove.o)
                              amovLink/src/libamovlink.a(amovlink_route.c.obj) (memmove)
d:/clion_stm32/gcc-arm-none-eabi-10.3-2021.10/bin/../lib/gcc/arm-none-eabi/10.3.1/../../../../arm-none-eabi/lib/thumb/v7-m/nofp\libg_nano.a(lib_a-memset.o)
                              d:/clion_stm32/gcc-arm-none-eabi-10.3-2021.10/bin/../lib/gcc/arm-none-eabi/10.3.1/../../../../arm-none-eabi/lib/thumb/v7-m/nofp/crt0.o (memset)
d:/clion_stm32/gcc-arm-none-eabi-10.3-2021.10/bin/../lib/gcc/arm-none-eabi/10.3.1/../../../../arm-none-eabi/lib/thumb/v7-m/nofp\libg_nano.a(lib_a-strlen.o)
                              stm32IAP/src/libstm32iap.a(iap.c.obj) (strlen)
d:/clion_stm32/gcc-arm-none-eabi-10.3-2021.10/bin/../lib/gcc/arm-none-eabi/10.3.1/../../../../arm-none-eabi/lib/thumb/v7-m/nofp\libnosys.a(_exit.o)
                              d:/clion_stm32/gcc-arm-none-eabi-10.3-2021.10/bin/../lib/gcc/arm-none-eabi/10.3.1/../../../../arm-none-eabi/lib/thumb/v7-m/nofp\libg_nano.a(lib_a-exit.o) (_exit)

Discarded input sections

 .text          0x00000000        0x0 d:/clion_stm32/gcc-arm-none-eabi-10.3-2021.10/bin/../lib/gcc/arm-none-eabi/10.3.1/thumb/v7-m/nofp/crti.o
 .data          0x00000000        0x0 d:/clion_stm32/gcc-arm-none-eabi-10.3-2021.10/bin/../lib/gcc/arm-none-eabi/10.3.1/thumb/v7-m/nofp/crti.o
[...]
Memory Configuration

Name             Origin             Length             Attributes
RAM              0x20000000         0x00005000         xrw
FLASH            0x08004400         0x0001bc00         xr
FIRMWAREINFO     0x08004000         0x00000400         r
*default*        0x00000000         0xffffffff

Linker script and memory map

LOAD d:/clion_stm32/gcc-arm-none-eabi-10.3-2021.10/bin/../lib/gcc/arm-none-eabi/10.3.1/thumb/v7-m/nofp/crti.o
LOAD d:/clion_stm32/gcc-arm-none-eabi-10.3-2021.10/bin/../lib/gcc/arm-none-eabi/10.3.1/thumb/v7-m/nofp/crtbegin.o
LOAD d:/clion_stm32/gcc-arm-none-eabi-10.3-2021.10/bin/../lib/gcc/arm-none-eabi/10.3.1/../../../../arm-none-eabi/lib/thumb/v7-m/nofp/crt0.o
LOAD CMakeFiles/SU17IAR_app.elf.dir/Src/main_app.c.obj
LOAD CMakeFiles/SU17IAR_app.elf.dir/Src/LM3644YFFR/IIC.c.obj
LOAD CMakeFiles/SU17IAR_app.elf.dir/Src/LM3644YFFR/LM3644YFFR.c.obj
LOAD CMakeFiles/SU17IAR_app.elf.dir/Src/LM3644YFFR/LM3644YFFRRE.c.obj
LOAD CMakeFiles/SU17IAR_app.elf.dir/Src/delay/Delay.c.obj
LOAD CMakeFiles/SU17IAR_app.elf.dir/Src/port/port_dev.c.obj
LOAD stm32-libs/src/libstm32Libs.a
LOAD stm32IAP/src/libstm32iap.a
LOAD amovLink/src/libamovlink.a
LOAD Src/SEGGER_RTT/libRTT.a
LOAD USART/libserial.a
LOAD Flash_Operation/libFlash.a
LOAD stm32-libs/src/libstm32Libs.a
START GROUP
LOAD d:/clion_stm32/gcc-arm-none-eabi-10.3-2021.10/bin/../lib/gcc/arm-none-eabi/10.3.1/thumb/v7-m/nofp\libgcc.a
LOAD d:/clion_stm32/gcc-arm-none-eabi-10.3-2021.10/bin/../lib/gcc/arm-none-eabi/10.3.1/../../../../arm-none-eabi/lib/thumb/v7-m/nofp\libg_nano.a
LOAD d:/clion_stm32/gcc-arm-none-eabi-10.3-2021.10/bin/../lib/gcc/arm-none-eabi/10.3.1/../../../../arm-none-eabi/lib/thumb/v7-m/nofp\libc_nano.a
END GROUP
START GROUP
LOAD d:/clion_stm32/gcc-arm-none-eabi-10.3-2021.10/bin/../lib/gcc/arm-none-eabi/10.3.1/thumb/v7-m/nofp\libgcc.a
LOAD d:/clion_stm32/gcc-arm-none-eabi-10.3-2021.10/bin/../lib/gcc/arm-none-eabi/10.3.1/../../../../arm-none-eabi/lib/thumb/v7-m/nofp\libc_nano.a
LOAD d:/clion_stm32/gcc-arm-none-eabi-10.3-2021.10/bin/../lib/gcc/arm-none-eabi/10.3.1/../../../../arm-none-eabi/lib/thumb/v7-m/nofp\libnosys.a
END GROUP
START GROUP
LOAD d:/clion_stm32/gcc-arm-none-eabi-10.3-2021.10/bin/../lib/gcc/arm-none-eabi/10.3.1/thumb/v7-m/nofp\libgcc.a
LOAD d:/clion_stm32/gcc-arm-none-eabi-10.3-2021.10/bin/../lib/gcc/arm-none-eabi/10.3.1/../../../../arm-none-eabi/lib/thumb/v7-m/nofp\libc_nano.a
LOAD d:/clion_stm32/gcc-arm-none-eabi-10.3-2021.10/bin/../lib/gcc/arm-none-eabi/10.3.1/../../../../arm-none-eabi/lib/thumb/v7-m/nofp\libnosys.a
END GROUP
LOAD d:/clion_stm32/gcc-arm-none-eabi-10.3-2021.10/bin/../lib/gcc/arm-none-eabi/10.3.1/thumb/v7-m/nofp/crtend.o
LOAD d:/clion_stm32/gcc-arm-none-eabi-10.3-2021.10/bin/../lib/gcc/arm-none-eabi/10.3.1/thumb/v7-m/nofp/crtn.o
                0x20005000                _estack = (ORIGIN (RAM) + LENGTH (RAM))
                0x00000200                _Min_Heap_Size = 0x200
                0x00000800                _Min_Stack_Size = 0x800

.firmware_info  0x08004000       0x3e
                0x08004000                __firmware_info_start = .
 *(.firmware_info)
 .firmware_info
                0x08004000       0x3e stm32IAP/src/libstm32iap.a(iap.c.obj)
                0x08004000                firmwareInfo

.isr_vector     0x08004400      0x1e4
                0x08004400                . = ALIGN (0x4)
                0x08004400                __app_start = .
 *(.isr_vector)
 .isr_vector    0x08004400      0x1e4 stm32-libs/src/libstm32Libs.a(startup_stm32f10x_hd.s.obj)
                0x08004400                g_pfnVectors
                0x080045e4                . = ALIGN (0x4)

.text           0x080045e4     0x1d34
                0x080045e4                . = ALIGN (0x4)
 *(.text)
 .text          0x080045e4       0x40 d:/clion_stm32/gcc-arm-none-eabi-10.3-2021.10/bin/../lib/gcc/arm-none-eabi/10.3.1/thumb/v7-m/nofp/crtbegin.o
 .text          0x08004624       0x10 d:/clion_stm32/gcc-arm-none-eabi-10.3-2021.10/bin/../lib/gcc/arm-none-eabi/10.3.1/../../../../arm-none-eabi/lib/thumb/v7-m/nofp\libg_nano.a(lib_a-strlen.o)
                0x08004624                strlen
 *(.text*)
 .text.debug    0x08004634        0x6 CMakeFiles/SU17IAR_app.elf.dir/Src/main_app.c.obj
                0x08004634                debug
 .text.custom   0x0800463a        0x2 CMakeFiles/SU17IAR_app.elf.dir/Src/main_app.c.obj
                0x0800463a                custom
 .text.getMessage
                0x0800463c       0x48 CMakeFiles/SU17IAR_app.elf.dir/Src/main_app.c.obj
                0x0800463c                getMessage
 .text.amovlink_callback
                0x08004684       0x34 CMakeFiles/SU17IAR_app.elf.dir/Src/main_app.c.obj
                0x08004684                amovlink_callback
 .text.sendMessage
                0x080046b8       0x2c CMakeFiles/SU17IAR_app.elf.dir/Src/main_app.c.obj
                0x080046b8                sendMessage
 .text.main     0x080046e4       0x84 CMakeFiles/SU17IAR_app.elf.dir/Src/main_app.c.obj
                0x080046e4                main
 .text.iicStart
                0x08004768       0x3c CMakeFiles/SU17IAR_app.elf.dir/Src/LM3644YFFR/IIC.c.obj
                0x08004768                iicStart
 .text.iicStop  0x080047a4       0x2e CMakeFiles/SU17IAR_app.elf.dir/Src/LM3644YFFR/IIC.c.obj
                0x080047a4                iicStop
 .text.iicWaitAck
                0x080047d2       0x38 CMakeFiles/SU17IAR_app.elf.dir/Src/LM3644YFFR/IIC.c.obj
                0x080047d2                iicWaitAck
 .text.iicSendByte
                0x0800480a       0x4a CMakeFiles/SU17IAR_app.elf.dir/Src/LM3644YFFR/IIC.c.obj
                0x0800480a                iicSendByte
 .text.LM3644YFFR_INIT
                0x08004854       0x20 CMakeFiles/SU17IAR_app.elf.dir/Src/LM3644YFFR/LM3644YFFR.c.obj
                0x08004854                LM3644YFFR_INIT
 .text.LM3644YFFR_WriteReg
                0x08004874       0x50 CMakeFiles/SU17IAR_app.elf.dir/Src/LM3644YFFR/LM3644YFFR.c.obj
                0x08004874                LM3644YFFR_WriteReg
 .text.Infrared_Firstgear
                0x080048c4       0x24 CMakeFiles/SU17IAR_app.elf.dir/Src/LM3644YFFR/LM3644YFFR.c.obj
 .text.Infrared_Secondgear
                0x080048e8       0x24 CMakeFiles/SU17IAR_app.elf.dir/Src/LM3644YFFR/LM3644YFFR.c.obj
 .text.Infrared_Thirdgear
                0x0800490c       0x24 CMakeFiles/SU17IAR_app.elf.dir/Src/LM3644YFFR/LM3644YFFR.c.obj
 .text.Infrared_Fourthgear
                0x08004930       0x24 CMakeFiles/SU17IAR_app.elf.dir/Src/LM3644YFFR/LM3644YFFR.c.obj
 .text.Infrared_Fifthgear
                0x08004954       0x24 CMakeFiles/SU17IAR_app.elf.dir/Src/LM3644YFFR/LM3644YFFR.c.obj
 .text.Infrared_Sixthgear
                0x08004978       0x24 CMakeFiles/SU17IAR_app.elf.dir/Src/LM3644YFFR/LM3644YFFR.c.obj
 .text.Infrared_Seventhgear
                0x0800499c       0x18 CMakeFiles/SU17IAR_app.elf.dir/Src/LM3644YFFR/LM3644YFFR.c.obj
 .text.Infrared_Eighthgear
                0x080049b4       0x10 CMakeFiles/SU17IAR_app.elf.dir/Src/LM3644YFFR/LM3644YFFR.c.obj
 .text.LM3644YFFR_LEDFlash
                0x080049c4       0x68 CMakeFiles/SU17IAR_app.elf.dir/Src/LM3644YFFR/LM3644YFFR.c.obj
                0x080049c4                LM3644YFFR_LEDFlash
 .text.LM3644YFFRRE_INIT
                0x08004a2c       0x1c CMakeFiles/SU17IAR_app.elf.dir/Src/LM3644YFFR/LM3644YFFRRE.c.obj
                0x08004a2c                LM3644YFFRRE_INIT
 .text.LM3644YFFRRE_WriteReg
                0x08004a48       0x50 CMakeFiles/SU17IAR_app.elf.dir/Src/LM3644YFFR/LM3644YFFRRE.c.obj
                0x08004a48                LM3644YFFRRE_WriteReg
 .text.Infrared_Firstgear
                0x08004a98       0x24 CMakeFiles/SU17IAR_app.elf.dir/Src/LM3644YFFR/LM3644YFFRRE.c.obj
 .text.Infrared_Secondgear
                0x08004abc       0x24 CMakeFiles/SU17IAR_app.elf.dir/Src/LM3644YFFR/LM3644YFFRRE.c.obj
 .text.Infrared_Thirdgear
                0x08004ae0       0x24 CMakeFiles/SU17IAR_app.elf.dir/Src/LM3644YFFR/LM3644YFFRRE.c.obj
 .text.Infrared_Fourthgear
                0x08004b04       0x24 CMakeFiles/SU17IAR_app.elf.dir/Src/LM3644YFFR/LM3644YFFRRE.c.obj
 .text.Infrared_Fifthgear
                0x08004b28       0x24 CMakeFiles/SU17IAR_app.elf.dir/Src/LM3644YFFR/LM3644YFFRRE.c.obj
 .text.Infrared_Sixthgear
                0x08004b4c       0x24 CMakeFiles/SU17IAR_app.elf.dir/Src/LM3644YFFR/LM3644YFFRRE.c.obj
 .text.Infrared_Seventhgear
                0x08004b70       0x18 CMakeFiles/SU17IAR_app.elf.dir/Src/LM3644YFFR/LM3644YFFRRE.c.obj
 .text.Infrared_Eighthgear
                0x08004b88       0x10 CMakeFiles/SU17IAR_app.elf.dir/Src/LM3644YFFR/LM3644YFFRRE.c.obj
 .text.LM3644YFFRRE_LEDFlash
                0x08004b98       0x68 CMakeFiles/SU17IAR_app.elf.dir/Src/LM3644YFFR/LM3644YFFRRE.c.obj
                0x08004b98                LM3644YFFRRE_LEDFlash
 .text.Delay_us
                0x08004c00       0x2a CMakeFiles/SU17IAR_app.elf.dir/Src/delay/Delay.c.obj
                0x08004c00                Delay_us
 *fill*         0x08004c2a        0x2 
 .text.i2c_Delay
                0x08004c2c       0x10 CMakeFiles/SU17IAR_app.elf.dir/Src/delay/Delay.c.obj
                0x08004c2c                i2c_Delay
 .text.I2c_Init
                0x08004c3c       0x88 CMakeFiles/SU17IAR_app.elf.dir/Src/port/port_dev.c.obj
                0x08004c3c                I2c_Init
 .text.MyI2C_W_SDA
                0x08004cc4       0x18 CMakeFiles/SU17IAR_app.elf.dir/Src/port/port_dev.c.obj
                0x08004cc4                MyI2C_W_SDA
 .text.MyI2C_W_SCL
                0x08004cdc       0x18 CMakeFiles/SU17IAR_app.elf.dir/Src/port/port_dev.c.obj
                0x08004cdc                MyI2C_W_SCL
 .text.MyI2C_R_SDA
                0x08004cf4       0x1c CMakeFiles/SU17IAR_app.elf.dir/Src/port/port_dev.c.obj
                0x08004cf4                MyI2C_R_SDA
 .text.I2cre_Init
                0x08004d10       0x64 CMakeFiles/SU17IAR_app.elf.dir/Src/port/port_dev.c.obj
                0x08004d10                I2cre_Init
 .text.I2C_W_SDA
                0x08004d74       0x18 CMakeFiles/SU17IAR_app.elf.dir/Src/port/port_dev.c.obj
                0x08004d74                I2C_W_SDA
 .text.I2C_W_SCL
                0x08004d8c       0x18 CMakeFiles/SU17IAR_app.elf.dir/Src/port/port_dev.c.obj
                0x08004d8c                I2C_W_SCL
 .text.I2C_R_SDA
                0x08004da4       0x1c CMakeFiles/SU17IAR_app.elf.dir/Src/port/port_dev.c.obj
                0x08004da4                I2C_R_SDA
 .text.GPIO_Init
                0x08004dc0       0xb2 stm32-libs/src/libstm32Libs.a(stm32f10x_gpio.c.obj)
                0x08004dc0                GPIO_Init
 .text.GPIO_ReadInputDataBit
                0x08004e72        0xe stm32-libs/src/libstm32Libs.a(stm32f10x_gpio.c.obj)
                0x08004e72                GPIO_ReadInputDataBit
 .text.GPIO_SetBits
                0x08004e80        0x4 stm32-libs/src/libstm32Libs.a(stm32f10x_gpio.c.obj)
                0x08004e80                GPIO_SetBits
 .text.GPIO_WriteBit
                0x08004e84        0xa stm32-libs/src/libstm32Libs.a(stm32f10x_gpio.c.obj)
                0x08004e84                GPIO_WriteBit
 *fill*         0x08004e8e        0x2 
 .text.GPIO_PinRemapConfig
                0x08004e90       0x7c stm32-libs/src/libstm32Libs.a(stm32f10x_gpio.c.obj)
                0x08004e90                GPIO_PinRemapConfig
 .text.RCC_GetClocksFreq
                0x08004f0c       0xbc stm32-libs/src/libstm32Libs.a(stm32f10x_rcc.c.obj)
                0x08004f0c                RCC_GetClocksFreq
 .text.RCC_AHBPeriphClockCmd
                0x08004fc8       0x1c stm32-libs/src/libstm32Libs.a(stm32f10x_rcc.c.obj)
                0x08004fc8                RCC_AHBPeriphClockCmd
 .text.RCC_APB2PeriphClockCmd
                0x08004fe4       0x1c stm32-libs/src/libstm32Libs.a(stm32f10x_rcc.c.obj)
                0x08004fe4                RCC_APB2PeriphClockCmd
 .text.RCC_APB1PeriphClockCmd
                0x08005000       0x1c stm32-libs/src/libstm32Libs.a(stm32f10x_rcc.c.obj)
                0x08005000                RCC_APB1PeriphClockCmd
 .text.Reset_Handler
                0x0800501c       0x44 stm32-libs/src/libstm32Libs.a(startup_stm32f10x_hd.s.obj)
                0x0800501c                Reset_Handler
 .text.Default_Handler
                0x08005060        0x2 stm32-libs/src/libstm32Libs.a(startup_stm32f10x_hd.s.obj)
                0x08005060                EXTI2_IRQHandler
                0x08005060                TIM8_TRG_COM_IRQHandler
                0x08005060                TIM8_CC_IRQHandler
                0x08005060                DebugMon_Handler
                0x08005060                TIM1_CC_IRQHandler
                0x08005060                HardFault_Handler
                0x08005060                TIM6_IRQHandler
                0x08005060                SysTick_Handler
                0x08005060                PVD_IRQHandler
                0x08005060                SDIO_IRQHandler
                0x08005060                PendSV_Handler
                0x08005060                NMI_Handler
                0x08005060                EXTI3_IRQHandler
                0x08005060                EXTI0_IRQHandler
                0x08005060                I2C2_EV_IRQHandler
                0x08005060                UsageFault_Handler
                0x08005060                ADC1_2_IRQHandler
                0x08005060                SPI1_IRQHandler
                0x08005060                TAMPER_IRQHandler
                0x08005060                TIM8_UP_IRQHandler
                0x08005060                DMA2_Channel2_IRQHandler
                0x08005060                DMA1_Channel4_IRQHandler
                0x08005060                USART3_IRQHandler
                0x08005060                RTC_IRQHandler
                0x08005060                CAN1_RX1_IRQHandler
                0x08005060                UART5_IRQHandler
                0x08005060                ADC3_IRQHandler
                0x08005060                TIM4_IRQHandler
                0x08005060                DMA2_Channel1_IRQHandler
                0x08005060                I2C1_EV_IRQHandler
                0x08005060                DMA1_Channel6_IRQHandler
                0x08005060                UART4_IRQHandler
                0x08005060                TIM3_IRQHandler
                0x08005060                RCC_IRQHandler
                0x08005060                TIM1_TRG_COM_IRQHandler
                0x08005060                DMA1_Channel1_IRQHandler
                0x08005060                Default_Handler
                0x08005060                EXTI15_10_IRQHandler
                0x08005060                TIM7_IRQHandler
                0x08005060                TIM5_IRQHandler
                0x08005060                EXTI9_5_IRQHandler
                0x08005060                SPI2_IRQHandler
                0x08005060                MemManage_Handler
                0x08005060                SVC_Handler
                0x08005060                DMA1_Channel5_IRQHandler
                0x08005060                EXTI4_IRQHandler
                0x08005060                USB_LP_CAN1_RX0_IRQHandler
                0x08005060                USB_HP_CAN1_TX_IRQHandler
                0x08005060                DMA1_Channel3_IRQHandler
                0x08005060                FSMC_IRQHandler
                0x08005060                TIM1_UP_IRQHandler
                0x08005060                WWDG_IRQHandler
                0x08005060                TIM2_IRQHandler
                0x08005060                TIM1_BRK_IRQHandler
                0x08005060                EXTI1_IRQHandler
                0x08005060                RTCAlarm_IRQHandler
                0x08005060                DMA2_Channel4_5_IRQHandler
                0x08005060                USART2_IRQHandler
                0x08005060                I2C2_ER_IRQHandler
                0x08005060                DMA1_Channel2_IRQHandler
                0x08005060                TIM8_BRK_IRQHandler
                0x08005060                CAN1_SCE_IRQHandler
                0x08005060                FLASH_IRQHandler
                0x08005060                BusFault_Handler
                0x08005060                USART1_IRQHandler
                0x08005060                SPI3_IRQHandler
                0x08005060                I2C1_ER_IRQHandler
                0x08005060                USBWakeUp_IRQHandler
                0x08005060                DMA2_Channel3_IRQHandler
 *fill*         0x08005062        0x2 
 .text.SetSysClockTo72
                0x08005064       0xc4 stm32-libs/src/libstm32Libs.a(system_stm32f10x.c.obj)
 .text.SetSysClock
                0x08005128        0xc stm32-libs/src/libstm32Libs.a(system_stm32f10x.c.obj)
 .text.SystemInit
                0x08005134       0x54 stm32-libs/src/libstm32Libs.a(system_stm32f10x.c.obj)
                0x08005134                SystemInit
 .text.iapJump  0x08005188       0x2c stm32IAP/src/libstm32iap.a(iap.c.obj)
 .text.iapInit  0x080051b4       0x60 stm32IAP/src/libstm32iap.a(iap.c.obj)
                0x080051b4                iapInit
 .text.iapHandle
                0x08005214       0x70 stm32IAP/src/libstm32iap.a(iap.c.obj)
                0x08005214                iapHandle
 .text.amovLinkRouteCheck
                0x08005284       0x3c amovLink/src/libamovlink.a(amovlink_route.c.obj)
 .text.amovLinkRouteScan
                0x080052c0       0x44 amovLink/src/libamovlink.a(amovlink_route.c.obj)
 .text.amovLinkCbScan
                0x08005304       0x34 amovLink/src/libamovlink.a(amovlink_route.c.obj)
 .text.amovLinkInit
                0x08005338       0x3c amovLink/src/libamovlink.a(amovlink_route.c.obj)
                0x08005338                amovLinkInit
 .text.amovLinkIoReg
                0x08005374       0x3c amovLink/src/libamovlink.a(amovlink_route.c.obj)
                0x08005374                amovLinkIoReg
 .text.amovLinkHandle
                0x080053b0       0xdc amovLink/src/libamovlink.a(amovlink_route.c.obj)
                0x080053b0                amovLinkHandle
 .text.amovLinkSendMsg
                0x0800548c       0x48 amovLink/src/libamovlink.a(amovlink_route.c.obj)
                0x0800548c                amovLinkSendMsg
 .text.amovLinkCoder
                0x080054d4       0x64 amovLink/src/libamovlink.a(amovlink_coder.c.obj)
                0x080054d4                amovLinkCoder
 .text.amovLinkDecoderInit
                0x08005538       0x1c amovLink/src/libamovlink.a(amovlink_decoder.c.obj)
                0x08005538                amovLinkDecoderInit
 .text.amovLinkDecoder
                0x08005554      0x12c amovLink/src/libamovlink.a(amovlink_decoder.c.obj)
                0x08005554                amovLinkDecoder
 .text.amovLinkCheckCrc16
                0x08005680       0x34 amovLink/src/libamovlink.a(amovlink_check.c.obj)
                0x08005680                amovLinkCheckCrc16
 .text._StoreChar
                0x080056b4       0x44 Src/SEGGER_RTT/libRTT.a(SEGGER_RTT_printf.c.obj)
 .text._PrintUnsigned
                0x080056f8       0xe4 Src/SEGGER_RTT/libRTT.a(SEGGER_RTT_printf.c.obj)
 .text._PrintInt
                0x080057dc       0xf4 Src/SEGGER_RTT/libRTT.a(SEGGER_RTT_printf.c.obj)
 .text.SEGGER_RTT_vprintf
                0x080058d0      0x200 Src/SEGGER_RTT/libRTT.a(SEGGER_RTT_printf.c.obj)
                0x080058d0                SEGGER_RTT_vprintf
 .text.SEGGER_RTT_printf
                0x08005ad0       0x24 Src/SEGGER_RTT/libRTT.a(SEGGER_RTT_printf.c.obj)
                0x08005ad0                SEGGER_RTT_printf
 .text._DoInit  0x08005af4       0x58 Src/SEGGER_RTT/libRTT.a(SEGGER_RTT.c.obj)
 .text._GetAvailWriteSpace
                0x08005b4c       0x18 Src/SEGGER_RTT/libRTT.a(SEGGER_RTT.c.obj)
 .text._WriteNoCheck
                0x08005b64       0x4c Src/SEGGER_RTT/libRTT.a(SEGGER_RTT.c.obj)
 .text._WriteBlocking
                0x08005bb0       0x64 Src/SEGGER_RTT/libRTT.a(SEGGER_RTT.c.obj)
 .text.SEGGER_RTT_WriteNoLock
                0x08005c14       0x78 Src/SEGGER_RTT/libRTT.a(SEGGER_RTT.c.obj)
                0x08005c14                SEGGER_RTT_WriteNoLock
 .text.SEGGER_RTT_Write
                0x08005c8c       0x3c Src/SEGGER_RTT/libRTT.a(SEGGER_RTT.c.obj)
                0x08005c8c                SEGGER_RTT_Write
 .text.Usart_Init
                0x08005cc8      0x1e8 USART/libserial.a(Serial.c.obj)
                0x08005cc8                Usart_Init
 .text.DMA1_Channel7_IRQHandler
                0x08005eb0       0x20 USART/libserial.a(Serial.c.obj)
                0x08005eb0                DMA1_Channel7_IRQHandler
 .text.getUartByte
                0x08005ed0       0x48 USART/libserial.a(Serial.c.obj)
                0x08005ed0                getUartByte
 .text.sendUartBytes
                0x08005f18       0x4c USART/libserial.a(Serial.c.obj)
                0x08005f18                sendUartBytes
 .text.NVIC_Init
                0x08005f64       0x64 stm32-libs/src/libstm32Libs.a(misc.c.obj)
                0x08005f64                NVIC_Init
 .text.DMA_DeInit
                0x08005fc8      0x128 stm32-libs/src/libstm32Libs.a(stm32f10x_dma.c.obj)
                0x08005fc8                DMA_DeInit
 .text.DMA_Init
                0x080060f0       0x3e stm32-libs/src/libstm32Libs.a(stm32f10x_dma.c.obj)
                0x080060f0                DMA_Init
 .text.DMA_Cmd  0x0800612e       0x1a stm32-libs/src/libstm32Libs.a(stm32f10x_dma.c.obj)
                0x0800612e                DMA_Cmd
 .text.DMA_ITConfig
                0x08006148       0x14 stm32-libs/src/libstm32Libs.a(stm32f10x_dma.c.obj)
                0x08006148                DMA_ITConfig
 .text.DMA_SetCurrDataCounter
                0x0800615c        0x4 stm32-libs/src/libstm32Libs.a(stm32f10x_dma.c.obj)
                0x0800615c                DMA_SetCurrDataCounter
 .text.DMA_ClearFlag
                0x08006160       0x1c stm32-libs/src/libstm32Libs.a(stm32f10x_dma.c.obj)
                0x08006160                DMA_ClearFlag
 .text.DMA_GetITStatus
                0x0800617c       0x24 stm32-libs/src/libstm32Libs.a(stm32f10x_dma.c.obj)
                0x0800617c                DMA_GetITStatus
 .text.DMA_ClearITPendingBit
                0x080061a0       0x1c stm32-libs/src/libstm32Libs.a(stm32f10x_dma.c.obj)
                0x080061a0                DMA_ClearITPendingBit
 .text.USART_Init
                0x080061bc       0xc8 stm32-libs/src/libstm32Libs.a(stm32f10x_usart.c.obj)
                0x080061bc                USART_Init
 .text.USART_Cmd
                0x08006284       0x1c stm32-libs/src/libstm32Libs.a(stm32f10x_usart.c.obj)
                0x08006284                USART_Cmd
 .text.USART_DMACmd
                0x080062a0       0x18 stm32-libs/src/libstm32Libs.a(stm32f10x_usart.c.obj)
                0x080062a0                USART_DMACmd
 .text.USART_ClearFlag
                0x080062b8        0x8 stm32-libs/src/libstm32Libs.a(stm32f10x_usart.c.obj)
                0x080062b8                USART_ClearFlag
 .text.USART_ClearITPendingBit
                0x080062c0       0x10 stm32-libs/src/libstm32Libs.a(stm32f10x_usart.c.obj)
                0x080062c0                USART_ClearITPendingBit
 .text.memcpy   0x080062d0       0x1c d:/clion_stm32/gcc-arm-none-eabi-10.3-2021.10/bin/../lib/gcc/arm-none-eabi/10.3.1/../../../../arm-none-eabi/lib/thumb/v7-m/nofp\libg_nano.a(lib_a-memcpy-stub.o)
                0x080062d0                memcpy
 .text.memset   0x080062ec       0x10 d:/clion_stm32/gcc-arm-none-eabi-10.3-2021.10/bin/../lib/gcc/arm-none-eabi/10.3.1/../../../../arm-none-eabi/lib/thumb/v7-m/nofp\libg_nano.a(lib_a-memset.o)
                0x080062ec                memset
 *(.glue_7)
 .glue_7        0x080062fc        0x0 linker stubs
 *(.glue_7t)
 .glue_7t       0x080062fc        0x0 linker stubs
 *(.eh_frame)
 .eh_frame      0x080062fc        0x0 d:/clion_stm32/gcc-arm-none-eabi-10.3-2021.10/bin/../lib/gcc/arm-none-eabi/10.3.1/thumb/v7-m/nofp/crtbegin.o
 *(.init)
 .init          0x080062fc        0x4 d:/clion_stm32/gcc-arm-none-eabi-10.3-2021.10/bin/../lib/gcc/arm-none-eabi/10.3.1/thumb/v7-m/nofp/crti.o
                0x080062fc                _init
 .init          0x08006300        0x8 d:/clion_stm32/gcc-arm-none-eabi-10.3-2021.10/bin/../lib/gcc/arm-none-eabi/10.3.1/thumb/v7-m/nofp/crtn.o
 *(.fini)
 .fini          0x08006308        0x4 d:/clion_stm32/gcc-arm-none-eabi-10.3-2021.10/bin/../lib/gcc/arm-none-eabi/10.3.1/thumb/v7-m/nofp/crti.o
                0x08006308                _fini
 .fini          0x0800630c        0x8 d:/clion_stm32/gcc-arm-none-eabi-10.3-2021.10/bin/../lib/gcc/arm-none-eabi/10.3.1/thumb/v7-m/nofp/crtn.o
                0x08006314                __AMOVLinkCBTab_start = .
 *(.AMOVLinkCBTab)
 .AMOVLinkCBTab
                0x08006314        0x4 CMakeFiles/SU17IAR_app.elf.dir/Src/main_app.c.obj
                0x08006314                iapCB
                0x08006318                __AMOVLinkCBTab_end = .
                0x08006318                . = ALIGN (0x4)
                0x08006318                _etext = .

.vfp11_veneer   0x08006318        0x0
 .vfp11_veneer  0x08006318        0x0 linker stubs

.v4_bx          0x08006318        0x0
 .v4_bx         0x08006318        0x0 linker stubs

.iplt           0x08006318        0x0
 .iplt          0x08006318        0x0 d:/clion_stm32/gcc-arm-none-eabi-10.3-2021.10/bin/../lib/gcc/arm-none-eabi/10.3.1/thumb/v7-m/nofp/crtbegin.o

.rodata         0x08006318      0x258
                0x08006318                . = ALIGN (0x4)
 *(.rodata)
 *(.rodata*)
 .rodata.getMessage.str1.4
                0x08006318        0x4 CMakeFiles/SU17IAR_app.elf.dir/Src/main_app.c.obj
 .rodata.str1.4
                0x0800631c       0x18 stm32IAP/src/libstm32iap.a(iap.c.obj)
 .rodata.amovLinkCbScan.str1.4
                0x08006334        0x8 amovLink/src/libamovlink.a(amovlink_route.c.obj)
 .rodata.amovLinkHandle.str1.4
                0x0800633c        0x4 amovLink/src/libamovlink.a(amovlink_route.c.obj)
 .rodata.amovLinkCrc16Tab
                0x08006340      0x200 amovLink/src/libamovlink.a(amovlink_check.c.obj)
 .rodata._aV2C.0
                0x08006540       0x10 Src/SEGGER_RTT/libRTT.a(SEGGER_RTT_printf.c.obj)
 .rodata._DoInit.str1.4
                0x08006550        0x9 Src/SEGGER_RTT/libRTT.a(SEGGER_RTT.c.obj)
 *fill*         0x08006559        0x3 
 .rodata._aInitStr.0
                0x0800655c       0x11 Src/SEGGER_RTT/libRTT.a(SEGGER_RTT.c.obj)
                0x08006570                . = ALIGN (0x4)
 *fill*         0x0800656d        0x3 

.rel.dyn        0x08006570        0x0
 .rel.iplt      0x08006570        0x0 d:/clion_stm32/gcc-arm-none-eabi-10.3-2021.10/bin/../lib/gcc/arm-none-eabi/10.3.1/thumb/v7-m/nofp/crtbegin.o

.ARM.extab
 *(.ARM.extab* .gnu.linkonce.armextab.*)

.ARM            0x08006570        0x0
                0x08006570                __exidx_start = .
 *(.ARM.exidx*)
                0x08006570                __exidx_end = .

.preinit_array  0x08006570        0x0
                0x08006570                PROVIDE (__preinit_array_start = .)
 *(.preinit_array*)
                0x08006570                PROVIDE (__preinit_array_end = .)

.init_array     0x08006570        0x4
                0x08006570                PROVIDE (__init_array_start = .)
 *(SORT_BY_NAME(.init_array.*))
 *(.init_array*)
 .init_array    0x08006570        0x4 d:/clion_stm32/gcc-arm-none-eabi-10.3-2021.10/bin/../lib/gcc/arm-none-eabi/10.3.1/thumb/v7-m/nofp/crtbegin.o
                0x08006574                PROVIDE (__init_array_end = .)

.fini_array     0x08006574        0x4
                [!provide]                PROVIDE (__fini_array_start = .)
 *(SORT_BY_NAME(.fini_array.*))
 *(.fini_array*)
 .fini_array    0x08006574        0x4 d:/clion_stm32/gcc-arm-none-eabi-10.3-2021.10/bin/../lib/gcc/arm-none-eabi/10.3.1/thumb/v7-m/nofp/crtbegin.o
                [!provide]                PROVIDE (__fini_array_end = .)
                0x08006578                __app_end = .
                0x00002178                __size = (__app_end - __app_start)
                0x08006578                _sidata = LOADADDR (.data)

.data           0x20000000       0x3c load address 0x08006578
                0x20000000                . = ALIGN (0x4)
                0x20000000                _sdata = .
 *(.data)
 *(.data*)
 .data.IIC_DEV  0x20000000       0x10 CMakeFiles/SU17IAR_app.elf.dir/Src/LM3644YFFR/LM3644YFFR.c.obj
                0x20000000                IIC_DEV
 .data.IICRE_DEV
                0x20000010       0x10 CMakeFiles/SU17IAR_app.elf.dir/Src/LM3644YFFR/LM3644YFFRRE.c.obj
                0x20000010                IICRE_DEV
 .data.ADCPrescTable
                0x20000020        0x4 stm32-libs/src/libstm32Libs.a(stm32f10x_rcc.c.obj)
 .data.APBAHBPrescTable
                0x20000024       0x10 stm32-libs/src/libstm32Libs.a(stm32f10x_rcc.c.obj)
 .data.softInfo
                0x20000034        0x4 stm32IAP/src/libstm32iap.a(iap.c.obj)
                0x20000034                softInfo
 .data.pDmaDataOut.0
                0x20000038        0x4 USART/libserial.a(Serial.c.obj)
                0x2000003c                . = ALIGN (0x4)
                0x2000003c                _edata = .

.igot.plt       0x2000003c        0x0 load address 0x080065b4
 .igot.plt      0x2000003c        0x0 d:/clion_stm32/gcc-arm-none-eabi-10.3-2021.10/bin/../lib/gcc/arm-none-eabi/10.3.1/thumb/v7-m/nofp/crtbegin.o
                0x2000003c                . = ALIGN (0x4)

.bss            0x2000003c     0x21b4 load address 0x080065b4
                0x2000003c                _sbss = .
                0x2000003c                __bss_start__ = _sbss
 *(.bss)
 .bss           0x2000003c       0x1c d:/clion_stm32/gcc-arm-none-eabi-10.3-2021.10/bin/../lib/gcc/arm-none-eabi/10.3.1/thumb/v7-m/nofp/crtbegin.o
 *(.bss*)
 .bss.amov_message
                0x20000058       0x44 CMakeFiles/SU17IAR_app.elf.dir/Src/main_app.c.obj
 .bss.flage     0x2000009c        0x1 CMakeFiles/SU17IAR_app.elf.dir/Src/main_app.c.obj
                0x2000009c                flage
 *fill*         0x2000009d        0x3 
 .bss.sysmsg.0  0x200000a0       0x44 CMakeFiles/SU17IAR_app.elf.dir/Src/main_app.c.obj
 .bss.iapTCB    0x200000e4        0xc stm32IAP/src/libstm32iap.a(iap.c.obj)
 .bss.message.0
                0x200000f0       0x44 stm32IAP/src/libstm32iap.a(iap.c.obj)
 .bss.amovLinkIos
                0x20000134        0xc amovLink/src/libamovlink.a(amovlink_route.c.obj)
 .bss.amovRouteList
                0x20000140      0x7f8 amovLink/src/libamovlink.a(amovlink_route.c.obj)
 .bss.temp.0    0x20000938      0x800 amovLink/src/libamovlink.a(amovlink_route.c.obj)
 .bss._SEGGER_RTT
                0x20001138       0xa8 Src/SEGGER_RTT/libRTT.a(SEGGER_RTT.c.obj)
                0x20001138                _SEGGER_RTT
 .bss._acDownBuffer
                0x200011e0       0x10 Src/SEGGER_RTT/libRTT.a(SEGGER_RTT.c.obj)
 .bss._acUpBuffer
                0x200011f0      0x400 Src/SEGGER_RTT/libRTT.a(SEGGER_RTT.c.obj)
 .bss.uart2RecvData
                0x200015f0      0x800 USART/libserial.a(Serial.c.obj)
                0x200015f0                uart2RecvData
 .bss.uart2SendData
                0x20001df0      0x400 USART/libserial.a(Serial.c.obj)
                0x20001df0                uart2SendData
 *(COMMON)
                0x200021f0                . = ALIGN (0x4)
                0x200021f0                _ebss = .
                0x200021f0                __bss_end__ = _ebss

._user_heap_stack
                0x200021f0      0xa00 load address 0x080065b4
                0x200021f0                . = ALIGN (0x8)
                [!provide]                PROVIDE (end = .)
                [!provide]                PROVIDE (_end = .)
                0x200023f0                . = (. + _Min_Heap_Size)
 *fill*         0x200021f0      0x200 
                0x20002bf0                . = (. + _Min_Stack_Size)
 *fill*         0x200023f0      0x800 
                0x20002bf0                . = ALIGN (0x8)

/DISCARD/
 libc.a(*)
 libm.a(*)
 libgcc.a(*)

.ARM.attributes
                0x00000000       0x29
 *(.ARM.attributes)
 .ARM.attributes
                0x00000000       0x1d d:/clion_stm32/gcc-arm-none-eabi-10.3-2021.10/bin/../lib/gcc/arm-none-eabi/10.3.1/thumb/v7-m/nofp/crti.o
 .ARM.attributes
                0x0000001d       0x2d d:/clion_stm32/gcc-arm-none-eabi-10.3-2021.10/bin/../lib/gcc/arm-none-eabi/10.3.1/thumb/v7-m/nofp/crtbegin.o
 .ARM.attributes
                0x0000004a       0x2d CMakeFiles/SU17IAR_app.elf.dir/Src/main_app.c.obj
 .ARM.attributes
                0x00000077       0x2d CMakeFiles/SU17IAR_app.elf.dir/Src/LM3644YFFR/IIC.c.obj
 .ARM.attributes
                0x000000a4       0x2d CMakeFiles/SU17IAR_app.elf.dir/Src/LM3644YFFR/LM3644YFFR.c.obj
 .ARM.attributes
                0x000000d1       0x2d CMakeFiles/SU17IAR_app.elf.dir/Src/LM3644YFFR/LM3644YFFRRE.c.obj
 .ARM.attributes
                0x000000fe       0x2d CMakeFiles/SU17IAR_app.elf.dir/Src/delay/Delay.c.obj
 .ARM.attributes
                0x0000012b       0x2d CMakeFiles/SU17IAR_app.elf.dir/Src/port/port_dev.c.obj
 .ARM.attributes
                0x00000158       0x2d stm32-libs/src/libstm32Libs.a(stm32f10x_gpio.c.obj)
 .ARM.attributes
                0x00000185       0x2d stm32-libs/src/libstm32Libs.a(stm32f10x_rcc.c.obj)
 .ARM.attributes
                0x000001b2       0x21 stm32-libs/src/libstm32Libs.a(startup_stm32f10x_hd.s.obj)
 .ARM.attributes
                0x000001d3       0x2d stm32-libs/src/libstm32Libs.a(system_stm32f10x.c.obj)
 .ARM.attributes
                0x00000200       0x2d stm32IAP/src/libstm32iap.a(iap.c.obj)
 .ARM.attributes
                0x0000022d       0x2d amovLink/src/libamovlink.a(amovlink_route.c.obj)
 .ARM.attributes
                0x0000025a       0x2d amovLink/src/libamovlink.a(amovlink_coder.c.obj)
 .ARM.attributes
                0x00000287       0x2d amovLink/src/libamovlink.a(amovlink_decoder.c.obj)
 .ARM.attributes
                0x000002b4       0x2d amovLink/src/libamovlink.a(amovlink_check.c.obj)
 .ARM.attributes
                0x000002e1       0x2d Src/SEGGER_RTT/libRTT.a(SEGGER_RTT_printf.c.obj)
 .ARM.attributes
                0x0000030e       0x2d Src/SEGGER_RTT/libRTT.a(SEGGER_RTT.c.obj)
 .ARM.attributes
                0x0000033b       0x2d USART/libserial.a(Serial.c.obj)
 .ARM.attributes
                0x00000368       0x2d stm32-libs/src/libstm32Libs.a(misc.c.obj)
 .ARM.attributes
                0x00000395       0x2d stm32-libs/src/libstm32Libs.a(stm32f10x_dma.c.obj)
 .ARM.attributes
                0x000003c2       0x2d stm32-libs/src/libstm32Libs.a(stm32f10x_usart.c.obj)
 .ARM.attributes
                0x000003ef       0x2d d:/clion_stm32/gcc-arm-none-eabi-10.3-2021.10/bin/../lib/gcc/arm-none-eabi/10.3.1/../../../../arm-none-eabi/lib/thumb/v7-m/nofp\libg_nano.a(lib_a-memcpy-stub.o)
 .ARM.attributes
                0x0000041c       0x2d d:/clion_stm32/gcc-arm-none-eabi-10.3-2021.10/bin/../lib/gcc/arm-none-eabi/10.3.1/../../../../arm-none-eabi/lib/thumb/v7-m/nofp\libg_nano.a(lib_a-memset.o)
 .ARM.attributes
                0x00000449       0x17 d:/clion_stm32/gcc-arm-none-eabi-10.3-2021.10/bin/../lib/gcc/arm-none-eabi/10.3.1/../../../../arm-none-eabi/lib/thumb/v7-m/nofp\libg_nano.a(lib_a-strlen.o)
 .ARM.attributes
                0x00000460       0x1d d:/clion_stm32/gcc-arm-none-eabi-10.3-2021.10/bin/../lib/gcc/arm-none-eabi/10.3.1/thumb/v7-m/nofp/crtn.o
OUTPUT(SU17IAR_app.elf elf32-littlearm)
LOAD linker stubs
LOAD d:/clion_stm32/gcc-arm-none-eabi-10.3-2021.10/bin/../lib/gcc/arm-none-eabi/10.3.1/../../../../arm-none-eabi/lib/thumb/v7-m/nofp\libc.a
LOAD d:/clion_stm32/gcc-arm-none-eabi-10.3-2021.10/bin/../lib/gcc/arm-none-eabi/10.3.1/../../../../arm-none-eabi/lib/thumb/v7-m/nofp\libm.a
LOAD d:/clion_stm32/gcc-arm-none-eabi-10.3-2021.10/bin/../lib/gcc/arm-none-eabi/10.3.1/thumb/v7-m/nofp\libgcc.a

.debug_info     0x00000000     0x9a39
 .debug_info    0x00000000      0x68e CMakeFiles/SU17IAR_app.elf.dir/Src/main_app.c.obj
 .debug_info    0x0000068e      0x423 CMakeFiles/SU17IAR_app.elf.dir/Src/LM3644YFFR/IIC.c.obj
 .debug_info    0x00000ab1      0x7f4 CMakeFiles/SU17IAR_app.elf.dir/Src/LM3644YFFR/LM3644YFFR.c.obj
 .debug_info    0x000012a5      0x7f2 CMakeFiles/SU17IAR_app.elf.dir/Src/LM3644YFFR/LM3644YFFRRE.c.obj
 .debug_info    0x00001a97      0x1a6 CMakeFiles/SU17IAR_app.elf.dir/Src/delay/Delay.c.obj
 .debug_info    0x00001c3d      0x56e CMakeFiles/SU17IAR_app.elf.dir/Src/port/port_dev.c.obj
 .debug_info    0x000021ab      0x922 stm32-libs/src/libstm32Libs.a(stm32f10x_gpio.c.obj)
 .debug_info    0x00002acd      0x983 stm32-libs/src/libstm32Libs.a(stm32f10x_rcc.c.obj)
 .debug_info    0x00003450       0x22 stm32-libs/src/libstm32Libs.a(startup_stm32f10x_hd.s.obj)
 .debug_info    0x00003472      0x4e1 stm32-libs/src/libstm32Libs.a(system_stm32f10x.c.obj)
 .debug_info    0x00003953      0x896 stm32IAP/src/libstm32iap.a(iap.c.obj)
 .debug_info    0x000041e9      0x842 amovLink/src/libamovlink.a(amovlink_route.c.obj)
 .debug_info    0x00004a2b      0x399 amovLink/src/libamovlink.a(amovlink_coder.c.obj)
 .debug_info    0x00004dc4      0x3f4 amovLink/src/libamovlink.a(amovlink_decoder.c.obj)
 .debug_info    0x000051b8      0x14f amovLink/src/libamovlink.a(amovlink_check.c.obj)
 .debug_info    0x00005307      0x6c0 Src/SEGGER_RTT/libRTT.a(SEGGER_RTT_printf.c.obj)
 .debug_info    0x000059c7     0x1e32 Src/SEGGER_RTT/libRTT.a(SEGGER_RTT.c.obj)
 .debug_info    0x000077f9      0xc00 USART/libserial.a(Serial.c.obj)
 .debug_info    0x000083f9      0x580 stm32-libs/src/libstm32Libs.a(misc.c.obj)
 .debug_info    0x00008979      0x4b4 stm32-libs/src/libstm32Libs.a(stm32f10x_dma.c.obj)
 .debug_info    0x00008e2d      0xc0c stm32-libs/src/libstm32Libs.a(stm32f10x_usart.c.obj)

.debug_abbrev   0x00000000     0x2369
 .debug_abbrev  0x00000000      0x20f CMakeFiles/SU17IAR_app.elf.dir/Src/main_app.c.obj
 .debug_abbrev  0x0000020f      0x14b CMakeFiles/SU17IAR_app.elf.dir/Src/LM3644YFFR/IIC.c.obj
 .debug_abbrev  0x0000035a      0x1cc CMakeFiles/SU17IAR_app.elf.dir/Src/LM3644YFFR/LM3644YFFR.c.obj
 .debug_abbrev  0x00000526      0x1cc CMakeFiles/SU17IAR_app.elf.dir/Src/LM3644YFFR/LM3644YFFRRE.c.obj
 .debug_abbrev  0x000006f2       0xeb CMakeFiles/SU17IAR_app.elf.dir/Src/delay/Delay.c.obj
 .debug_abbrev  0x000007dd      0x17c CMakeFiles/SU17IAR_app.elf.dir/Src/port/port_dev.c.obj
 .debug_abbrev  0x00000959      0x223 stm32-libs/src/libstm32Libs.a(stm32f10x_gpio.c.obj)
 .debug_abbrev  0x00000b7c      0x207 stm32-libs/src/libstm32Libs.a(stm32f10x_rcc.c.obj)
 .debug_abbrev  0x00000d83       0x12 stm32-libs/src/libstm32Libs.a(startup_stm32f10x_hd.s.obj)
 .debug_abbrev  0x00000d95      0x18a stm32-libs/src/libstm32Libs.a(system_stm32f10x.c.obj)
 .debug_abbrev  0x00000f1f      0x215 stm32IAP/src/libstm32iap.a(iap.c.obj)
 .debug_abbrev  0x00001134      0x2f6 amovLink/src/libamovlink.a(amovlink_route.c.obj)
 .debug_abbrev  0x0000142a      0x178 amovLink/src/libamovlink.a(amovlink_coder.c.obj)
 .debug_abbrev  0x000015a2      0x199 amovLink/src/libamovlink.a(amovlink_decoder.c.obj)
 .debug_abbrev  0x0000173b       0xc6 amovLink/src/libamovlink.a(amovlink_check.c.obj)
 .debug_abbrev  0x00001801      0x1fb Src/SEGGER_RTT/libRTT.a(SEGGER_RTT_printf.c.obj)
 .debug_abbrev  0x000019fc      0x22a Src/SEGGER_RTT/libRTT.a(SEGGER_RTT.c.obj)
 .debug_abbrev  0x00001c26      0x23b USART/libserial.a(Serial.c.obj)
 .debug_abbrev  0x00001e61      0x18a stm32-libs/src/libstm32Libs.a(misc.c.obj)
 .debug_abbrev  0x00001feb      0x19f stm32-libs/src/libstm32Libs.a(stm32f10x_dma.c.obj)
 .debug_abbrev  0x0000218a      0x1df stm32-libs/src/libstm32Libs.a(stm32f10x_usart.c.obj)

.debug_loc      0x00000000     0x58be
 .debug_loc     0x00000000       0xb7 CMakeFiles/SU17IAR_app.elf.dir/Src/main_app.c.obj
 .debug_loc     0x000000b7      0x1f8 CMakeFiles/SU17IAR_app.elf.dir/Src/LM3644YFFR/IIC.c.obj
 .debug_loc     0x000002af      0x16c CMakeFiles/SU17IAR_app.elf.dir/Src/LM3644YFFR/LM3644YFFR.c.obj
 .debug_loc     0x0000041b      0x16c CMakeFiles/SU17IAR_app.elf.dir/Src/LM3644YFFR/LM3644YFFRRE.c.obj
 .debug_loc     0x00000587       0xbb CMakeFiles/SU17IAR_app.elf.dir/Src/delay/Delay.c.obj
 .debug_loc     0x00000642       0xbe CMakeFiles/SU17IAR_app.elf.dir/Src/port/port_dev.c.obj
 .debug_loc     0x00000700      0x62c stm32-libs/src/libstm32Libs.a(stm32f10x_gpio.c.obj)
 .debug_loc     0x00000d2c      0x654 stm32-libs/src/libstm32Libs.a(stm32f10x_rcc.c.obj)
 .debug_loc     0x00001380       0xff stm32-libs/src/libstm32Libs.a(system_stm32f10x.c.obj)
 .debug_loc     0x0000147f       0xbf stm32IAP/src/libstm32iap.a(iap.c.obj)
 .debug_loc     0x0000153e      0x569 amovLink/src/libamovlink.a(amovlink_route.c.obj)
 .debug_loc     0x00001aa7       0xce amovLink/src/libamovlink.a(amovlink_coder.c.obj)
 .debug_loc     0x00001b75      0x29d amovLink/src/libamovlink.a(amovlink_decoder.c.obj)
 .debug_loc     0x00001e12       0x76 amovLink/src/libamovlink.a(amovlink_check.c.obj)
 .debug_loc     0x00001e88      0x754 Src/SEGGER_RTT/libRTT.a(SEGGER_RTT_printf.c.obj)
 .debug_loc     0x000025dc     0x2660 Src/SEGGER_RTT/libRTT.a(SEGGER_RTT.c.obj)
 .debug_loc     0x00004c3c       0xfe USART/libserial.a(Serial.c.obj)
 .debug_loc     0x00004d3a      0x16b stm32-libs/src/libstm32Libs.a(misc.c.obj)
 .debug_loc     0x00004ea5      0x1f8 stm32-libs/src/libstm32Libs.a(stm32f10x_dma.c.obj)
 .debug_loc     0x0000509d      0x821 stm32-libs/src/libstm32Libs.a(stm32f10x_usart.c.obj)

.debug_aranges  0x00000000      0x888
 .debug_aranges
                0x00000000       0x48 CMakeFiles/SU17IAR_app.elf.dir/Src/main_app.c.obj
 .debug_aranges
                0x00000048       0x50 CMakeFiles/SU17IAR_app.elf.dir/Src/LM3644YFFR/IIC.c.obj
 .debug_aranges
                0x00000098       0x78 CMakeFiles/SU17IAR_app.elf.dir/Src/LM3644YFFR/LM3644YFFR.c.obj
 .debug_aranges
                0x00000110       0x78 CMakeFiles/SU17IAR_app.elf.dir/Src/LM3644YFFR/LM3644YFFRRE.c.obj
 .debug_aranges
                0x00000188       0x38 CMakeFiles/SU17IAR_app.elf.dir/Src/delay/Delay.c.obj
 .debug_aranges
                0x000001c0       0x58 CMakeFiles/SU17IAR_app.elf.dir/Src/port/port_dev.c.obj
 .debug_aranges
                0x00000218       0xa8 stm32-libs/src/libstm32Libs.a(stm32f10x_gpio.c.obj)
 .debug_aranges
                0x000002c0      0x118 stm32-libs/src/libstm32Libs.a(stm32f10x_rcc.c.obj)
 .debug_aranges
                0x000003d8       0x28 stm32-libs/src/libstm32Libs.a(startup_stm32f10x_hd.s.obj)
 .debug_aranges
                0x00000400       0x38 stm32-libs/src/libstm32Libs.a(system_stm32f10x.c.obj)
 .debug_aranges
                0x00000438       0x30 stm32IAP/src/libstm32iap.a(iap.c.obj)
 .debug_aranges
                0x00000468       0x58 amovLink/src/libamovlink.a(amovlink_route.c.obj)
 .debug_aranges
                0x000004c0       0x20 amovLink/src/libamovlink.a(amovlink_coder.c.obj)
 .debug_aranges
                0x000004e0       0x28 amovLink/src/libamovlink.a(amovlink_decoder.c.obj)
 .debug_aranges
                0x00000508       0x20 amovLink/src/libamovlink.a(amovlink_check.c.obj)
 .debug_aranges
                0x00000528       0x40 Src/SEGGER_RTT/libRTT.a(SEGGER_RTT_printf.c.obj)
 .debug_aranges
                0x00000568      0x138 Src/SEGGER_RTT/libRTT.a(SEGGER_RTT.c.obj)
 .debug_aranges
                0x000006a0       0x38 USART/libserial.a(Serial.c.obj)
 .debug_aranges
                0x000006d8       0x40 stm32-libs/src/libstm32Libs.a(misc.c.obj)
 .debug_aranges
                0x00000718       0x70 stm32-libs/src/libstm32Libs.a(stm32f10x_dma.c.obj)
 .debug_aranges
                0x00000788      0x100 stm32-libs/src/libstm32Libs.a(stm32f10x_usart.c.obj)

.debug_ranges   0x00000000      0x978
 .debug_ranges  0x00000000       0x38 CMakeFiles/SU17IAR_app.elf.dir/Src/main_app.c.obj
 .debug_ranges  0x00000038       0x40 CMakeFiles/SU17IAR_app.elf.dir/Src/LM3644YFFR/IIC.c.obj
 .debug_ranges  0x00000078       0x68 CMakeFiles/SU17IAR_app.elf.dir/Src/LM3644YFFR/LM3644YFFR.c.obj
 .debug_ranges  0x000000e0       0x68 CMakeFiles/SU17IAR_app.elf.dir/Src/LM3644YFFR/LM3644YFFRRE.c.obj
 .debug_ranges  0x00000148       0x28 CMakeFiles/SU17IAR_app.elf.dir/Src/delay/Delay.c.obj
 .debug_ranges  0x00000170       0x48 CMakeFiles/SU17IAR_app.elf.dir/Src/port/port_dev.c.obj
 .debug_ranges  0x000001b8       0x98 stm32-libs/src/libstm32Libs.a(stm32f10x_gpio.c.obj)
 .debug_ranges  0x00000250      0x108 stm32-libs/src/libstm32Libs.a(stm32f10x_rcc.c.obj)
 .debug_ranges  0x00000358       0x20 stm32-libs/src/libstm32Libs.a(startup_stm32f10x_hd.s.obj)
 .debug_ranges  0x00000378       0x28 stm32-libs/src/libstm32Libs.a(system_stm32f10x.c.obj)
 .debug_ranges  0x000003a0       0x20 stm32IAP/src/libstm32iap.a(iap.c.obj)
 .debug_ranges  0x000003c0       0x48 amovLink/src/libamovlink.a(amovlink_route.c.obj)
 .debug_ranges  0x00000408       0x10 amovLink/src/libamovlink.a(amovlink_coder.c.obj)
 .debug_ranges  0x00000418       0x18 amovLink/src/libamovlink.a(amovlink_decoder.c.obj)
 .debug_ranges  0x00000430       0x10 amovLink/src/libamovlink.a(amovlink_check.c.obj)
 .debug_ranges  0x00000440       0x30 Src/SEGGER_RTT/libRTT.a(SEGGER_RTT_printf.c.obj)
 .debug_ranges  0x00000470      0x360 Src/SEGGER_RTT/libRTT.a(SEGGER_RTT.c.obj)
 .debug_ranges  0x000007d0       0x28 USART/libserial.a(Serial.c.obj)
 .debug_ranges  0x000007f8       0x30 stm32-libs/src/libstm32Libs.a(misc.c.obj)
 .debug_ranges  0x00000828       0x60 stm32-libs/src/libstm32Libs.a(stm32f10x_dma.c.obj)
 .debug_ranges  0x00000888       0xf0 stm32-libs/src/libstm32Libs.a(stm32f10x_usart.c.obj)

.debug_macro    0x00000000    0x11069
 .debug_macro   0x00000000      0x3f6 CMakeFiles/SU17IAR_app.elf.dir/Src/main_app.c.obj
 .debug_macro   0x000003f6      0xaa8 CMakeFiles/SU17IAR_app.elf.dir/Src/main_app.c.obj
 .debug_macro   0x00000e9e       0x5c CMakeFiles/SU17IAR_app.elf.dir/Src/main_app.c.obj
 .debug_macro   0x00000efa       0x3a CMakeFiles/SU17IAR_app.elf.dir/Src/main_app.c.obj
 .debug_macro   0x00000f34       0x22 CMakeFiles/SU17IAR_app.elf.dir/Src/main_app.c.obj
 .debug_macro   0x00000f56       0x8e CMakeFiles/SU17IAR_app.elf.dir/Src/main_app.c.obj
 .debug_macro   0x00000fe4       0x51 CMakeFiles/SU17IAR_app.elf.dir/Src/main_app.c.obj
 .debug_macro   0x00001035      0x103 CMakeFiles/SU17IAR_app.elf.dir/Src/main_app.c.obj
 .debug_macro   0x00001138       0x6a CMakeFiles/SU17IAR_app.elf.dir/Src/main_app.c.obj
 .debug_macro   0x000011a2      0x1df CMakeFiles/SU17IAR_app.elf.dir/Src/main_app.c.obj
 .debug_macro   0x00001381       0x34 CMakeFiles/SU17IAR_app.elf.dir/Src/main_app.c.obj
 .debug_macro   0x000013b5      0xb6b CMakeFiles/SU17IAR_app.elf.dir/Src/main_app.c.obj
 .debug_macro   0x00001f20     0x7f62 CMakeFiles/SU17IAR_app.elf.dir/Src/main_app.c.obj
 .debug_macro   0x00009e82      0x2de CMakeFiles/SU17IAR_app.elf.dir/Src/main_app.c.obj
 .debug_macro   0x0000a160      0x144 CMakeFiles/SU17IAR_app.elf.dir/Src/main_app.c.obj
 .debug_macro   0x0000a2a4      0x3cf CMakeFiles/SU17IAR_app.elf.dir/Src/main_app.c.obj
 .debug_macro   0x0000a673       0xc8 CMakeFiles/SU17IAR_app.elf.dir/Src/main_app.c.obj
 .debug_macro   0x0000a73b      0x179 CMakeFiles/SU17IAR_app.elf.dir/Src/main_app.c.obj
 .debug_macro   0x0000a8b4       0xac CMakeFiles/SU17IAR_app.elf.dir/Src/main_app.c.obj
 .debug_macro   0x0000a960      0x3ad CMakeFiles/SU17IAR_app.elf.dir/Src/main_app.c.obj
 .debug_macro   0x0000ad0d       0x9a CMakeFiles/SU17IAR_app.elf.dir/Src/main_app.c.obj
 .debug_macro   0x0000ada7      0x2ce CMakeFiles/SU17IAR_app.elf.dir/Src/main_app.c.obj
 .debug_macro   0x0000b075      0x279 CMakeFiles/SU17IAR_app.elf.dir/Src/main_app.c.obj
 .debug_macro   0x0000b2ee      0x2ab CMakeFiles/SU17IAR_app.elf.dir/Src/main_app.c.obj
 .debug_macro   0x0000b599      0x2b1 CMakeFiles/SU17IAR_app.elf.dir/Src/main_app.c.obj
 .debug_macro   0x0000b84a       0x64 CMakeFiles/SU17IAR_app.elf.dir/Src/main_app.c.obj
 .debug_macro   0x0000b8ae       0x82 CMakeFiles/SU17IAR_app.elf.dir/Src/main_app.c.obj
 .debug_macro   0x0000b930      0x3e2 CMakeFiles/SU17IAR_app.elf.dir/Src/main_app.c.obj
 .debug_macro   0x0000bd12       0x58 CMakeFiles/SU17IAR_app.elf.dir/Src/main_app.c.obj
 .debug_macro   0x0000bd6a      0x341 CMakeFiles/SU17IAR_app.elf.dir/Src/main_app.c.obj
 .debug_macro   0x0000c0ab      0x2c3 CMakeFiles/SU17IAR_app.elf.dir/Src/main_app.c.obj
 .debug_macro   0x0000c36e      0x711 CMakeFiles/SU17IAR_app.elf.dir/Src/main_app.c.obj
 .debug_macro   0x0000ca7f      0x226 CMakeFiles/SU17IAR_app.elf.dir/Src/main_app.c.obj
 .debug_macro   0x0000cca5       0x34 CMakeFiles/SU17IAR_app.elf.dir/Src/main_app.c.obj
 .debug_macro   0x0000ccd9       0x8a CMakeFiles/SU17IAR_app.elf.dir/Src/main_app.c.obj
 .debug_macro   0x0000cd63       0x35 CMakeFiles/SU17IAR_app.elf.dir/Src/main_app.c.obj
 .debug_macro   0x0000cd98       0x49 CMakeFiles/SU17IAR_app.elf.dir/Src/main_app.c.obj
 .debug_macro   0x0000cde1       0x35 CMakeFiles/SU17IAR_app.elf.dir/Src/main_app.c.obj
 .debug_macro   0x0000ce16       0x18 CMakeFiles/SU17IAR_app.elf.dir/Src/main_app.c.obj
 .debug_macro   0x0000ce2e       0x64 CMakeFiles/SU17IAR_app.elf.dir/Src/main_app.c.obj
 .debug_macro   0x0000ce92       0x35 CMakeFiles/SU17IAR_app.elf.dir/Src/main_app.c.obj
 .debug_macro   0x0000cec7       0x34 CMakeFiles/SU17IAR_app.elf.dir/Src/main_app.c.obj
 .debug_macro   0x0000cefb       0x16 CMakeFiles/SU17IAR_app.elf.dir/Src/main_app.c.obj
 .debug_macro   0x0000cf11      0x10e CMakeFiles/SU17IAR_app.elf.dir/Src/main_app.c.obj
 .debug_macro   0x0000d01f       0x8d CMakeFiles/SU17IAR_app.elf.dir/Src/main_app.c.obj
 .debug_macro   0x0000d0ac       0x16 CMakeFiles/SU17IAR_app.elf.dir/Src/main_app.c.obj
 .debug_macro   0x0000d0c2       0x43 CMakeFiles/SU17IAR_app.elf.dir/Src/main_app.c.obj
 .debug_macro   0x0000d105       0x34 CMakeFiles/SU17IAR_app.elf.dir/Src/main_app.c.obj
 .debug_macro   0x0000d139       0x10 CMakeFiles/SU17IAR_app.elf.dir/Src/main_app.c.obj
 .debug_macro   0x0000d149       0x58 CMakeFiles/SU17IAR_app.elf.dir/Src/main_app.c.obj
 .debug_macro   0x0000d1a1      0x182 CMakeFiles/SU17IAR_app.elf.dir/Src/main_app.c.obj
 .debug_macro   0x0000d323      0x341 CMakeFiles/SU17IAR_app.elf.dir/Src/main_app.c.obj
 .debug_macro   0x0000d664       0x16 CMakeFiles/SU17IAR_app.elf.dir/Src/main_app.c.obj
 .debug_macro   0x0000d67a       0x29 CMakeFiles/SU17IAR_app.elf.dir/Src/main_app.c.obj
 .debug_macro   0x0000d6a3       0x58 CMakeFiles/SU17IAR_app.elf.dir/Src/main_app.c.obj
 .debug_macro   0x0000d6fb      0x138 CMakeFiles/SU17IAR_app.elf.dir/Src/main_app.c.obj
 .debug_macro   0x0000d833       0x22 CMakeFiles/SU17IAR_app.elf.dir/Src/main_app.c.obj
 .debug_macro   0x0000d855       0x10 CMakeFiles/SU17IAR_app.elf.dir/Src/main_app.c.obj
 .debug_macro   0x0000d865       0x5e CMakeFiles/SU17IAR_app.elf.dir/Src/main_app.c.obj
 .debug_macro   0x0000d8c3       0x4c CMakeFiles/SU17IAR_app.elf.dir/Src/main_app.c.obj
 .debug_macro   0x0000d90f       0x22 CMakeFiles/SU17IAR_app.elf.dir/Src/main_app.c.obj
 .debug_macro   0x0000d931       0x1c CMakeFiles/SU17IAR_app.elf.dir/Src/main_app.c.obj
 .debug_macro   0x0000d94d       0x35 CMakeFiles/SU17IAR_app.elf.dir/Src/main_app.c.obj
 .debug_macro   0x0000d982       0x10 CMakeFiles/SU17IAR_app.elf.dir/Src/main_app.c.obj
 .debug_macro   0x0000d992       0x1c CMakeFiles/SU17IAR_app.elf.dir/Src/main_app.c.obj
 .debug_macro   0x0000d9ae       0x52 CMakeFiles/SU17IAR_app.elf.dir/Src/main_app.c.obj
 .debug_macro   0x0000da00       0x22 CMakeFiles/SU17IAR_app.elf.dir/Src/main_app.c.obj
 .debug_macro   0x0000da22       0x10 CMakeFiles/SU17IAR_app.elf.dir/Src/main_app.c.obj
 .debug_macro   0x0000da32       0x52 CMakeFiles/SU17IAR_app.elf.dir/Src/main_app.c.obj
 .debug_macro   0x0000da84       0xd5 CMakeFiles/SU17IAR_app.elf.dir/Src/main_app.c.obj
 .debug_macro   0x0000db59       0x1c CMakeFiles/SU17IAR_app.elf.dir/Src/main_app.c.obj
 .debug_macro   0x0000db75       0x3d CMakeFiles/SU17IAR_app.elf.dir/Src/main_app.c.obj
 .debug_macro   0x0000dbb2       0x16 CMakeFiles/SU17IAR_app.elf.dir/Src/main_app.c.obj
 .debug_macro   0x0000dbc8      0x16f CMakeFiles/SU17IAR_app.elf.dir/Src/main_app.c.obj
 .debug_macro   0x0000dd37       0x16 CMakeFiles/SU17IAR_app.elf.dir/Src/main_app.c.obj
 .debug_macro   0x0000dd4d       0x16 CMakeFiles/SU17IAR_app.elf.dir/Src/main_app.c.obj
 .debug_macro   0x0000dd63      0x1bc CMakeFiles/SU17IAR_app.elf.dir/Src/LM3644YFFR/IIC.c.obj
 .debug_macro   0x0000df1f      0x1ed CMakeFiles/SU17IAR_app.elf.dir/Src/LM3644YFFR/LM3644YFFR.c.obj
 .debug_macro   0x0000e10c      0x1e3 CMakeFiles/SU17IAR_app.elf.dir/Src/LM3644YFFR/LM3644YFFRRE.c.obj
 .debug_macro   0x0000e2ef      0x1a5 CMakeFiles/SU17IAR_app.elf.dir/Src/delay/Delay.c.obj
 .debug_macro   0x0000e494      0x1c5 CMakeFiles/SU17IAR_app.elf.dir/Src/port/port_dev.c.obj
 .debug_macro   0x0000e659      0x1ed stm32-libs/src/libstm32Libs.a(stm32f10x_gpio.c.obj)
 .debug_macro   0x0000e846      0x2a5 stm32-libs/src/libstm32Libs.a(stm32f10x_gpio.c.obj)
 .debug_macro   0x0000eaeb      0x2b7 stm32-libs/src/libstm32Libs.a(stm32f10x_rcc.c.obj)
 .debug_macro   0x0000eda2      0x3dc stm32-libs/src/libstm32Libs.a(stm32f10x_rcc.c.obj)
 .debug_macro   0x0000f17e      0x19d stm32-libs/src/libstm32Libs.a(system_stm32f10x.c.obj)
 .debug_macro   0x0000f31b      0x13f stm32IAP/src/libstm32iap.a(iap.c.obj)
 .debug_macro   0x0000f45a      0x174 stm32IAP/src/libstm32iap.a(iap.c.obj)
 .debug_macro   0x0000f5ce       0x10 stm32IAP/src/libstm32iap.a(iap.c.obj)
 .debug_macro   0x0000f5de      0x1b8 amovLink/src/libamovlink.a(amovlink_route.c.obj)
 .debug_macro   0x0000f796      0x158 amovLink/src/libamovlink.a(amovlink_coder.c.obj)
 .debug_macro   0x0000f8ee      0x158 amovLink/src/libamovlink.a(amovlink_decoder.c.obj)
 .debug_macro   0x0000fa46       0x6d amovLink/src/libamovlink.a(amovlink_check.c.obj)
 .debug_macro   0x0000fab3      0x138 Src/SEGGER_RTT/libRTT.a(SEGGER_RTT_printf.c.obj)
 .debug_macro   0x0000fbeb       0x5e Src/SEGGER_RTT/libRTT.a(SEGGER_RTT_printf.c.obj)
 .debug_macro   0x0000fc49       0x94 Src/SEGGER_RTT/libRTT.a(SEGGER_RTT_printf.c.obj)
 .debug_macro   0x0000fcdd       0x57 Src/SEGGER_RTT/libRTT.a(SEGGER_RTT_printf.c.obj)
 .debug_macro   0x0000fd34      0x1a9 Src/SEGGER_RTT/libRTT.a(SEGGER_RTT.c.obj)
 .debug_macro   0x0000fedd      0x354 USART/libserial.a(Serial.c.obj)
 .debug_macro   0x00010231       0x16 USART/libserial.a(Serial.c.obj)
 .debug_macro   0x00010247       0x97 USART/libserial.a(Serial.c.obj)
 .debug_macro   0x000102de       0xfd USART/libserial.a(Serial.c.obj)
 .debug_macro   0x000103db       0x10 USART/libserial.a(Serial.c.obj)
 .debug_macro   0x000103eb       0x4c USART/libserial.a(Serial.c.obj)
 .debug_macro   0x00010437      0x1a1 stm32-libs/src/libstm32Libs.a(misc.c.obj)
 .debug_macro   0x000105d8       0x84 stm32-libs/src/libstm32Libs.a(misc.c.obj)
 .debug_macro   0x0001065c      0x1f3 stm32-libs/src/libstm32Libs.a(stm32f10x_dma.c.obj)
 .debug_macro   0x0001084f      0x3a7 stm32-libs/src/libstm32Libs.a(stm32f10x_dma.c.obj)
 .debug_macro   0x00010bf6      0x253 stm32-libs/src/libstm32Libs.a(stm32f10x_usart.c.obj)
 .debug_macro   0x00010e49      0x220 stm32-libs/src/libstm32Libs.a(stm32f10x_usart.c.obj)

.debug_line     0x00000000     0xa46c
 .debug_line    0x00000000      0x9d3 CMakeFiles/SU17IAR_app.elf.dir/Src/main_app.c.obj
 .debug_line    0x000009d3      0x852 CMakeFiles/SU17IAR_app.elf.dir/Src/LM3644YFFR/IIC.c.obj
 .debug_line    0x00001225      0x73a CMakeFiles/SU17IAR_app.elf.dir/Src/LM3644YFFR/LM3644YFFR.c.obj
 .debug_line    0x0000195f      0x72e CMakeFiles/SU17IAR_app.elf.dir/Src/LM3644YFFR/LM3644YFFRRE.c.obj
 .debug_line    0x0000208d      0x5da CMakeFiles/SU17IAR_app.elf.dir/Src/delay/Delay.c.obj
 .debug_line    0x00002667      0x6c3 CMakeFiles/SU17IAR_app.elf.dir/Src/port/port_dev.c.obj
 .debug_line    0x00002d2a      0xa25 stm32-libs/src/libstm32Libs.a(stm32f10x_gpio.c.obj)
 .debug_line    0x0000374f      0xbe7 stm32-libs/src/libstm32Libs.a(stm32f10x_rcc.c.obj)
 .debug_line    0x00004336       0xb0 stm32-libs/src/libstm32Libs.a(startup_stm32f10x_hd.s.obj)
 .debug_line    0x000043e6      0x71a stm32-libs/src/libstm32Libs.a(system_stm32f10x.c.obj)
 .debug_line    0x00004b00      0x3fb stm32IAP/src/libstm32iap.a(iap.c.obj)
 .debug_line    0x00004efb      0x887 amovLink/src/libamovlink.a(amovlink_route.c.obj)
 .debug_line    0x00005782      0x37f amovLink/src/libamovlink.a(amovlink_coder.c.obj)
 .debug_line    0x00005b01      0x513 amovLink/src/libamovlink.a(amovlink_decoder.c.obj)
 .debug_line    0x00006014      0x281 amovLink/src/libamovlink.a(amovlink_check.c.obj)
 .debug_line    0x00006295      0x86d Src/SEGGER_RTT/libRTT.a(SEGGER_RTT_printf.c.obj)
 .debug_line    0x00006b02     0x1655 Src/SEGGER_RTT/libRTT.a(SEGGER_RTT.c.obj)
 .debug_line    0x00008157      0x8aa USART/libserial.a(Serial.c.obj)
 .debug_line    0x00008a01      0x616 stm32-libs/src/libstm32Libs.a(misc.c.obj)
 .debug_line    0x00009017      0x857 stm32-libs/src/libstm32Libs.a(stm32f10x_dma.c.obj)
 .debug_line    0x0000986e      0xbfe stm32-libs/src/libstm32Libs.a(stm32f10x_usart.c.obj)

.debug_str      0x00000000    0x57b21
 .debug_str     0x00000000    0x5413c CMakeFiles/SU17IAR_app.elf.dir/Src/main_app.c.obj
                              0x54375 (size before relaxing)
 .debug_str     0x0005413c       0xad CMakeFiles/SU17IAR_app.elf.dir/Src/LM3644YFFR/IIC.c.obj
                              0x4f4dd (size before relaxing)
 .debug_str     0x000541e9      0x159 CMakeFiles/SU17IAR_app.elf.dir/Src/LM3644YFFR/LM3644YFFR.c.obj
                              0x4f807 (size before relaxing)
 .debug_str     0x00054342       0x7d CMakeFiles/SU17IAR_app.elf.dir/Src/LM3644YFFR/LM3644YFFRRE.c.obj
                              0x4f7ec (size before relaxing)
 .debug_str     0x000543bf       0x72 CMakeFiles/SU17IAR_app.elf.dir/Src/delay/Delay.c.obj
                              0x4f425 (size before relaxing)
 .debug_str     0x00054431      0x20c CMakeFiles/SU17IAR_app.elf.dir/Src/port/port_dev.c.obj
                              0x4f7cc (size before relaxing)
 .debug_str     0x0005463d      0x48e stm32-libs/src/libstm32Libs.a(stm32f10x_gpio.c.obj)
                              0x4f9e9 (size before relaxing)
 .debug_str     0x00054acb      0xb52 stm32-libs/src/libstm32Libs.a(stm32f10x_rcc.c.obj)
                              0x4ffb8 (size before relaxing)
 .debug_str     0x0005561d       0x63 stm32-libs/src/libstm32Libs.a(startup_stm32f10x_hd.s.obj)
                                 0x89 (size before relaxing)
 .debug_str     0x00055680      0x146 stm32-libs/src/libstm32Libs.a(system_stm32f10x.c.obj)
                              0x4f597 (size before relaxing)
 .debug_str     0x000557c6      0x1d8 stm32IAP/src/libstm32iap.a(iap.c.obj)
                               0x6a6a (size before relaxing)
 .debug_str     0x0005599e      0x171 amovLink/src/libamovlink.a(amovlink_route.c.obj)
                               0x79df (size before relaxing)
 .debug_str     0x00055b0f       0x6b amovLink/src/libamovlink.a(amovlink_coder.c.obj)
                               0x6b56 (size before relaxing)
 .debug_str     0x00055b7a       0x50 amovLink/src/libamovlink.a(amovlink_decoder.c.obj)
                               0x6b8c (size before relaxing)
 .debug_str     0x00055bca       0x4e amovLink/src/libamovlink.a(amovlink_check.c.obj)
                               0x3d0b (size before relaxing)
 .debug_str     0x00055c18      0x1a2 Src/SEGGER_RTT/libRTT.a(SEGGER_RTT_printf.c.obj)
                               0x6ba2 (size before relaxing)
 .debug_str     0x00055dba      0x7b0 Src/SEGGER_RTT/libRTT.a(SEGGER_RTT.c.obj)
                               0x71f1 (size before relaxing)
 .debug_str     0x0005656a      0x75a USART/libserial.a(Serial.c.obj)
                              0x53a13 (size before relaxing)
 .debug_str     0x00056cc4      0x16a stm32-libs/src/libstm32Libs.a(misc.c.obj)
                              0x4f660 (size before relaxing)
 .debug_str     0x00056e2e      0x5ac stm32-libs/src/libstm32Libs.a(stm32f10x_dma.c.obj)
                              0x4fb02 (size before relaxing)
 .debug_str     0x000573da      0x747 stm32-libs/src/libstm32Libs.a(stm32f10x_usart.c.obj)
                              0x4fd22 (size before relaxing)

.comment        0x00000000       0x49
 .comment       0x00000000       0x49 CMakeFiles/SU17IAR_app.elf.dir/Src/main_app.c.obj
                                 0x4a (size before relaxing)
 .comment       0x00000049       0x4a CMakeFiles/SU17IAR_app.elf.dir/Src/LM3644YFFR/IIC.c.obj
 .comment       0x00000049       0x4a CMakeFiles/SU17IAR_app.elf.dir/Src/LM3644YFFR/LM3644YFFR.c.obj
 .comment       0x00000049       0x4a CMakeFiles/SU17IAR_app.elf.dir/Src/LM3644YFFR/LM3644YFFRRE.c.obj
 .comment       0x00000049       0x4a CMakeFiles/SU17IAR_app.elf.dir/Src/delay/Delay.c.obj
 .comment       0x00000049       0x4a CMakeFiles/SU17IAR_app.elf.dir/Src/port/port_dev.c.obj
 .comment       0x00000049       0x4a stm32-libs/src/libstm32Libs.a(stm32f10x_gpio.c.obj)
 .comment       0x00000049       0x4a stm32-libs/src/libstm32Libs.a(stm32f10x_rcc.c.obj)
 .comment       0x00000049       0x4a stm32-libs/src/libstm32Libs.a(system_stm32f10x.c.obj)
 .comment       0x00000049       0x4a stm32IAP/src/libstm32iap.a(iap.c.obj)
 .comment       0x00000049       0x4a amovLink/src/libamovlink.a(amovlink_route.c.obj)
 .comment       0x00000049       0x4a amovLink/src/libamovlink.a(amovlink_coder.c.obj)
 .comment       0x00000049       0x4a amovLink/src/libamovlink.a(amovlink_decoder.c.obj)
 .comment       0x00000049       0x4a amovLink/src/libamovlink.a(amovlink_check.c.obj)
 .comment       0x00000049       0x4a Src/SEGGER_RTT/libRTT.a(SEGGER_RTT_printf.c.obj)
 .comment       0x00000049       0x4a Src/SEGGER_RTT/libRTT.a(SEGGER_RTT.c.obj)
 .comment       0x00000049       0x4a USART/libserial.a(Serial.c.obj)
 .comment       0x00000049       0x4a stm32-libs/src/libstm32Libs.a(misc.c.obj)
 .comment       0x00000049       0x4a stm32-libs/src/libstm32Libs.a(stm32f10x_dma.c.obj)
 .comment       0x00000049       0x4a stm32-libs/src/libstm32Libs.a(stm32f10x_usart.c.obj)

.debug_frame    0x00000000     0x13e8
 .debug_frame   0x00000000       0xa4 CMakeFiles/SU17IAR_app.elf.dir/Src/main_app.c.obj
 .debug_frame   0x000000a4       0xc8 CMakeFiles/SU17IAR_app.elf.dir/Src/LM3644YFFR/IIC.c.obj
 .debug_frame   0x0000016c      0x13c CMakeFiles/SU17IAR_app.elf.dir/Src/LM3644YFFR/LM3644YFFR.c.obj
 .debug_frame   0x000002a8      0x13c CMakeFiles/SU17IAR_app.elf.dir/Src/LM3644YFFR/LM3644YFFRRE.c.obj
 .debug_frame   0x000003e4       0x68 CMakeFiles/SU17IAR_app.elf.dir/Src/delay/Delay.c.obj
 .debug_frame   0x0000044c       0xec CMakeFiles/SU17IAR_app.elf.dir/Src/port/port_dev.c.obj
 .debug_frame   0x00000538      0x160 stm32-libs/src/libstm32Libs.a(stm32f10x_gpio.c.obj)
 .debug_frame   0x00000698      0x228 stm32-libs/src/libstm32Libs.a(stm32f10x_rcc.c.obj)
 .debug_frame   0x000008c0       0x6c stm32-libs/src/libstm32Libs.a(system_stm32f10x.c.obj)
 .debug_frame   0x0000092c       0x5c stm32IAP/src/libstm32iap.a(iap.c.obj)
 .debug_frame   0x00000988       0xdc amovLink/src/libamovlink.a(amovlink_route.c.obj)
 .debug_frame   0x00000a64       0x38 amovLink/src/libamovlink.a(amovlink_coder.c.obj)
 .debug_frame   0x00000a9c       0x48 amovLink/src/libamovlink.a(amovlink_decoder.c.obj)
 .debug_frame   0x00000ae4       0x2c amovLink/src/libamovlink.a(amovlink_check.c.obj)
 .debug_frame   0x00000b10       0xd4 Src/SEGGER_RTT/libRTT.a(SEGGER_RTT_printf.c.obj)
 .debug_frame   0x00000be4      0x40c Src/SEGGER_RTT/libRTT.a(SEGGER_RTT.c.obj)
 .debug_frame   0x00000ff0       0x80 USART/libserial.a(Serial.c.obj)
 .debug_frame   0x00001070       0x60 stm32-libs/src/libstm32Libs.a(misc.c.obj)
 .debug_frame   0x000010d0       0xcc stm32-libs/src/libstm32Libs.a(stm32f10x_dma.c.obj)
 .debug_frame   0x0000119c      0x204 stm32-libs/src/libstm32Libs.a(stm32f10x_usart.c.obj)
 .debug_frame   0x000013a0       0x28 d:/clion_stm32/gcc-arm-none-eabi-10.3-2021.10/bin/../lib/gcc/arm-none-eabi/10.3.1/../../../../arm-none-eabi/lib/thumb/v7-m/nofp\libg_nano.a(lib_a-memcpy-stub.o)
 .debug_frame   0x000013c8       0x20 d:/clion_stm32/gcc-arm-none-eabi-10.3-2021.10/bin/../lib/gcc/arm-none-eabi/10.3.1/../../../../arm-none-eabi/lib/thumb/v7-m/nofp\libg_nano.a(lib_a-memset.o)

Cross Reference Table

Symbol                                            File
ADC1_2_IRQHandler                                 stm32-libs/src/libstm32Libs.a(startup_stm32f10x_hd.s.obj)
ADC3_IRQHandler                                   stm32-libs/src/libstm32Libs.a(startup_stm32f10x_hd.s.obj)
AHBPrescTable                                     stm32-libs/src/libstm32Libs.a(system_stm32f10x.c.obj)
BusFault_Handler                                  stm32-libs/src/libstm32Libs.a(startup_stm32f10x_hd.s.obj)
CAN1_RX1_IRQHandler                               stm32-libs/src/libstm32Libs.a(startup_stm32f10x_hd.s.obj)
CAN1_SCE_IRQHandler                               stm32-libs/src/libstm32Libs.a(startup_stm32f10x_hd.s.obj)
DMA1_Channel1_IRQHandler                          stm32-libs/src/libstm32Libs.a(startup_stm32f10x_hd.s.obj)
DMA1_Channel2_IRQHandler                          stm32-libs/src/libstm32Libs.a(startup_stm32f10x_hd.s.obj)
DMA1_Channel3_IRQHandler                          stm32-libs/src/libstm32Libs.a(startup_stm32f10x_hd.s.obj)
DMA1_Channel4_IRQHandler                          stm32-libs/src/libstm32Libs.a(startup_stm32f10x_hd.s.obj)
DMA1_Channel5_IRQHandler                          stm32-libs/src/libstm32Libs.a(startup_stm32f10x_hd.s.obj)
DMA1_Channel6_IRQHandler                          stm32-libs/src/libstm32Libs.a(startup_stm32f10x_hd.s.obj)
DMA1_Channel7_IRQHandler                          USART/libserial.a(Serial.c.obj)
                                                  stm32-libs/src/libstm32Libs.a(startup_stm32f10x_hd.s.obj)
DMA2_Channel1_IRQHandler                          stm32-libs/src/libstm32Libs.a(startup_stm32f10x_hd.s.obj)
DMA2_Channel2_IRQHandler                          stm32-libs/src/libstm32Libs.a(startup_stm32f10x_hd.s.obj)
DMA2_Channel3_IRQHandler                          stm32-libs/src/libstm32Libs.a(startup_stm32f10x_hd.s.obj)
DMA2_Channel4_5_IRQHandler                        stm32-libs/src/libstm32Libs.a(startup_stm32f10x_hd.s.obj)
DMA_ClearFlag                                     stm32-libs/src/libstm32Libs.a(stm32f10x_dma.c.obj)
                                                  USART/libserial.a(Serial.c.obj)
DMA_ClearITPendingBit                             stm32-libs/src/libstm32Libs.a(stm32f10x_dma.c.obj)
                                                  USART/libserial.a(Serial.c.obj)
DMA_Cmd                                           stm32-libs/src/libstm32Libs.a(stm32f10x_dma.c.obj)
                                                  USART/libserial.a(Serial.c.obj)
DMA_DeInit                                        stm32-libs/src/libstm32Libs.a(stm32f10x_dma.c.obj)
                                                  USART/libserial.a(Serial.c.obj)
DMA_GetCurrDataCounter                            stm32-libs/src/libstm32Libs.a(stm32f10x_dma.c.obj)
DMA_GetFlagStatus                                 stm32-libs/src/libstm32Libs.a(stm32f10x_dma.c.obj)
DMA_GetITStatus                                   stm32-libs/src/libstm32Libs.a(stm32f10x_dma.c.obj)
                                                  USART/libserial.a(Serial.c.obj)
DMA_ITConfig                                      stm32-libs/src/libstm32Libs.a(stm32f10x_dma.c.obj)
                                                  USART/libserial.a(Serial.c.obj)
DMA_Init                                          stm32-libs/src/libstm32Libs.a(stm32f10x_dma.c.obj)
                                                  USART/libserial.a(Serial.c.obj)
DMA_SetCurrDataCounter                            stm32-libs/src/libstm32Libs.a(stm32f10x_dma.c.obj)
                                                  USART/libserial.a(Serial.c.obj)
DMA_StructInit                                    stm32-libs/src/libstm32Libs.a(stm32f10x_dma.c.obj)
DebugMon_Handler                                  stm32-libs/src/libstm32Libs.a(startup_stm32f10x_hd.s.obj)
Default_Handler                                   stm32-libs/src/libstm32Libs.a(startup_stm32f10x_hd.s.obj)
Delay_ms                                          CMakeFiles/SU17IAR_app.elf.dir/Src/delay/Delay.c.obj
Delay_s                                           CMakeFiles/SU17IAR_app.elf.dir/Src/delay/Delay.c.obj
Delay_us                                          CMakeFiles/SU17IAR_app.elf.dir/Src/delay/Delay.c.obj
EXTI0_IRQHandler                                  stm32-libs/src/libstm32Libs.a(startup_stm32f10x_hd.s.obj)
EXTI15_10_IRQHandler                              stm32-libs/src/libstm32Libs.a(startup_stm32f10x_hd.s.obj)
EXTI1_IRQHandler                                  stm32-libs/src/libstm32Libs.a(startup_stm32f10x_hd.s.obj)
EXTI2_IRQHandler                                  stm32-libs/src/libstm32Libs.a(startup_stm32f10x_hd.s.obj)
EXTI3_IRQHandler                                  stm32-libs/src/libstm32Libs.a(startup_stm32f10x_hd.s.obj)
EXTI4_IRQHandler                                  stm32-libs/src/libstm32Libs.a(startup_stm32f10x_hd.s.obj)
EXTI9_5_IRQHandler                                stm32-libs/src/libstm32Libs.a(startup_stm32f10x_hd.s.obj)
FLASH_IRQHandler                                  stm32-libs/src/libstm32Libs.a(startup_stm32f10x_hd.s.obj)
FSMC_IRQHandler                                   stm32-libs/src/libstm32Libs.a(startup_stm32f10x_hd.s.obj)
GPIO_AFIODeInit                                   stm32-libs/src/libstm32Libs.a(stm32f10x_gpio.c.obj)
GPIO_DeInit                                       stm32-libs/src/libstm32Libs.a(stm32f10x_gpio.c.obj)
GPIO_ETH_MediaInterfaceConfig                     stm32-libs/src/libstm32Libs.a(stm32f10x_gpio.c.obj)
GPIO_EXTILineConfig                               stm32-libs/src/libstm32Libs.a(stm32f10x_gpio.c.obj)
GPIO_EventOutputCmd                               stm32-libs/src/libstm32Libs.a(stm32f10x_gpio.c.obj)
GPIO_EventOutputConfig                            stm32-libs/src/libstm32Libs.a(stm32f10x_gpio.c.obj)
GPIO_Init                                         stm32-libs/src/libstm32Libs.a(stm32f10x_gpio.c.obj)
                                                  USART/libserial.a(Serial.c.obj)
                                                  CMakeFiles/SU17IAR_app.elf.dir/Src/port/port_dev.c.obj
GPIO_PinLockConfig                                stm32-libs/src/libstm32Libs.a(stm32f10x_gpio.c.obj)
GPIO_PinRemapConfig                               stm32-libs/src/libstm32Libs.a(stm32f10x_gpio.c.obj)
                                                  CMakeFiles/SU17IAR_app.elf.dir/Src/port/port_dev.c.obj
GPIO_ReadInputData                                stm32-libs/src/libstm32Libs.a(stm32f10x_gpio.c.obj)
GPIO_ReadInputDataBit                             stm32-libs/src/libstm32Libs.a(stm32f10x_gpio.c.obj)
                                                  CMakeFiles/SU17IAR_app.elf.dir/Src/port/port_dev.c.obj
GPIO_ReadOutputData                               stm32-libs/src/libstm32Libs.a(stm32f10x_gpio.c.obj)
GPIO_ReadOutputDataBit                            stm32-libs/src/libstm32Libs.a(stm32f10x_gpio.c.obj)
GPIO_ResetBits                                    stm32-libs/src/libstm32Libs.a(stm32f10x_gpio.c.obj)
GPIO_SetBits                                      stm32-libs/src/libstm32Libs.a(stm32f10x_gpio.c.obj)
                                                  CMakeFiles/SU17IAR_app.elf.dir/Src/port/port_dev.c.obj
                                                  CMakeFiles/SU17IAR_app.elf.dir/Src/LM3644YFFR/LM3644YFFRRE.c.obj
                                                  CMakeFiles/SU17IAR_app.elf.dir/Src/LM3644YFFR/LM3644YFFR.c.obj
GPIO_StructInit                                   stm32-libs/src/libstm32Libs.a(stm32f10x_gpio.c.obj)
GPIO_Write                                        stm32-libs/src/libstm32Libs.a(stm32f10x_gpio.c.obj)
GPIO_WriteBit                                     stm32-libs/src/libstm32Libs.a(stm32f10x_gpio.c.obj)
                                                  CMakeFiles/SU17IAR_app.elf.dir/Src/port/port_dev.c.obj
HardFault_Handler                                 stm32-libs/src/libstm32Libs.a(startup_stm32f10x_hd.s.obj)
I2C1_ER_IRQHandler                                stm32-libs/src/libstm32Libs.a(startup_stm32f10x_hd.s.obj)
I2C1_EV_IRQHandler                                stm32-libs/src/libstm32Libs.a(startup_stm32f10x_hd.s.obj)
I2C2_ER_IRQHandler                                stm32-libs/src/libstm32Libs.a(startup_stm32f10x_hd.s.obj)
I2C2_EV_IRQHandler                                stm32-libs/src/libstm32Libs.a(startup_stm32f10x_hd.s.obj)
I2C_R_SDA                                         CMakeFiles/SU17IAR_app.elf.dir/Src/port/port_dev.c.obj
                                                  CMakeFiles/SU17IAR_app.elf.dir/Src/LM3644YFFR/LM3644YFFRRE.c.obj
I2C_W_SCL                                         CMakeFiles/SU17IAR_app.elf.dir/Src/port/port_dev.c.obj
                                                  CMakeFiles/SU17IAR_app.elf.dir/Src/LM3644YFFR/LM3644YFFRRE.c.obj
I2C_W_SDA                                         CMakeFiles/SU17IAR_app.elf.dir/Src/port/port_dev.c.obj
                                                  CMakeFiles/SU17IAR_app.elf.dir/Src/LM3644YFFR/LM3644YFFRRE.c.obj
I2c_Init                                          CMakeFiles/SU17IAR_app.elf.dir/Src/port/port_dev.c.obj
                                                  CMakeFiles/SU17IAR_app.elf.dir/Src/LM3644YFFR/LM3644YFFR.c.obj
I2cre_Init                                        CMakeFiles/SU17IAR_app.elf.dir/Src/port/port_dev.c.obj
                                                  CMakeFiles/SU17IAR_app.elf.dir/Src/LM3644YFFR/LM3644YFFRRE.c.obj
IICRE_DEV                                         CMakeFiles/SU17IAR_app.elf.dir/Src/LM3644YFFR/LM3644YFFRRE.c.obj
IIC_DEV                                           CMakeFiles/SU17IAR_app.elf.dir/Src/LM3644YFFR/LM3644YFFR.c.obj
LED_FM                                            CMakeFiles/SU17IAR_app.elf.dir/Src/main_app.c.obj
LM3644YFFRRE_INIT                                 CMakeFiles/SU17IAR_app.elf.dir/Src/LM3644YFFR/LM3644YFFRRE.c.obj
                                                  CMakeFiles/SU17IAR_app.elf.dir/Src/main_app.c.obj
LM3644YFFRRE_LEDFlash                             CMakeFiles/SU17IAR_app.elf.dir/Src/LM3644YFFR/LM3644YFFRRE.c.obj
                                                  CMakeFiles/SU17IAR_app.elf.dir/Src/main_app.c.obj
LM3644YFFRRE_ReadReg                              CMakeFiles/SU17IAR_app.elf.dir/Src/LM3644YFFR/LM3644YFFRRE.c.obj
LM3644YFFRRE_WriteReg                             CMakeFiles/SU17IAR_app.elf.dir/Src/LM3644YFFR/LM3644YFFRRE.c.obj
LM3644YFFR_INIT                                   CMakeFiles/SU17IAR_app.elf.dir/Src/LM3644YFFR/LM3644YFFR.c.obj
                                                  CMakeFiles/SU17IAR_app.elf.dir/Src/main_app.c.obj
LM3644YFFR_LEDFlash                               CMakeFiles/SU17IAR_app.elf.dir/Src/LM3644YFFR/LM3644YFFR.c.obj
                                                  CMakeFiles/SU17IAR_app.elf.dir/Src/main_app.c.obj
LM3644YFFR_ReadReg                                CMakeFiles/SU17IAR_app.elf.dir/Src/LM3644YFFR/LM3644YFFR.c.obj
LM3644YFFR_WriteReg                               CMakeFiles/SU17IAR_app.elf.dir/Src/LM3644YFFR/LM3644YFFR.c.obj
MemManage_Handler                                 stm32-libs/src/libstm32Libs.a(startup_stm32f10x_hd.s.obj)
MyI2C_R_SDA                                       CMakeFiles/SU17IAR_app.elf.dir/Src/port/port_dev.c.obj
                                                  CMakeFiles/SU17IAR_app.elf.dir/Src/LM3644YFFR/LM3644YFFR.c.obj
MyI2C_W_SCL                                       CMakeFiles/SU17IAR_app.elf.dir/Src/port/port_dev.c.obj
                                                  CMakeFiles/SU17IAR_app.elf.dir/Src/LM3644YFFR/LM3644YFFR.c.obj
MyI2C_W_SDA                                       CMakeFiles/SU17IAR_app.elf.dir/Src/port/port_dev.c.obj
                                                  CMakeFiles/SU17IAR_app.elf.dir/Src/LM3644YFFR/LM3644YFFR.c.obj
NMI_Handler                                       stm32-libs/src/libstm32Libs.a(startup_stm32f10x_hd.s.obj)
NVIC_Init                                         stm32-libs/src/libstm32Libs.a(misc.c.obj)
                                                  USART/libserial.a(Serial.c.obj)
NVIC_PriorityGroupConfig                          stm32-libs/src/libstm32Libs.a(misc.c.obj)
NVIC_SetVectorTable                               stm32-libs/src/libstm32Libs.a(misc.c.obj)
NVIC_SystemLPConfig                               stm32-libs/src/libstm32Libs.a(misc.c.obj)
PVD_IRQHandler                                    stm32-libs/src/libstm32Libs.a(startup_stm32f10x_hd.s.obj)
PendSV_Handler                                    stm32-libs/src/libstm32Libs.a(startup_stm32f10x_hd.s.obj)
RCC_ADCCLKConfig                                  stm32-libs/src/libstm32Libs.a(stm32f10x_rcc.c.obj)
RCC_AHBPeriphClockCmd                             stm32-libs/src/libstm32Libs.a(stm32f10x_rcc.c.obj)
                                                  USART/libserial.a(Serial.c.obj)
RCC_APB1PeriphClockCmd                            stm32-libs/src/libstm32Libs.a(stm32f10x_rcc.c.obj)
                                                  USART/libserial.a(Serial.c.obj)
RCC_APB1PeriphResetCmd                            stm32-libs/src/libstm32Libs.a(stm32f10x_rcc.c.obj)
                                                  stm32-libs/src/libstm32Libs.a(stm32f10x_usart.c.obj)
RCC_APB2PeriphClockCmd                            stm32-libs/src/libstm32Libs.a(stm32f10x_rcc.c.obj)
                                                  USART/libserial.a(Serial.c.obj)
                                                  CMakeFiles/SU17IAR_app.elf.dir/Src/port/port_dev.c.obj
RCC_APB2PeriphResetCmd                            stm32-libs/src/libstm32Libs.a(stm32f10x_rcc.c.obj)
                                                  stm32-libs/src/libstm32Libs.a(stm32f10x_usart.c.obj)
                                                  stm32-libs/src/libstm32Libs.a(stm32f10x_gpio.c.obj)
RCC_AdjustHSICalibrationValue                     stm32-libs/src/libstm32Libs.a(stm32f10x_rcc.c.obj)
RCC_BackupResetCmd                                stm32-libs/src/libstm32Libs.a(stm32f10x_rcc.c.obj)
RCC_ClearFlag                                     stm32-libs/src/libstm32Libs.a(stm32f10x_rcc.c.obj)
RCC_ClearITPendingBit                             stm32-libs/src/libstm32Libs.a(stm32f10x_rcc.c.obj)
RCC_ClockSecuritySystemCmd                        stm32-libs/src/libstm32Libs.a(stm32f10x_rcc.c.obj)
RCC_DeInit                                        stm32-libs/src/libstm32Libs.a(stm32f10x_rcc.c.obj)
RCC_GetClocksFreq                                 stm32-libs/src/libstm32Libs.a(stm32f10x_rcc.c.obj)
                                                  stm32-libs/src/libstm32Libs.a(stm32f10x_usart.c.obj)
RCC_GetFlagStatus                                 stm32-libs/src/libstm32Libs.a(stm32f10x_rcc.c.obj)
RCC_GetITStatus                                   stm32-libs/src/libstm32Libs.a(stm32f10x_rcc.c.obj)
RCC_GetSYSCLKSource                               stm32-libs/src/libstm32Libs.a(stm32f10x_rcc.c.obj)
RCC_HCLKConfig                                    stm32-libs/src/libstm32Libs.a(stm32f10x_rcc.c.obj)
RCC_HSEConfig                                     stm32-libs/src/libstm32Libs.a(stm32f10x_rcc.c.obj)
RCC_HSICmd                                        stm32-libs/src/libstm32Libs.a(stm32f10x_rcc.c.obj)
RCC_IRQHandler                                    stm32-libs/src/libstm32Libs.a(startup_stm32f10x_hd.s.obj)
RCC_ITConfig                                      stm32-libs/src/libstm32Libs.a(stm32f10x_rcc.c.obj)
RCC_LSEConfig                                     stm32-libs/src/libstm32Libs.a(stm32f10x_rcc.c.obj)
RCC_LSICmd                                        stm32-libs/src/libstm32Libs.a(stm32f10x_rcc.c.obj)
RCC_MCOConfig                                     stm32-libs/src/libstm32Libs.a(stm32f10x_rcc.c.obj)
RCC_PCLK1Config                                   stm32-libs/src/libstm32Libs.a(stm32f10x_rcc.c.obj)
RCC_PCLK2Config                                   stm32-libs/src/libstm32Libs.a(stm32f10x_rcc.c.obj)
RCC_PLLCmd                                        stm32-libs/src/libstm32Libs.a(stm32f10x_rcc.c.obj)
RCC_PLLConfig                                     stm32-libs/src/libstm32Libs.a(stm32f10x_rcc.c.obj)
RCC_RTCCLKCmd                                     stm32-libs/src/libstm32Libs.a(stm32f10x_rcc.c.obj)
RCC_RTCCLKConfig                                  stm32-libs/src/libstm32Libs.a(stm32f10x_rcc.c.obj)
RCC_SYSCLKConfig                                  stm32-libs/src/libstm32Libs.a(stm32f10x_rcc.c.obj)
RCC_USBCLKConfig                                  stm32-libs/src/libstm32Libs.a(stm32f10x_rcc.c.obj)
RCC_WaitForHSEStartUp                             stm32-libs/src/libstm32Libs.a(stm32f10x_rcc.c.obj)
RTCAlarm_IRQHandler                               stm32-libs/src/libstm32Libs.a(startup_stm32f10x_hd.s.obj)
RTC_IRQHandler                                    stm32-libs/src/libstm32Libs.a(startup_stm32f10x_hd.s.obj)
Reset_Handler                                     stm32-libs/src/libstm32Libs.a(startup_stm32f10x_hd.s.obj)
SDIO_IRQHandler                                   stm32-libs/src/libstm32Libs.a(startup_stm32f10x_hd.s.obj)
SEGGER_RTT_AllocDownBuffer                        Src/SEGGER_RTT/libRTT.a(SEGGER_RTT.c.obj)
SEGGER_RTT_AllocUpBuffer                          Src/SEGGER_RTT/libRTT.a(SEGGER_RTT.c.obj)
SEGGER_RTT_ConfigDownBuffer                       Src/SEGGER_RTT/libRTT.a(SEGGER_RTT.c.obj)
SEGGER_RTT_ConfigUpBuffer                         Src/SEGGER_RTT/libRTT.a(SEGGER_RTT.c.obj)
SEGGER_RTT_GetAvailWriteSpace                     Src/SEGGER_RTT/libRTT.a(SEGGER_RTT.c.obj)
SEGGER_RTT_GetBytesInBuffer                       Src/SEGGER_RTT/libRTT.a(SEGGER_RTT.c.obj)
SEGGER_RTT_GetKey                                 Src/SEGGER_RTT/libRTT.a(SEGGER_RTT.c.obj)
SEGGER_RTT_HasData                                Src/SEGGER_RTT/libRTT.a(SEGGER_RTT.c.obj)
SEGGER_RTT_HasDataUp                              Src/SEGGER_RTT/libRTT.a(SEGGER_RTT.c.obj)
SEGGER_RTT_HasKey                                 Src/SEGGER_RTT/libRTT.a(SEGGER_RTT.c.obj)
SEGGER_RTT_Init                                   Src/SEGGER_RTT/libRTT.a(SEGGER_RTT.c.obj)
SEGGER_RTT_PutChar                                Src/SEGGER_RTT/libRTT.a(SEGGER_RTT.c.obj)
SEGGER_RTT_PutCharSkip                            Src/SEGGER_RTT/libRTT.a(SEGGER_RTT.c.obj)
SEGGER_RTT_PutCharSkipNoLock                      Src/SEGGER_RTT/libRTT.a(SEGGER_RTT.c.obj)
SEGGER_RTT_Read                                   Src/SEGGER_RTT/libRTT.a(SEGGER_RTT.c.obj)
SEGGER_RTT_ReadNoLock                             Src/SEGGER_RTT/libRTT.a(SEGGER_RTT.c.obj)
SEGGER_RTT_ReadUpBuffer                           Src/SEGGER_RTT/libRTT.a(SEGGER_RTT.c.obj)
SEGGER_RTT_ReadUpBufferNoLock                     Src/SEGGER_RTT/libRTT.a(SEGGER_RTT.c.obj)
SEGGER_RTT_SetFlagsDownBuffer                     Src/SEGGER_RTT/libRTT.a(SEGGER_RTT.c.obj)
SEGGER_RTT_SetFlagsUpBuffer                       Src/SEGGER_RTT/libRTT.a(SEGGER_RTT.c.obj)
SEGGER_RTT_SetNameDownBuffer                      Src/SEGGER_RTT/libRTT.a(SEGGER_RTT.c.obj)
SEGGER_RTT_SetNameUpBuffer                        Src/SEGGER_RTT/libRTT.a(SEGGER_RTT.c.obj)
SEGGER_RTT_SetTerminal                            Src/SEGGER_RTT/libRTT.a(SEGGER_RTT.c.obj)
SEGGER_RTT_TerminalOut                            Src/SEGGER_RTT/libRTT.a(SEGGER_RTT.c.obj)
SEGGER_RTT_WaitKey                                Src/SEGGER_RTT/libRTT.a(SEGGER_RTT.c.obj)
SEGGER_RTT_Write                                  Src/SEGGER_RTT/libRTT.a(SEGGER_RTT.c.obj)
                                                  Src/SEGGER_RTT/libRTT.a(SEGGER_RTT_printf.c.obj)
SEGGER_RTT_WriteDownBuffer                        Src/SEGGER_RTT/libRTT.a(SEGGER_RTT.c.obj)
SEGGER_RTT_WriteDownBufferNoLock                  Src/SEGGER_RTT/libRTT.a(SEGGER_RTT.c.obj)
SEGGER_RTT_WriteNoLock                            Src/SEGGER_RTT/libRTT.a(SEGGER_RTT.c.obj)
SEGGER_RTT_WriteString                            Src/SEGGER_RTT/libRTT.a(SEGGER_RTT.c.obj)
SEGGER_RTT_WriteWithOverwriteNoLock               Src/SEGGER_RTT/libRTT.a(SEGGER_RTT.c.obj)
SEGGER_RTT_printf                                 Src/SEGGER_RTT/libRTT.a(SEGGER_RTT_printf.c.obj)
                                                  amovLink/src/libamovlink.a(amovlink_route.c.obj)
                                                  CMakeFiles/SU17IAR_app.elf.dir/Src/main_app.c.obj
SEGGER_RTT_vprintf                                Src/SEGGER_RTT/libRTT.a(SEGGER_RTT_printf.c.obj)
SPI1_IRQHandler                                   stm32-libs/src/libstm32Libs.a(startup_stm32f10x_hd.s.obj)
SPI2_IRQHandler                                   stm32-libs/src/libstm32Libs.a(startup_stm32f10x_hd.s.obj)
SPI3_IRQHandler                                   stm32-libs/src/libstm32Libs.a(startup_stm32f10x_hd.s.obj)
SVC_Handler                                       stm32-libs/src/libstm32Libs.a(startup_stm32f10x_hd.s.obj)
SysTick_CLKSourceConfig                           stm32-libs/src/libstm32Libs.a(misc.c.obj)
SysTick_Handler                                   stm32-libs/src/libstm32Libs.a(startup_stm32f10x_hd.s.obj)
SystemCoreClock                                   stm32-libs/src/libstm32Libs.a(system_stm32f10x.c.obj)
SystemCoreClockUpdate                             stm32-libs/src/libstm32Libs.a(system_stm32f10x.c.obj)
SystemInit                                        stm32-libs/src/libstm32Libs.a(system_stm32f10x.c.obj)
                                                  stm32-libs/src/libstm32Libs.a(startup_stm32f10x_hd.s.obj)
TAMPER_IRQHandler                                 stm32-libs/src/libstm32Libs.a(startup_stm32f10x_hd.s.obj)
TIM1_BRK_IRQHandler                               stm32-libs/src/libstm32Libs.a(startup_stm32f10x_hd.s.obj)
TIM1_CC_IRQHandler                                stm32-libs/src/libstm32Libs.a(startup_stm32f10x_hd.s.obj)
TIM1_TRG_COM_IRQHandler                           stm32-libs/src/libstm32Libs.a(startup_stm32f10x_hd.s.obj)
TIM1_UP_IRQHandler                                stm32-libs/src/libstm32Libs.a(startup_stm32f10x_hd.s.obj)
TIM2_IRQHandler                                   stm32-libs/src/libstm32Libs.a(startup_stm32f10x_hd.s.obj)
TIM3_IRQHandler                                   stm32-libs/src/libstm32Libs.a(startup_stm32f10x_hd.s.obj)
TIM4_IRQHandler                                   stm32-libs/src/libstm32Libs.a(startup_stm32f10x_hd.s.obj)
TIM5_IRQHandler                                   stm32-libs/src/libstm32Libs.a(startup_stm32f10x_hd.s.obj)
TIM6_IRQHandler                                   stm32-libs/src/libstm32Libs.a(startup_stm32f10x_hd.s.obj)
TIM7_IRQHandler                                   stm32-libs/src/libstm32Libs.a(startup_stm32f10x_hd.s.obj)
TIM8_BRK_IRQHandler                               stm32-libs/src/libstm32Libs.a(startup_stm32f10x_hd.s.obj)
TIM8_CC_IRQHandler                                stm32-libs/src/libstm32Libs.a(startup_stm32f10x_hd.s.obj)
TIM8_TRG_COM_IRQHandler                           stm32-libs/src/libstm32Libs.a(startup_stm32f10x_hd.s.obj)
TIM8_UP_IRQHandler                                stm32-libs/src/libstm32Libs.a(startup_stm32f10x_hd.s.obj)
UART4_IRQHandler                                  stm32-libs/src/libstm32Libs.a(startup_stm32f10x_hd.s.obj)
UART5_IRQHandler                                  stm32-libs/src/libstm32Libs.a(startup_stm32f10x_hd.s.obj)
USART1_IRQHandler                                 stm32-libs/src/libstm32Libs.a(startup_stm32f10x_hd.s.obj)
USART2_IRQHandler                                 stm32-libs/src/libstm32Libs.a(startup_stm32f10x_hd.s.obj)
USART3_IRQHandler                                 stm32-libs/src/libstm32Libs.a(startup_stm32f10x_hd.s.obj)
USART_ClearFlag                                   stm32-libs/src/libstm32Libs.a(stm32f10x_usart.c.obj)
                                                  USART/libserial.a(Serial.c.obj)
USART_ClearITPendingBit                           stm32-libs/src/libstm32Libs.a(stm32f10x_usart.c.obj)
                                                  USART/libserial.a(Serial.c.obj)
USART_ClockInit                                   stm32-libs/src/libstm32Libs.a(stm32f10x_usart.c.obj)
USART_ClockStructInit                             stm32-libs/src/libstm32Libs.a(stm32f10x_usart.c.obj)
USART_Cmd                                         stm32-libs/src/libstm32Libs.a(stm32f10x_usart.c.obj)
                                                  USART/libserial.a(Serial.c.obj)
USART_DMACmd                                      stm32-libs/src/libstm32Libs.a(stm32f10x_usart.c.obj)
                                                  USART/libserial.a(Serial.c.obj)
USART_DeInit                                      stm32-libs/src/libstm32Libs.a(stm32f10x_usart.c.obj)
USART_GetFlagStatus                               stm32-libs/src/libstm32Libs.a(stm32f10x_usart.c.obj)
USART_GetITStatus                                 stm32-libs/src/libstm32Libs.a(stm32f10x_usart.c.obj)
USART_HalfDuplexCmd                               stm32-libs/src/libstm32Libs.a(stm32f10x_usart.c.obj)
USART_ITConfig                                    stm32-libs/src/libstm32Libs.a(stm32f10x_usart.c.obj)
USART_Init                                        stm32-libs/src/libstm32Libs.a(stm32f10x_usart.c.obj)
                                                  USART/libserial.a(Serial.c.obj)
USART_IrDACmd                                     stm32-libs/src/libstm32Libs.a(stm32f10x_usart.c.obj)
USART_IrDAConfig                                  stm32-libs/src/libstm32Libs.a(stm32f10x_usart.c.obj)
USART_LINBreakDetectLengthConfig                  stm32-libs/src/libstm32Libs.a(stm32f10x_usart.c.obj)
USART_LINCmd                                      stm32-libs/src/libstm32Libs.a(stm32f10x_usart.c.obj)
USART_OneBitMethodCmd                             stm32-libs/src/libstm32Libs.a(stm32f10x_usart.c.obj)
USART_OverSampling8Cmd                            stm32-libs/src/libstm32Libs.a(stm32f10x_usart.c.obj)
USART_ReceiveData                                 stm32-libs/src/libstm32Libs.a(stm32f10x_usart.c.obj)
USART_ReceiverWakeUpCmd                           stm32-libs/src/libstm32Libs.a(stm32f10x_usart.c.obj)
USART_SendBreak                                   stm32-libs/src/libstm32Libs.a(stm32f10x_usart.c.obj)
USART_SendData                                    stm32-libs/src/libstm32Libs.a(stm32f10x_usart.c.obj)
USART_SetAddress                                  stm32-libs/src/libstm32Libs.a(stm32f10x_usart.c.obj)
USART_SetGuardTime                                stm32-libs/src/libstm32Libs.a(stm32f10x_usart.c.obj)
USART_SetPrescaler                                stm32-libs/src/libstm32Libs.a(stm32f10x_usart.c.obj)
USART_SmartCardCmd                                stm32-libs/src/libstm32Libs.a(stm32f10x_usart.c.obj)
USART_SmartCardNACKCmd                            stm32-libs/src/libstm32Libs.a(stm32f10x_usart.c.obj)
USART_StructInit                                  stm32-libs/src/libstm32Libs.a(stm32f10x_usart.c.obj)
USART_WakeUpConfig                                stm32-libs/src/libstm32Libs.a(stm32f10x_usart.c.obj)
USBWakeUp_IRQHandler                              stm32-libs/src/libstm32Libs.a(startup_stm32f10x_hd.s.obj)
USB_HP_CAN1_TX_IRQHandler                         stm32-libs/src/libstm32Libs.a(startup_stm32f10x_hd.s.obj)
USB_LP_CAN1_RX0_IRQHandler                        stm32-libs/src/libstm32Libs.a(startup_stm32f10x_hd.s.obj)
UsageFault_Handler                                stm32-libs/src/libstm32Libs.a(startup_stm32f10x_hd.s.obj)
Usart_Init                                        USART/libserial.a(Serial.c.obj)
                                                  CMakeFiles/SU17IAR_app.elf.dir/Src/main_app.c.obj
WWDG_IRQHandler                                   stm32-libs/src/libstm32Libs.a(startup_stm32f10x_hd.s.obj)
_SEGGER_RTT                                       Src/SEGGER_RTT/libRTT.a(SEGGER_RTT.c.obj)
__AMOVLinkCBTab_end                               amovLink/src/libamovlink.a(amovlink_route.c.obj)
__AMOVLinkCBTab_start                             amovLink/src/libamovlink.a(amovlink_route.c.obj)
__app_start                                       stm32IAP/src/libstm32iap.a(iap.c.obj)
__bss_end__                                       d:/clion_stm32/gcc-arm-none-eabi-10.3-2021.10/bin/../lib/gcc/arm-none-eabi/10.3.1/../../../../arm-none-eabi/lib/thumb/v7-m/nofp/crt0.o
__bss_start__                                     d:/clion_stm32/gcc-arm-none-eabi-10.3-2021.10/bin/../lib/gcc/arm-none-eabi/10.3.1/../../../../arm-none-eabi/lib/thumb/v7-m/nofp/crt0.o
__call_exitprocs                                  d:/clion_stm32/gcc-arm-none-eabi-10.3-2021.10/bin/../lib/gcc/arm-none-eabi/10.3.1/../../../../arm-none-eabi/lib/thumb/v7-m/nofp\libg_nano.a(lib_a-exit.o)
__deregister_frame_info                           d:/clion_stm32/gcc-arm-none-eabi-10.3-2021.10/bin/../lib/gcc/arm-none-eabi/10.3.1/thumb/v7-m/nofp/crtbegin.o
__dso_handle                                      d:/clion_stm32/gcc-arm-none-eabi-10.3-2021.10/bin/../lib/gcc/arm-none-eabi/10.3.1/thumb/v7-m/nofp/crtbegin.o
__init_array_end                                  d:/clion_stm32/gcc-arm-none-eabi-10.3-2021.10/bin/../lib/gcc/arm-none-eabi/10.3.1/../../../../arm-none-eabi/lib/thumb/v7-m/nofp\libg_nano.a(lib_a-init.o)
__init_array_start                                d:/clion_stm32/gcc-arm-none-eabi-10.3-2021.10/bin/../lib/gcc/arm-none-eabi/10.3.1/../../../../arm-none-eabi/lib/thumb/v7-m/nofp\libg_nano.a(lib_a-init.o)
__libc_fini_array                                 d:/clion_stm32/gcc-arm-none-eabi-10.3-2021.10/bin/../lib/gcc/arm-none-eabi/10.3.1/../../../../arm-none-eabi/lib/thumb/v7-m/nofp/crt0.o
__libc_init_array                                 d:/clion_stm32/gcc-arm-none-eabi-10.3-2021.10/bin/../lib/gcc/arm-none-eabi/10.3.1/../../../../arm-none-eabi/lib/thumb/v7-m/nofp\libg_nano.a(lib_a-init.o)
                                                  d:/clion_stm32/gcc-arm-none-eabi-10.3-2021.10/bin/../lib/gcc/arm-none-eabi/10.3.1/../../../../arm-none-eabi/lib/thumb/v7-m/nofp/crt0.o