Archive member included to satisfy reference by file (symbol)

stm32-libs/src/libstm32Libs.a(stm32f10x_gpio.c.obj)
                              CMakeFiles/SU17IAR_app.elf.dir/Src/port/port_dev.c.obj (GPIO_Init)
stm32-libs/src/libstm32Libs.a(stm32f10x_rcc.c.obj)
                              CMakeFiles/SU17IAR_app.elf.dir/Src/port/port_dev.c.obj (RCC_APB2PeriphClockCmd)
stm32-libs/src/libstm32Libs.a(startup_stm32f10x_hd.s.obj)
                              (Reset_Handler)
stm32-libs/src/libstm32Libs.a(system_stm32f10x.c.obj)
                              stm32-libs/src/libstm32Libs.a(startup_stm32f10x_hd.s.obj) (SystemInit)
d:/clion_stm32/gcc-arm-none-eabi-10.3-2021.10/bin/../lib/gcc/arm-none-eabi/10.3.1/../../../../arm-none-eabi/lib/thumb/v7-m/nofp\libg_nano.a(lib_a-exit.o)
                              d:/clion_stm32/gcc-arm-none-eabi-10.3-2021.10/bin/../lib/gcc/arm-none-eabi/10.3.1/../../../../arm-none-eabi/lib/thumb/v7-m/nofp/crt0.o (exit)
d:/clion_stm32/gcc-arm-none-eabi-10.3-2021.10/bin/../lib/gcc/arm-none-eabi/10.3.1/../../../../arm-none-eabi/lib/thumb/v7-m/nofp\libg_nano.a(lib_a-impure.o)
                              d:/clion_stm32/gcc-arm-none-eabi-10.3-2021.10/bin/../lib/gcc/arm-none-eabi/10.3.1/../../../../arm-none-eabi/lib/thumb/v7-m/nofp\libg_nano.a(lib_a-exit.o) (_global_impure_ptr)
d:/clion_stm32/gcc-arm-none-eabi-10.3-2021.10/bin/../lib/gcc/arm-none-eabi/10.3.1/../../../../arm-none-eabi/lib/thumb/v7-m/nofp\libg_nano.a(lib_a-init.o)
                              d:/clion_stm32/gcc-arm-none-eabi-10.3-2021.10/bin/../lib/gcc/arm-none-eabi/10.3.1/../../../../arm-none-eabi/lib/thumb/v7-m/nofp/crt0.o (__libc_init_array)
d:/clion_stm32/gcc-arm-none-eabi-10.3-2021.10/bin/../lib/gcc/arm-none-eabi/10.3.1/../../../../arm-none-eabi/lib/thumb/v7-m/nofp\libg_nano.a(lib_a-memcpy-stub.o)
                              CMakeFiles/SU17IAR_app.elf.dir/Src/SEGGER_RTT/RTT/SEGGER_RTT.c.obj (memcpy)
d:/clion_stm32/gcc-arm-none-eabi-10.3-2021.10/bin/../lib/gcc/arm-none-eabi/10.3.1/../../../../arm-none-eabi/lib/thumb/v7-m/nofp\libg_nano.a(lib_a-memset.o)
                              d:/clion_stm32/gcc-arm-none-eabi-10.3-2021.10/bin/../lib/gcc/arm-none-eabi/10.3.1/../../../../arm-none-eabi/lib/thumb/v7-m/nofp/crt0.o (memset)
d:/clion_stm32/gcc-arm-none-eabi-10.3-2021.10/bin/../lib/gcc/arm-none-eabi/10.3.1/../../../../arm-none-eabi/lib/thumb/v7-m/nofp\libg_nano.a(lib_a-strlen.o)
                              CMakeFiles/SU17IAR_app.elf.dir/Src/SEGGER_RTT/RTT/SEGGER_RTT.c.obj (strlen)
d:/clion_stm32/gcc-arm-none-eabi-10.3-2021.10/bin/../lib/gcc/arm-none-eabi/10.3.1/../../../../arm-none-eabi/lib/thumb/v7-m/nofp\libnosys.a(_exit.o)
                              d:/clion_stm32/gcc-arm-none-eabi-10.3-2021.10/bin/../lib/gcc/arm-none-eabi/10.3.1/../../../../arm-none-eabi/lib/thumb/v7-m/nofp\libg_nano.a(lib_a-exit.o) (_exit)

Discarded input sections

 .text          0x00000000        0x0 d:/clion_stm32/gcc-arm-none-eabi-10.3-2021.10/bin/../lib/gcc/arm-none-eabi/10.3.1/thumb/v7-m/nofp/crti.o
 .data          0x00000000        0x0 d:/clion_stm32/gcc-arm-none-eabi-10.3-2021.10/bin/../lib/gcc/arm-none-eabi/10.3.1/thumb/v7-m/nofp/crti.o
 .bss           0x00000000        0x0 d:/clion_stm32/gcc-arm-none-eabi-10.3-2021.10/bin/../lib/gcc/arm-none-eabi/10.3.1/thumb/v7-m/nofp/crti.o
 .data          0x00000000        0x4 d:/clion_stm32/gcc-arm-none-eabi-10.3-2021.10/bin/../lib/gcc/arm-none-eabi/10.3.1/thumb/v7-m/nofp/crtbegin.o
 .rodata        0x00000000       0x24 d:/clion_stm32/gcc-arm-none-eabi-10.3-2021.10/bin/../lib/gcc/arm-none-eabi/10.3.1/thumb/v7-m/nofp/crtbegin.o
 .text          0x00000000       0x7c d:/clion_stm32/gcc-arm-none-eabi-10.3-2021.10/bin/../lib/gcc/arm-none-eabi/10.3.1/../../../../arm-none-eabi/lib/thumb/v7-m/nofp/crt0.o
 .data          0x00000000        0x0 d:/clion_stm32/gcc-arm-none-eabi-10.3-2021.10/bin/../lib/gcc/arm-none-eabi/10.3.1/../../../../arm-none-eabi/lib/thumb/v7-m/nofp/crt0.o
 .bss           0x00000000        0x0 d:/clion_stm32/gcc-arm-none-eabi-10.3-2021.10/bin/../lib/gcc/arm-none-eabi/10.3.1/../../../../arm-none-eabi/lib/thumb/v7-m/nofp/crt0.o
 .ARM.extab     0x00000000        0x0 d:/clion_stm32/gcc-arm-none-eabi-10.3-2021.10/bin/../lib/gcc/arm-none-eabi/10.3.1/../../../../arm-none-eabi/lib/thumb/v7-m/nofp/crt0.o
 .ARM.exidx     0x00000000       0x10 d:/clion_stm32/gcc-arm-none-eabi-10.3-2021.10/bin/../lib/gcc/arm-none-eabi/10.3.1/../../../../arm-none-eabi/lib/thumb/v7-m/nofp/crt0.o
 .ARM.attributes
                0x00000000       0x1b d:/clion_stm32/gcc-arm-none-eabi-10.3-2021.10/bin/../lib/gcc/arm-none-eabi/10.3.1/../../../../arm-none-eabi/lib/thumb/v7-m/nofp/crt0.o
 .group         0x00000000        0xc CMakeFiles/SU17IAR_app.elf.dir/Src/main_app.c.obj
 .group         0x00000000        0xc CMakeFiles/SU17IAR_app.elf.dir/Src/main_app.c.obj
 .group         0x00000000        0xc CMakeFiles/SU17IAR_app.elf.dir/Src/main_app.c.obj
[...]
Memory Configuration

Name             Origin             Length             Attributes
RAM              0x20000000         0x00005000         xrw
FLASH            0x08004400         0x0001bc00         xr
FIRMWAREINFO     0x08004000         0x00000400         r
*default*        0x00000000         0xffffffff

Linker script and memory map

LOAD d:/clion_stm32/gcc-arm-none-eabi-10.3-2021.10/bin/../lib/gcc/arm-none-eabi/10.3.1/thumb/v7-m/nofp/crti.o
LOAD d:/clion_stm32/gcc-arm-none-eabi-10.3-2021.10/bin/../lib/gcc/arm-none-eabi/10.3.1/thumb/v7-m/nofp/crtbegin.o
LOAD d:/clion_stm32/gcc-arm-none-eabi-10.3-2021.10/bin/../lib/gcc/arm-none-eabi/10.3.1/../../../../arm-none-eabi/lib/thumb/v7-m/nofp/crt0.o
LOAD CMakeFiles/SU17IAR_app.elf.dir/Src/main_app.c.obj
LOAD CMakeFiles/SU17IAR_app.elf.dir/Src/LM3644YFFR/IIC.c.obj
LOAD CMakeFiles/SU17IAR_app.elf.dir/Src/LM3644YFFR/LM3644YFFR.c.obj
LOAD CMakeFiles/SU17IAR_app.elf.dir/Src/SEGGER_RTT/RTT/SEGGER_RTT.c.obj
LOAD CMakeFiles/SU17IAR_app.elf.dir/Src/SEGGER_RTT/RTT/SEGGER_RTT_ASM_ARMv7M.S.obj
LOAD CMakeFiles/SU17IAR_app.elf.dir/Src/SEGGER_RTT/RTT/SEGGER_RTT_printf.c.obj
LOAD CMakeFiles/SU17IAR_app.elf.dir/Src/delay/Delay.c.obj
LOAD CMakeFiles/SU17IAR_app.elf.dir/Src/port/port_dev.c.obj
LOAD stm32-libs/src/libstm32Libs.a
LOAD stm32IAP/src/libstm32iap.a
START GROUP
LOAD d:/clion_stm32/gcc-arm-none-eabi-10.3-2021.10/bin/../lib/gcc/arm-none-eabi/10.3.1/thumb/v7-m/nofp\libgcc.a
LOAD d:/clion_stm32/gcc-arm-none-eabi-10.3-2021.10/bin/../lib/gcc/arm-none-eabi/10.3.1/../../../../arm-none-eabi/lib/thumb/v7-m/nofp\libg_nano.a
LOAD d:/clion_stm32/gcc-arm-none-eabi-10.3-2021.10/bin/../lib/gcc/arm-none-eabi/10.3.1/../../../../arm-none-eabi/lib/thumb/v7-m/nofp\libc_nano.a
END GROUP
START GROUP
LOAD d:/clion_stm32/gcc-arm-none-eabi-10.3-2021.10/bin/../lib/gcc/arm-none-eabi/10.3.1/thumb/v7-m/nofp\libgcc.a
LOAD d:/clion_stm32/gcc-arm-none-eabi-10.3-2021.10/bin/../lib/gcc/arm-none-eabi/10.3.1/../../../../arm-none-eabi/lib/thumb/v7-m/nofp\libc_nano.a
LOAD d:/clion_stm32/gcc-arm-none-eabi-10.3-2021.10/bin/../lib/gcc/arm-none-eabi/10.3.1/../../../../arm-none-eabi/lib/thumb/v7-m/nofp\libnosys.a
END GROUP
START GROUP
LOAD d:/clion_stm32/gcc-arm-none-eabi-10.3-2021.10/bin/../lib/gcc/arm-none-eabi/10.3.1/thumb/v7-m/nofp\libgcc.a
LOAD d:/clion_stm32/gcc-arm-none-eabi-10.3-2021.10/bin/../lib/gcc/arm-none-eabi/10.3.1/../../../../arm-none-eabi/lib/thumb/v7-m/nofp\libc_nano.a
LOAD d:/clion_stm32/gcc-arm-none-eabi-10.3-2021.10/bin/../lib/gcc/arm-none-eabi/10.3.1/../../../../arm-none-eabi/lib/thumb/v7-m/nofp\libnosys.a
END GROUP
LOAD d:/clion_stm32/gcc-arm-none-eabi-10.3-2021.10/bin/../lib/gcc/arm-none-eabi/10.3.1/thumb/v7-m/nofp/crtend.o
LOAD d:/clion_stm32/gcc-arm-none-eabi-10.3-2021.10/bin/../lib/gcc/arm-none-eabi/10.3.1/thumb/v7-m/nofp/crtn.o
                0x20005000                _estack = (ORIGIN (RAM) + LENGTH (RAM))
                0x00000200                _Min_Heap_Size = 0x200
                0x00000400                _Min_Stack_Size = 0x400

.firmware_info  0x08004000        0x0
                0x08004000                __firmware_info_start = .
 *(.firmware_info)

.isr_vector     0x08004400      0x1e4
                0x08004400                . = ALIGN (0x4)
                0x08004400                __app_start = .
 *(.isr_vector)
 .isr_vector    0x08004400      0x1e4 stm32-libs/src/libstm32Libs.a(startup_stm32f10x_hd.s.obj)
                0x08004400                g_pfnVectors
                0x080045e4                . = ALIGN (0x4)

.text           0x080045e4      0x698
                0x080045e4                . = ALIGN (0x4)
 *(.text)
 .text          0x080045e4       0x40 d:/clion_stm32/gcc-arm-none-eabi-10.3-2021.10/bin/../lib/gcc/arm-none-eabi/10.3.1/thumb/v7-m/nofp/crtbegin.o
 *(.text*)
 .text.main     0x08004624       0x18 CMakeFiles/SU17IAR_app.elf.dir/Src/main_app.c.obj
                0x08004624                main
 .text.iicStart
                0x0800463c       0x3c CMakeFiles/SU17IAR_app.elf.dir/Src/LM3644YFFR/IIC.c.obj
                0x0800463c                iicStart
 .text.iicStop  0x08004678       0x2e CMakeFiles/SU17IAR_app.elf.dir/Src/LM3644YFFR/IIC.c.obj
                0x08004678                iicStop
 .text.iicWaitAck
                0x080046a6       0x38 CMakeFiles/SU17IAR_app.elf.dir/Src/LM3644YFFR/IIC.c.obj
                0x080046a6                iicWaitAck
 .text.iicSendByte
                0x080046de       0x4a CMakeFiles/SU17IAR_app.elf.dir/Src/LM3644YFFR/IIC.c.obj
                0x080046de                iicSendByte
 .text.LM3644YFFR_INIT
                0x08004728       0x20 CMakeFiles/SU17IAR_app.elf.dir/Src/LM3644YFFR/LM3644YFFR.c.obj
                0x08004728                LM3644YFFR_INIT
 .text.LM3644YFFR_WriteReg
                0x08004748       0x50 CMakeFiles/SU17IAR_app.elf.dir/Src/LM3644YFFR/LM3644YFFR.c.obj
                0x08004748                LM3644YFFR_WriteReg
 .text.Infrared_Firstgear
                0x08004798       0x24 CMakeFiles/SU17IAR_app.elf.dir/Src/LM3644YFFR/LM3644YFFR.c.obj
 .text.Infrared_Secondgear
                0x080047bc       0x24 CMakeFiles/SU17IAR_app.elf.dir/Src/LM3644YFFR/LM3644YFFR.c.obj
 .text.Infrared_Thirdgear
                0x080047e0       0x24 CMakeFiles/SU17IAR_app.elf.dir/Src/LM3644YFFR/LM3644YFFR.c.obj
 .text.Infrared_Fourthgear
                0x08004804       0x24 CMakeFiles/SU17IAR_app.elf.dir/Src/LM3644YFFR/LM3644YFFR.c.obj
 .text.Infrared_Fifthgear
                0x08004828       0x24 CMakeFiles/SU17IAR_app.elf.dir/Src/LM3644YFFR/LM3644YFFR.c.obj
 .text.Infrared_Sixthgear
                0x0800484c       0x24 CMakeFiles/SU17IAR_app.elf.dir/Src/LM3644YFFR/LM3644YFFR.c.obj
 .text.Infrared_Seventhgear
                0x08004870       0x18 CMakeFiles/SU17IAR_app.elf.dir/Src/LM3644YFFR/LM3644YFFR.c.obj
 .text.Infrared_Eighthgear
                0x08004888       0x10 CMakeFiles/SU17IAR_app.elf.dir/Src/LM3644YFFR/LM3644YFFR.c.obj
 .text.LM3644YFFR_LEDFlash
                0x08004898       0x68 CMakeFiles/SU17IAR_app.elf.dir/Src/LM3644YFFR/LM3644YFFR.c.obj
                0x08004898                LM3644YFFR_LEDFlash
 .text.Delay_us
                0x08004900       0x2a CMakeFiles/SU17IAR_app.elf.dir/Src/delay/Delay.c.obj
                0x08004900                Delay_us
 *fill*         0x0800492a        0x2 
 .text.i2c_Delay
                0x0800492c       0x10 CMakeFiles/SU17IAR_app.elf.dir/Src/delay/Delay.c.obj
                0x0800492c                i2c_Delay
 .text.I2c_Init
                0x0800493c       0x84 CMakeFiles/SU17IAR_app.elf.dir/Src/port/port_dev.c.obj
                0x0800493c                I2c_Init
 .text.MyI2C_W_SDA
                0x080049c0       0x18 CMakeFiles/SU17IAR_app.elf.dir/Src/port/port_dev.c.obj
                0x080049c0                MyI2C_W_SDA
 .text.MyI2C_W_SCL
                0x080049d8       0x18 CMakeFiles/SU17IAR_app.elf.dir/Src/port/port_dev.c.obj
                0x080049d8                MyI2C_W_SCL
 .text.MyI2C_R_SDA
                0x080049f0       0x1c CMakeFiles/SU17IAR_app.elf.dir/Src/port/port_dev.c.obj
                0x080049f0                MyI2C_R_SDA
 .text.GPIO_Init
                0x08004a0c       0xb2 stm32-libs/src/libstm32Libs.a(stm32f10x_gpio.c.obj)
                0x08004a0c                GPIO_Init
 .text.GPIO_ReadInputDataBit
                0x08004abe        0xe stm32-libs/src/libstm32Libs.a(stm32f10x_gpio.c.obj)
                0x08004abe                GPIO_ReadInputDataBit
 .text.GPIO_SetBits
                0x08004acc        0x4 stm32-libs/src/libstm32Libs.a(stm32f10x_gpio.c.obj)
                0x08004acc                GPIO_SetBits
 .text.GPIO_WriteBit
                0x08004ad0        0xa stm32-libs/src/libstm32Libs.a(stm32f10x_gpio.c.obj)
                0x08004ad0                GPIO_WriteBit
 *fill*         0x08004ada        0x2 
 .text.RCC_APB2PeriphClockCmd
                0x08004adc       0x1c stm32-libs/src/libstm32Libs.a(stm32f10x_rcc.c.obj)
                0x08004adc                RCC_APB2PeriphClockCmd
 .text.Reset_Handler
                0x08004af8       0x44 stm32-libs/src/libstm32Libs.a(startup_stm32f10x_hd.s.obj)
                0x08004af8                Reset_Handler
 .text.Default_Handler
                0x08004b3c        0x2 stm32-libs/src/libstm32Libs.a(startup_stm32f10x_hd.s.obj)
                0x08004b3c                EXTI2_IRQHandler
                0x08004b3c                TIM8_TRG_COM_IRQHandler
                0x08004b3c                TIM8_CC_IRQHandler
                0x08004b3c                DebugMon_Handler
                0x08004b3c                TIM1_CC_IRQHandler
                0x08004b3c                HardFault_Handler
                0x08004b3c                TIM6_IRQHandler
                0x08004b3c                SysTick_Handler
                0x08004b3c                PVD_IRQHandler
                0x08004b3c                SDIO_IRQHandler
                0x08004b3c                PendSV_Handler
                0x08004b3c                NMI_Handler
                0x08004b3c                EXTI3_IRQHandler
                0x08004b3c                EXTI0_IRQHandler
                0x08004b3c                I2C2_EV_IRQHandler
                0x08004b3c                UsageFault_Handler
                0x08004b3c                ADC1_2_IRQHandler
                0x08004b3c                SPI1_IRQHandler
                0x08004b3c                TAMPER_IRQHandler
                0x08004b3c                TIM8_UP_IRQHandler
                0x08004b3c                DMA2_Channel2_IRQHandler
                0x08004b3c                DMA1_Channel4_IRQHandler
                0x08004b3c                USART3_IRQHandler
                0x08004b3c                RTC_IRQHandler
                0x08004b3c                DMA1_Channel7_IRQHandler
                0x08004b3c                CAN1_RX1_IRQHandler
                0x08004b3c                UART5_IRQHandler
                0x08004b3c                ADC3_IRQHandler
                0x08004b3c                TIM4_IRQHandler
                0x08004b3c                DMA2_Channel1_IRQHandler
                0x08004b3c                I2C1_EV_IRQHandler
                0x08004b3c                DMA1_Channel6_IRQHandler
                0x08004b3c                UART4_IRQHandler
                0x08004b3c                TIM3_IRQHandler
                0x08004b3c                RCC_IRQHandler
                0x08004b3c                TIM1_TRG_COM_IRQHandler
                0x08004b3c                DMA1_Channel1_IRQHandler
                0x08004b3c                Default_Handler
                0x08004b3c                EXTI15_10_IRQHandler
                0x08004b3c                TIM7_IRQHandler
                0x08004b3c                TIM5_IRQHandler
                0x08004b3c                EXTI9_5_IRQHandler
                0x08004b3c                SPI2_IRQHandler
                0x08004b3c                MemManage_Handler
                0x08004b3c                SVC_Handler
                0x08004b3c                DMA1_Channel5_IRQHandler
                0x08004b3c                EXTI4_IRQHandler
                0x08004b3c                USB_LP_CAN1_RX0_IRQHandler
                0x08004b3c                USB_HP_CAN1_TX_IRQHandler
                0x08004b3c                DMA1_Channel3_IRQHandler
                0x08004b3c                FSMC_IRQHandler
                0x08004b3c                TIM1_UP_IRQHandler
                0x08004b3c                WWDG_IRQHandler
                0x08004b3c                TIM2_IRQHandler
                0x08004b3c                TIM1_BRK_IRQHandler
                0x08004b3c                EXTI1_IRQHandler
                0x08004b3c                RTCAlarm_IRQHandler
                0x08004b3c                DMA2_Channel4_5_IRQHandler
                0x08004b3c                USART2_IRQHandler
                0x08004b3c                I2C2_ER_IRQHandler
                0x08004b3c                DMA1_Channel2_IRQHandler
                0x08004b3c                TIM8_BRK_IRQHandler
                0x08004b3c                CAN1_SCE_IRQHandler
                0x08004b3c                FLASH_IRQHandler
                0x08004b3c                BusFault_Handler
                0x08004b3c                USART1_IRQHandler
                0x08004b3c                SPI3_IRQHandler
                0x08004b3c                I2C1_ER_IRQHandler
                0x08004b3c                USBWakeUp_IRQHandler
                0x08004b3c                DMA2_Channel3_IRQHandler
 *fill*         0x08004b3e        0x2 
 .text.SetSysClockTo72
                0x08004b40       0xc4 stm32-libs/src/libstm32Libs.a(system_stm32f10x.c.obj)
 .text.SetSysClock
                0x08004c04        0xc stm32-libs/src/libstm32Libs.a(system_stm32f10x.c.obj)
 .text.SystemInit
                0x08004c10       0x54 stm32-libs/src/libstm32Libs.a(system_stm32f10x.c.obj)
                0x08004c10                SystemInit
 *(.glue_7)
 .glue_7        0x08004c64        0x0 linker stubs
 *(.glue_7t)
 .glue_7t       0x08004c64        0x0 linker stubs
 *(.eh_frame)
 .eh_frame      0x08004c64        0x0 d:/clion_stm32/gcc-arm-none-eabi-10.3-2021.10/bin/../lib/gcc/arm-none-eabi/10.3.1/thumb/v7-m/nofp/crtbegin.o
 *(.init)
 .init          0x08004c64        0x4 d:/clion_stm32/gcc-arm-none-eabi-10.3-2021.10/bin/../lib/gcc/arm-none-eabi/10.3.1/thumb/v7-m/nofp/crti.o
                0x08004c64                _init
 .init          0x08004c68        0x8 d:/clion_stm32/gcc-arm-none-eabi-10.3-2021.10/bin/../lib/gcc/arm-none-eabi/10.3.1/thumb/v7-m/nofp/crtn.o
 *(.fini)
 .fini          0x08004c70        0x4 d:/clion_stm32/gcc-arm-none-eabi-10.3-2021.10/bin/../lib/gcc/arm-none-eabi/10.3.1/thumb/v7-m/nofp/crti.o
                0x08004c70                _fini
 .fini          0x08004c74        0x8 d:/clion_stm32/gcc-arm-none-eabi-10.3-2021.10/bin/../lib/gcc/arm-none-eabi/10.3.1/thumb/v7-m/nofp/crtn.o
                0x08004c7c                . = ALIGN (0x4)
                0x08004c7c                _etext = .

.vfp11_veneer   0x08004c7c        0x0
 .vfp11_veneer  0x08004c7c        0x0 linker stubs

.v4_bx          0x08004c7c        0x0
 .v4_bx         0x08004c7c        0x0 linker stubs

.iplt           0x08004c7c        0x0
 .iplt          0x08004c7c        0x0 d:/clion_stm32/gcc-arm-none-eabi-10.3-2021.10/bin/../lib/gcc/arm-none-eabi/10.3.1/thumb/v7-m/nofp/crtbegin.o

.rel.dyn        0x08004c7c        0x0
 .rel.iplt      0x08004c7c        0x0 d:/clion_stm32/gcc-arm-none-eabi-10.3-2021.10/bin/../lib/gcc/arm-none-eabi/10.3.1/thumb/v7-m/nofp/crtbegin.o

.rodata         0x08004c7c        0x0
                0x08004c7c                . = ALIGN (0x4)
 *(.rodata)
 *(.rodata*)
                0x08004c7c                . = ALIGN (0x4)

.ARM.extab
 *(.ARM.extab* .gnu.linkonce.armextab.*)

.ARM            0x08004c7c        0x0
                0x08004c7c                __exidx_start = .
 *(.ARM.exidx*)
                0x08004c7c                __exidx_end = .

.preinit_array  0x08004c7c        0x0
                0x08004c7c                PROVIDE (__preinit_array_start = .)
 *(.preinit_array*)
                0x08004c7c                PROVIDE (__preinit_array_end = .)

.init_array     0x08004c7c        0x4
                0x08004c7c                PROVIDE (__init_array_start = .)
 *(SORT_BY_NAME(.init_array.*))
 *(.init_array*)
 .init_array    0x08004c7c        0x4 d:/clion_stm32/gcc-arm-none-eabi-10.3-2021.10/bin/../lib/gcc/arm-none-eabi/10.3.1/thumb/v7-m/nofp/crtbegin.o
                0x08004c80                PROVIDE (__init_array_end = .)

.fini_array     0x08004c80        0x4
                [!provide]                PROVIDE (__fini_array_start = .)
 *(SORT_BY_NAME(.fini_array.*))
 *(.fini_array*)
 .fini_array    0x08004c80        0x4 d:/clion_stm32/gcc-arm-none-eabi-10.3-2021.10/bin/../lib/gcc/arm-none-eabi/10.3.1/thumb/v7-m/nofp/crtbegin.o
                [!provide]                PROVIDE (__fini_array_end = .)
                0x08004c84                __app_end = .
                0x00000884                __size = (__app_end - __app_start)
                0x08004c84                _sidata = LOADADDR (.data)

.data           0x20000000       0x10 load address 0x08004c84
                0x20000000                . = ALIGN (0x4)
                0x20000000                _sdata = .
 *(.data)
 *(.data*)
 .data.IIC_DEV  0x20000000       0x10 CMakeFiles/SU17IAR_app.elf.dir/Src/LM3644YFFR/LM3644YFFR.c.obj
                0x20000000                IIC_DEV
                0x20000010                . = ALIGN (0x4)
                0x20000010                _edata = .

.igot.plt       0x20000010        0x0 load address 0x08004c94
 .igot.plt      0x20000010        0x0 d:/clion_stm32/gcc-arm-none-eabi-10.3-2021.10/bin/../lib/gcc/arm-none-eabi/10.3.1/thumb/v7-m/nofp/crtbegin.o
                0x20000010                . = ALIGN (0x4)

.bss            0x20000010       0x1c load address 0x08004c94
                0x20000010                _sbss = .
                0x20000010                __bss_start__ = _sbss
 *(.bss)
 .bss           0x20000010       0x1c d:/clion_stm32/gcc-arm-none-eabi-10.3-2021.10/bin/../lib/gcc/arm-none-eabi/10.3.1/thumb/v7-m/nofp/crtbegin.o
 *(.bss*)
 *(COMMON)
                0x2000002c                . = ALIGN (0x4)
                0x2000002c                _ebss = .
                0x2000002c                __bss_end__ = _ebss

._user_heap_stack
                0x2000002c      0x604 load address 0x08004c94
                0x20000030                . = ALIGN (0x8)
 *fill*         0x2000002c        0x4 
                [!provide]                PROVIDE (end = .)
                [!provide]                PROVIDE (_end = .)
                0x20000230                . = (. + _Min_Heap_Size)
 *fill*         0x20000030      0x200 
                0x20000630                . = (. + _Min_Stack_Size)
 *fill*         0x20000230      0x400 
                0x20000630                . = ALIGN (0x8)

/DISCARD/
 libc.a(*)
 libm.a(*)
 libgcc.a(*)

.ARM.attributes
                0x00000000       0x29
 *(.ARM.attributes)
 .ARM.attributes
                0x00000000       0x1d d:/clion_stm32/gcc-arm-none-eabi-10.3-2021.10/bin/../lib/gcc/arm-none-eabi/10.3.1/thumb/v7-m/nofp/crti.o
 .ARM.attributes
                0x0000001d       0x2d d:/clion_stm32/gcc-arm-none-eabi-10.3-2021.10/bin/../lib/gcc/arm-none-eabi/10.3.1/thumb/v7-m/nofp/crtbegin.o
 .ARM.attributes
                0x0000004a       0x2d CMakeFiles/SU17IAR_app.elf.dir/Src/main_app.c.obj
 .ARM.attributes
                0x00000077       0x2d CMakeFiles/SU17IAR_app.elf.dir/Src/LM3644YFFR/IIC.c.obj
 .ARM.attributes
                0x000000a4       0x2d CMakeFiles/SU17IAR_app.elf.dir/Src/LM3644YFFR/LM3644YFFR.c.obj
 .ARM.attributes
                0x000000d1       0x2d CMakeFiles/SU17IAR_app.elf.dir/Src/delay/Delay.c.obj
 .ARM.attributes
                0x000000fe       0x2d CMakeFiles/SU17IAR_app.elf.dir/Src/port/port_dev.c.obj
 .ARM.attributes
                0x0000012b       0x2d stm32-libs/src/libstm32Libs.a(stm32f10x_gpio.c.obj)
 .ARM.attributes
                0x00000158       0x2d stm32-libs/src/libstm32Libs.a(stm32f10x_rcc.c.obj)
 .ARM.attributes
                0x00000185       0x21 stm32-libs/src/libstm32Libs.a(startup_stm32f10x_hd.s.obj)
 .ARM.attributes
                0x000001a6       0x2d stm32-libs/src/libstm32Libs.a(system_stm32f10x.c.obj)
 .ARM.attributes
                0x000001d3       0x1d d:/clion_stm32/gcc-arm-none-eabi-10.3-2021.10/bin/../lib/gcc/arm-none-eabi/10.3.1/thumb/v7-m/nofp/crtn.o
OUTPUT(SU17IAR_app.elf elf32-littlearm)
LOAD linker stubs
LOAD d:/clion_stm32/gcc-arm-none-eabi-10.3-2021.10/bin/../lib/gcc/arm-none-eabi/10.3.1/../../../../arm-none-eabi/lib/thumb/v7-m/nofp\libc.a
LOAD d:/clion_stm32/gcc-arm-none-eabi-10.3-2021.10/bin/../lib/gcc/arm-none-eabi/10.3.1/../../../../arm-none-eabi/lib/thumb/v7-m/nofp\libm.a
LOAD d:/clion_stm32/gcc-arm-none-eabi-10.3-2021.10/bin/../lib/gcc/arm-none-eabi/10.3.1/thumb/v7-m/nofp\libgcc.a

.debug_info     0x00000000     0x2a68
 .debug_info    0x00000000      0x101 CMakeFiles/SU17IAR_app.elf.dir/Src/main_app.c.obj
 .debug_info    0x00000101      0x423 CMakeFiles/SU17IAR_app.elf.dir/Src/LM3644YFFR/IIC.c.obj
 .debug_info    0x00000524      0x7f4 CMakeFiles/SU17IAR_app.elf.dir/Src/LM3644YFFR/LM3644YFFR.c.obj
 .debug_info    0x00000d18      0x1a6 CMakeFiles/SU17IAR_app.elf.dir/Src/delay/Delay.c.obj
 .debug_info    0x00000ebe      0x402 CMakeFiles/SU17IAR_app.elf.dir/Src/port/port_dev.c.obj
 .debug_info    0x000012c0      0x922 stm32-libs/src/libstm32Libs.a(stm32f10x_gpio.c.obj)
 .debug_info    0x00001be2      0x983 stm32-libs/src/libstm32Libs.a(stm32f10x_rcc.c.obj)
 .debug_info    0x00002565       0x22 stm32-libs/src/libstm32Libs.a(startup_stm32f10x_hd.s.obj)
 .debug_info    0x00002587      0x4e1 stm32-libs/src/libstm32Libs.a(system_stm32f10x.c.obj)

.debug_abbrev   0x00000000      0xbde
 .debug_abbrev  0x00000000       0x9a CMakeFiles/SU17IAR_app.elf.dir/Src/main_app.c.obj
 .debug_abbrev  0x0000009a      0x14b CMakeFiles/SU17IAR_app.elf.dir/Src/LM3644YFFR/IIC.c.obj
 .debug_abbrev  0x000001e5      0x1cc CMakeFiles/SU17IAR_app.elf.dir/Src/LM3644YFFR/LM3644YFFR.c.obj
 .debug_abbrev  0x000003b1       0xeb CMakeFiles/SU17IAR_app.elf.dir/Src/delay/Delay.c.obj
 .debug_abbrev  0x0000049c      0x17c CMakeFiles/SU17IAR_app.elf.dir/Src/port/port_dev.c.obj
 .debug_abbrev  0x00000618      0x223 stm32-libs/src/libstm32Libs.a(stm32f10x_gpio.c.obj)
 .debug_abbrev  0x0000083b      0x207 stm32-libs/src/libstm32Libs.a(stm32f10x_rcc.c.obj)
 .debug_abbrev  0x00000a42       0x12 stm32-libs/src/libstm32Libs.a(startup_stm32f10x_hd.s.obj)
 .debug_abbrev  0x00000a54      0x18a stm32-libs/src/libstm32Libs.a(system_stm32f10x.c.obj)

.debug_aranges  0x00000000      0x378
 .debug_aranges
                0x00000000       0x20 CMakeFiles/SU17IAR_app.elf.dir/Src/main_app.c.obj
 .debug_aranges
                0x00000020       0x50 CMakeFiles/SU17IAR_app.elf.dir/Src/LM3644YFFR/IIC.c.obj
 .debug_aranges
                0x00000070       0x78 CMakeFiles/SU17IAR_app.elf.dir/Src/LM3644YFFR/LM3644YFFR.c.obj
 .debug_aranges
                0x000000e8       0x38 CMakeFiles/SU17IAR_app.elf.dir/Src/delay/Delay.c.obj
 .debug_aranges
                0x00000120       0x38 CMakeFiles/SU17IAR_app.elf.dir/Src/port/port_dev.c.obj
 .debug_aranges
                0x00000158       0xa8 stm32-libs/src/libstm32Libs.a(stm32f10x_gpio.c.obj)
 .debug_aranges
                0x00000200      0x118 stm32-libs/src/libstm32Libs.a(stm32f10x_rcc.c.obj)
 .debug_aranges
                0x00000318       0x28 stm32-libs/src/libstm32Libs.a(startup_stm32f10x_hd.s.obj)
 .debug_aranges
                0x00000340       0x38 stm32-libs/src/libstm32Libs.a(system_stm32f10x.c.obj)

.debug_ranges   0x00000000      0x2f0
 .debug_ranges  0x00000000       0x10 CMakeFiles/SU17IAR_app.elf.dir/Src/main_app.c.obj
 .debug_ranges  0x00000010       0x40 CMakeFiles/SU17IAR_app.elf.dir/Src/LM3644YFFR/IIC.c.obj
 .debug_ranges  0x00000050       0x68 CMakeFiles/SU17IAR_app.elf.dir/Src/LM3644YFFR/LM3644YFFR.c.obj
 .debug_ranges  0x000000b8       0x28 CMakeFiles/SU17IAR_app.elf.dir/Src/delay/Delay.c.obj
 .debug_ranges  0x000000e0       0x28 CMakeFiles/SU17IAR_app.elf.dir/Src/port/port_dev.c.obj
 .debug_ranges  0x00000108       0x98 stm32-libs/src/libstm32Libs.a(stm32f10x_gpio.c.obj)
 .debug_ranges  0x000001a0      0x108 stm32-libs/src/libstm32Libs.a(stm32f10x_rcc.c.obj)
 .debug_ranges  0x000002a8       0x20 stm32-libs/src/libstm32Libs.a(startup_stm32f10x_hd.s.obj)
 .debug_ranges  0x000002c8       0x28 stm32-libs/src/libstm32Libs.a(system_stm32f10x.c.obj)

.debug_macro    0x00000000     0xdfd6
 .debug_macro   0x00000000      0x1e3 CMakeFiles/SU17IAR_app.elf.dir/Src/main_app.c.obj
 .debug_macro   0x000001e3      0xa8a CMakeFiles/SU17IAR_app.elf.dir/Src/main_app.c.obj
 .debug_macro   0x00000c6d       0x5c CMakeFiles/SU17IAR_app.elf.dir/Src/main_app.c.obj
 .debug_macro   0x00000cc9       0x3a CMakeFiles/SU17IAR_app.elf.dir/Src/main_app.c.obj
 .debug_macro   0x00000d03       0x22 CMakeFiles/SU17IAR_app.elf.dir/Src/main_app.c.obj
 .debug_macro   0x00000d25       0x8e CMakeFiles/SU17IAR_app.elf.dir/Src/main_app.c.obj
 .debug_macro   0x00000db3       0x51 CMakeFiles/SU17IAR_app.elf.dir/Src/main_app.c.obj
 .debug_macro   0x00000e04      0x103 CMakeFiles/SU17IAR_app.elf.dir/Src/main_app.c.obj
 .debug_macro   0x00000f07       0x6a CMakeFiles/SU17IAR_app.elf.dir/Src/main_app.c.obj
 .debug_macro   0x00000f71      0x1df CMakeFiles/SU17IAR_app.elf.dir/Src/main_app.c.obj
 .debug_macro   0x00001150       0x34 CMakeFiles/SU17IAR_app.elf.dir/Src/main_app.c.obj
 .debug_macro   0x00001184      0xb6b CMakeFiles/SU17IAR_app.elf.dir/Src/main_app.c.obj
 .debug_macro   0x00001cef     0x7f62 CMakeFiles/SU17IAR_app.elf.dir/Src/main_app.c.obj
 .debug_macro   0x00009c51      0x2de CMakeFiles/SU17IAR_app.elf.dir/Src/main_app.c.obj
 .debug_macro   0x00009f2f      0x144 CMakeFiles/SU17IAR_app.elf.dir/Src/main_app.c.obj
 .debug_macro   0x0000a073      0x3cf CMakeFiles/SU17IAR_app.elf.dir/Src/main_app.c.obj
 .debug_macro   0x0000a442       0xc8 CMakeFiles/SU17IAR_app.elf.dir/Src/main_app.c.obj
 .debug_macro   0x0000a50a      0x179 CMakeFiles/SU17IAR_app.elf.dir/Src/main_app.c.obj
 .debug_macro   0x0000a683       0xac CMakeFiles/SU17IAR_app.elf.dir/Src/main_app.c.obj
 .debug_macro   0x0000a72f      0x3ad CMakeFiles/SU17IAR_app.elf.dir/Src/main_app.c.obj
 .debug_macro   0x0000aadc       0x9a CMakeFiles/SU17IAR_app.elf.dir/Src/main_app.c.obj
 .debug_macro   0x0000ab76      0x2ce CMakeFiles/SU17IAR_app.elf.dir/Src/main_app.c.obj
 .debug_macro   0x0000ae44      0x279 CMakeFiles/SU17IAR_app.elf.dir/Src/main_app.c.obj
 .debug_macro   0x0000b0bd      0x2ab CMakeFiles/SU17IAR_app.elf.dir/Src/main_app.c.obj
 .debug_macro   0x0000b368      0x2b1 CMakeFiles/SU17IAR_app.elf.dir/Src/main_app.c.obj
 .debug_macro   0x0000b619       0x64 CMakeFiles/SU17IAR_app.elf.dir/Src/main_app.c.obj
 .debug_macro   0x0000b67d       0x82 CMakeFiles/SU17IAR_app.elf.dir/Src/main_app.c.obj
 .debug_macro   0x0000b6ff      0x3e2 CMakeFiles/SU17IAR_app.elf.dir/Src/main_app.c.obj
 .debug_macro   0x0000bae1       0x58 CMakeFiles/SU17IAR_app.elf.dir/Src/main_app.c.obj
 .debug_macro   0x0000bb39      0x341 CMakeFiles/SU17IAR_app.elf.dir/Src/main_app.c.obj
 .debug_macro   0x0000be7a      0x2c3 CMakeFiles/SU17IAR_app.elf.dir/Src/main_app.c.obj
 .debug_macro   0x0000c13d      0x711 CMakeFiles/SU17IAR_app.elf.dir/Src/main_app.c.obj
 .debug_macro   0x0000c84e      0x226 CMakeFiles/SU17IAR_app.elf.dir/Src/main_app.c.obj
 .debug_macro   0x0000ca74       0x34 CMakeFiles/SU17IAR_app.elf.dir/Src/main_app.c.obj
 .debug_macro   0x0000caa8       0x8a CMakeFiles/SU17IAR_app.elf.dir/Src/main_app.c.obj
 .debug_macro   0x0000cb32       0x35 CMakeFiles/SU17IAR_app.elf.dir/Src/main_app.c.obj
 .debug_macro   0x0000cb67       0x22 CMakeFiles/SU17IAR_app.elf.dir/Src/main_app.c.obj
 .debug_macro   0x0000cb89       0x10 CMakeFiles/SU17IAR_app.elf.dir/Src/main_app.c.obj
 .debug_macro   0x0000cb99       0x1c CMakeFiles/SU17IAR_app.elf.dir/Src/main_app.c.obj
 .debug_macro   0x0000cbb5       0x4c CMakeFiles/SU17IAR_app.elf.dir/Src/main_app.c.obj
 .debug_macro   0x0000cc01      0x1bc CMakeFiles/SU17IAR_app.elf.dir/Src/LM3644YFFR/IIC.c.obj
 .debug_macro   0x0000cdbd      0x1ed CMakeFiles/SU17IAR_app.elf.dir/Src/LM3644YFFR/LM3644YFFR.c.obj
 .debug_macro   0x0000cfaa      0x1a5 CMakeFiles/SU17IAR_app.elf.dir/Src/delay/Delay.c.obj
 .debug_macro   0x0000d14f      0x1c5 CMakeFiles/SU17IAR_app.elf.dir/Src/port/port_dev.c.obj
 .debug_macro   0x0000d314      0x1ed stm32-libs/src/libstm32Libs.a(stm32f10x_gpio.c.obj)
 .debug_macro   0x0000d501      0x2a5 stm32-libs/src/libstm32Libs.a(stm32f10x_gpio.c.obj)
 .debug_macro   0x0000d7a6      0x2b7 stm32-libs/src/libstm32Libs.a(stm32f10x_rcc.c.obj)
 .debug_macro   0x0000da5d      0x3dc stm32-libs/src/libstm32Libs.a(stm32f10x_rcc.c.obj)
 .debug_macro   0x0000de39      0x19d stm32-libs/src/libstm32Libs.a(system_stm32f10x.c.obj)

.debug_line     0x00000000     0x3efd
 .debug_line    0x00000000      0x5af CMakeFiles/SU17IAR_app.elf.dir/Src/main_app.c.obj
 .debug_line    0x000005af      0x852 CMakeFiles/SU17IAR_app.elf.dir/Src/LM3644YFFR/IIC.c.obj
 .debug_line    0x00000e01      0x738 CMakeFiles/SU17IAR_app.elf.dir/Src/LM3644YFFR/LM3644YFFR.c.obj
 .debug_line    0x00001539      0x5da CMakeFiles/SU17IAR_app.elf.dir/Src/delay/Delay.c.obj
 .debug_line    0x00001b13      0x614 CMakeFiles/SU17IAR_app.elf.dir/Src/port/port_dev.c.obj
 .debug_line    0x00002127      0xa25 stm32-libs/src/libstm32Libs.a(stm32f10x_gpio.c.obj)
 .debug_line    0x00002b4c      0xbe7 stm32-libs/src/libstm32Libs.a(stm32f10x_rcc.c.obj)
 .debug_line    0x00003733       0xb0 stm32-libs/src/libstm32Libs.a(startup_stm32f10x_hd.s.obj)
 .debug_line    0x000037e3      0x71a stm32-libs/src/libstm32Libs.a(system_stm32f10x.c.obj)

.debug_str      0x00000000    0x50a83
 .debug_str     0x00000000    0x4f474 CMakeFiles/SU17IAR_app.elf.dir/Src/main_app.c.obj
                              0x4f5d5 (size before relaxing)
 .debug_str     0x0004f474       0xb7 CMakeFiles/SU17IAR_app.elf.dir/Src/LM3644YFFR/IIC.c.obj
                              0x4f465 (size before relaxing)
 .debug_str     0x0004f52b      0x164 CMakeFiles/SU17IAR_app.elf.dir/Src/LM3644YFFR/LM3644YFFR.c.obj
                              0x4f78d (size before relaxing)
 .debug_str     0x0004f68f       0x72 CMakeFiles/SU17IAR_app.elf.dir/Src/delay/Delay.c.obj
                              0x4f3ad (size before relaxing)
 .debug_str     0x0004f701      0x1e5 CMakeFiles/SU17IAR_app.elf.dir/Src/port/port_dev.c.obj
                              0x4f616 (size before relaxing)
 .debug_str     0x0004f8e6      0x4a2 stm32-libs/src/libstm32Libs.a(stm32f10x_gpio.c.obj)
                              0x4f971 (size before relaxing)
 .debug_str     0x0004fd88      0xb52 stm32-libs/src/libstm32Libs.a(stm32f10x_rcc.c.obj)
                              0x4ff40 (size before relaxing)
 .debug_str     0x000508da       0x63 stm32-libs/src/libstm32Libs.a(startup_stm32f10x_hd.s.obj)
                                 0x89 (size before relaxing)
 .debug_str     0x0005093d      0x146 stm32-libs/src/libstm32Libs.a(system_stm32f10x.c.obj)
                              0x4f51f (size before relaxing)

.comment        0x00000000       0x49
 .comment       0x00000000       0x49 CMakeFiles/SU17IAR_app.elf.dir/Src/main_app.c.obj
                                 0x4a (size before relaxing)
 .comment       0x00000049       0x4a CMakeFiles/SU17IAR_app.elf.dir/Src/LM3644YFFR/IIC.c.obj
 .comment       0x00000049       0x4a CMakeFiles/SU17IAR_app.elf.dir/Src/LM3644YFFR/LM3644YFFR.c.obj
 .comment       0x00000049       0x4a CMakeFiles/SU17IAR_app.elf.dir/Src/delay/Delay.c.obj
 .comment       0x00000049       0x4a CMakeFiles/SU17IAR_app.elf.dir/Src/port/port_dev.c.obj
 .comment       0x00000049       0x4a stm32-libs/src/libstm32Libs.a(stm32f10x_gpio.c.obj)
 .comment       0x00000049       0x4a stm32-libs/src/libstm32Libs.a(stm32f10x_rcc.c.obj)
 .comment       0x00000049       0x4a stm32-libs/src/libstm32Libs.a(system_stm32f10x.c.obj)

.debug_frame    0x00000000      0x708
 .debug_frame   0x00000000       0x28 CMakeFiles/SU17IAR_app.elf.dir/Src/main_app.c.obj
 .debug_frame   0x00000028       0xc8 CMakeFiles/SU17IAR_app.elf.dir/Src/LM3644YFFR/IIC.c.obj
 .debug_frame   0x000000f0      0x13c CMakeFiles/SU17IAR_app.elf.dir/Src/LM3644YFFR/LM3644YFFR.c.obj
 .debug_frame   0x0000022c       0x68 CMakeFiles/SU17IAR_app.elf.dir/Src/delay/Delay.c.obj
 .debug_frame   0x00000294       0x80 CMakeFiles/SU17IAR_app.elf.dir/Src/port/port_dev.c.obj
 .debug_frame   0x00000314      0x160 stm32-libs/src/libstm32Libs.a(stm32f10x_gpio.c.obj)
 .debug_frame   0x00000474      0x228 stm32-libs/src/libstm32Libs.a(stm32f10x_rcc.c.obj)
 .debug_frame   0x0000069c       0x6c stm32-libs/src/libstm32Libs.a(system_stm32f10x.c.obj)

.debug_loc      0x00000000     0x11fd
 .debug_loc     0x00000000      0x1f8 CMakeFiles/SU17IAR_app.elf.dir/Src/LM3644YFFR/IIC.c.obj
 .debug_loc     0x000001f8      0x16c CMakeFiles/SU17IAR_app.elf.dir/Src/LM3644YFFR/LM3644YFFR.c.obj
 .debug_loc     0x00000364       0xbb CMakeFiles/SU17IAR_app.elf.dir/Src/delay/Delay.c.obj
 .debug_loc     0x0000041f       0x5f CMakeFiles/SU17IAR_app.elf.dir/Src/port/port_dev.c.obj
 .debug_loc     0x0000047e      0x62c stm32-libs/src/libstm32Libs.a(stm32f10x_gpio.c.obj)
 .debug_loc     0x00000aaa      0x654 stm32-libs/src/libstm32Libs.a(stm32f10x_rcc.c.obj)
 .debug_loc     0x000010fe       0xff stm32-libs/src/libstm32Libs.a(system_stm32f10x.c.obj)

Cross Reference Table

Symbol                                            File
ADC1_2_IRQHandler                                 stm32-libs/src/libstm32Libs.a(startup_stm32f10x_hd.s.obj)
ADC3_IRQHandler                                   stm32-libs/src/libstm32Libs.a(startup_stm32f10x_hd.s.obj)
AHBPrescTable                                     stm32-libs/src/libstm32Libs.a(system_stm32f10x.c.obj)
BusFault_Handler                                  stm32-libs/src/libstm32Libs.a(startup_stm32f10x_hd.s.obj)
CAN1_RX1_IRQHandler                               stm32-libs/src/libstm32Libs.a(startup_stm32f10x_hd.s.obj)
CAN1_SCE_IRQHandler                               stm32-libs/src/libstm32Libs.a(startup_stm32f10x_hd.s.obj)
DMA1_Channel1_IRQHandler                          stm32-libs/src/libstm32Libs.a(startup_stm32f10x_hd.s.obj)
DMA1_Channel2_IRQHandler                          stm32-libs/src/libstm32Libs.a(startup_stm32f10x_hd.s.obj)
DMA1_Channel3_IRQHandler                          stm32-libs/src/libstm32Libs.a(startup_stm32f10x_hd.s.obj)
DMA1_Channel4_IRQHandler                          stm32-libs/src/libstm32Libs.a(startup_stm32f10x_hd.s.obj)
DMA1_Channel5_IRQHandler                          stm32-libs/src/libstm32Libs.a(startup_stm32f10x_hd.s.obj)
DMA1_Channel6_IRQHandler                          stm32-libs/src/libstm32Libs.a(startup_stm32f10x_hd.s.obj)
DMA1_Channel7_IRQHandler                          stm32-libs/src/libstm32Libs.a(startup_stm32f10x_hd.s.obj)
DMA2_Channel1_IRQHandler                          stm32-libs/src/libstm32Libs.a(startup_stm32f10x_hd.s.obj)
DMA2_Channel2_IRQHandler                          stm32-libs/src/libstm32Libs.a(startup_stm32f10x_hd.s.obj)
DMA2_Channel3_IRQHandler                          stm32-libs/src/libstm32Libs.a(startup_stm32f10x_hd.s.obj)
DMA2_Channel4_5_IRQHandler                        stm32-libs/src/libstm32Libs.a(startup_stm32f10x_hd.s.obj)
DebugMon_Handler                                  stm32-libs/src/libstm32Libs.a(startup_stm32f10x_hd.s.obj)
Default_Handler                                   stm32-libs/src/libstm32Libs.a(startup_stm32f10x_hd.s.obj)
Delay_ms                                          CMakeFiles/SU17IAR_app.elf.dir/Src/delay/Delay.c.obj
Delay_s                                           CMakeFiles/SU17IAR_app.elf.dir/Src/delay/Delay.c.obj
Delay_us                                          CMakeFiles/SU17IAR_app.elf.dir/Src/delay/Delay.c.obj
EXTI0_IRQHandler                                  stm32-libs/src/libstm32Libs.a(startup_stm32f10x_hd.s.obj)
EXTI15_10_IRQHandler                              stm32-libs/src/libstm32Libs.a(startup_stm32f10x_hd.s.obj)
EXTI1_IRQHandler                                  stm32-libs/src/libstm32Libs.a(startup_stm32f10x_hd.s.obj)
EXTI2_IRQHandler                                  stm32-libs/src/libstm32Libs.a(startup_stm32f10x_hd.s.obj)
EXTI3_IRQHandler                                  stm32-libs/src/libstm32Libs.a(startup_stm32f10x_hd.s.obj)
EXTI4_IRQHandler                                  stm32-libs/src/libstm32Libs.a(startup_stm32f10x_hd.s.obj)
EXTI9_5_IRQHandler                                stm32-libs/src/libstm32Libs.a(startup_stm32f10x_hd.s.obj)
FLASH_IRQHandler                                  stm32-libs/src/libstm32Libs.a(startup_stm32f10x_hd.s.obj)
FSMC_IRQHandler                                   stm32-libs/src/libstm32Libs.a(startup_stm32f10x_hd.s.obj)
GPIO_AFIODeInit                                   stm32-libs/src/libstm32Libs.a(stm32f10x_gpio.c.obj)
GPIO_DeInit                                       stm32-libs/src/libstm32Libs.a(stm32f10x_gpio.c.obj)
GPIO_ETH_MediaInterfaceConfig                     stm32-libs/src/libstm32Libs.a(stm32f10x_gpio.c.obj)
GPIO_EXTILineConfig                               stm32-libs/src/libstm32Libs.a(stm32f10x_gpio.c.obj)
GPIO_EventOutputCmd                               stm32-libs/src/libstm32Libs.a(stm32f10x_gpio.c.obj)
GPIO_EventOutputConfig                            stm32-libs/src/libstm32Libs.a(stm32f10x_gpio.c.obj)
GPIO_Init                                         stm32-libs/src/libstm32Libs.a(stm32f10x_gpio.c.obj)
                                                  CMakeFiles/SU17IAR_app.elf.dir/Src/port/port_dev.c.obj
GPIO_PinLockConfig                                stm32-libs/src/libstm32Libs.a(stm32f10x_gpio.c.obj)
GPIO_PinRemapConfig                               stm32-libs/src/libstm32Libs.a(stm32f10x_gpio.c.obj)
GPIO_ReadInputData                                stm32-libs/src/libstm32Libs.a(stm32f10x_gpio.c.obj)
GPIO_ReadInputDataBit                             stm32-libs/src/libstm32Libs.a(stm32f10x_gpio.c.obj)
                                                  CMakeFiles/SU17IAR_app.elf.dir/Src/port/port_dev.c.obj
GPIO_ReadOutputData                               stm32-libs/src/libstm32Libs.a(stm32f10x_gpio.c.obj)
GPIO_ReadOutputDataBit                            stm32-libs/src/libstm32Libs.a(stm32f10x_gpio.c.obj)
GPIO_ResetBits                                    stm32-libs/src/libstm32Libs.a(stm32f10x_gpio.c.obj)
GPIO_SetBits                                      stm32-libs/src/libstm32Libs.a(stm32f10x_gpio.c.obj)
                                                  CMakeFiles/SU17IAR_app.elf.dir/Src/port/port_dev.c.obj
                                                  CMakeFiles/SU17IAR_app.elf.dir/Src/LM3644YFFR/LM3644YFFR.c.obj
GPIO_StructInit                                   stm32-libs/src/libstm32Libs.a(stm32f10x_gpio.c.obj)
GPIO_Write                                        stm32-libs/src/libstm32Libs.a(stm32f10x_gpio.c.obj)
GPIO_WriteBit                                     stm32-libs/src/libstm32Libs.a(stm32f10x_gpio.c.obj)
                                                  CMakeFiles/SU17IAR_app.elf.dir/Src/port/port_dev.c.obj
HardFault_Handler                                 stm32-libs/src/libstm32Libs.a(startup_stm32f10x_hd.s.obj)
I2C1_ER_IRQHandler                                stm32-libs/src/libstm32Libs.a(startup_stm32f10x_hd.s.obj)
I2C1_EV_IRQHandler                                stm32-libs/src/libstm32Libs.a(startup_stm32f10x_hd.s.obj)
I2C2_ER_IRQHandler                                stm32-libs/src/libstm32Libs.a(startup_stm32f10x_hd.s.obj)
I2C2_EV_IRQHandler                                stm32-libs/src/libstm32Libs.a(startup_stm32f10x_hd.s.obj)
I2c_Init                                          CMakeFiles/SU17IAR_app.elf.dir/Src/port/port_dev.c.obj
                                                  CMakeFiles/SU17IAR_app.elf.dir/Src/LM3644YFFR/LM3644YFFR.c.obj
IIC_DEV                                           CMakeFiles/SU17IAR_app.elf.dir/Src/LM3644YFFR/LM3644YFFR.c.obj
LM3644YFFR_INIT                                   CMakeFiles/SU17IAR_app.elf.dir/Src/LM3644YFFR/LM3644YFFR.c.obj
                                                  CMakeFiles/SU17IAR_app.elf.dir/Src/main_app.c.obj
LM3644YFFR_LEDFlash                               CMakeFiles/SU17IAR_app.elf.dir/Src/LM3644YFFR/LM3644YFFR.c.obj
                                                  CMakeFiles/SU17IAR_app.elf.dir/Src/main_app.c.obj
LM3644YFFR_ReadReg                                CMakeFiles/SU17IAR_app.elf.dir/Src/LM3644YFFR/LM3644YFFR.c.obj
LM3644YFFR_WriteReg                               CMakeFiles/SU17IAR_app.elf.dir/Src/LM3644YFFR/LM3644YFFR.c.obj
MemManage_Handler                                 stm32-libs/src/libstm32Libs.a(startup_stm32f10x_hd.s.obj)
MyI2C_R_SDA                                       CMakeFiles/SU17IAR_app.elf.dir/Src/port/port_dev.c.obj
                                                  CMakeFiles/SU17IAR_app.elf.dir/Src/LM3644YFFR/LM3644YFFR.c.obj
MyI2C_W_SCL                                       CMakeFiles/SU17IAR_app.elf.dir/Src/port/port_dev.c.obj
                                                  CMakeFiles/SU17IAR_app.elf.dir/Src/LM3644YFFR/LM3644YFFR.c.obj
MyI2C_W_SDA                                       CMakeFiles/SU17IAR_app.elf.dir/Src/port/port_dev.c.obj
                                                  CMakeFiles/SU17IAR_app.elf.dir/Src/LM3644YFFR/LM3644YFFR.c.obj
NMI_Handler                                       stm32-libs/src/libstm32Libs.a(startup_stm32f10x_hd.s.obj)
PVD_IRQHandler                                    stm32-libs/src/libstm32Libs.a(startup_stm32f10x_hd.s.obj)
PendSV_Handler                                    stm32-libs/src/libstm32Libs.a(startup_stm32f10x_hd.s.obj)
RCC_ADCCLKConfig                                  stm32-libs/src/libstm32Libs.a(stm32f10x_rcc.c.obj)
RCC_AHBPeriphClockCmd                             stm32-libs/src/libstm32Libs.a(stm32f10x_rcc.c.obj)
RCC_APB1PeriphClockCmd                            stm32-libs/src/libstm32Libs.a(stm32f10x_rcc.c.obj)
RCC_APB1PeriphResetCmd                            stm32-libs/src/libstm32Libs.a(stm32f10x_rcc.c.obj)
RCC_APB2PeriphClockCmd                            stm32-libs/src/libstm32Libs.a(stm32f10x_rcc.c.obj)
                                                  CMakeFiles/SU17IAR_app.elf.dir/Src/port/port_dev.c.obj
RCC_APB2PeriphResetCmd                            stm32-libs/src/libstm32Libs.a(stm32f10x_rcc.c.obj)
                                                  stm32-libs/src/libstm32Libs.a(stm32f10x_gpio.c.obj)
RCC_AdjustHSICalibrationValue                     stm32-libs/src/libstm32Libs.a(stm32f10x_rcc.c.obj)
RCC_BackupResetCmd                                stm32-libs/src/libstm32Libs.a(stm32f10x_rcc.c.obj)
RCC_ClearFlag                                     stm32-libs/src/libstm32Libs.a(stm32f10x_rcc.c.obj)
RCC_ClearITPendingBit                             stm32-libs/src/libstm32Libs.a(stm32f10x_rcc.c.obj)
RCC_ClockSecuritySystemCmd                        stm32-libs/src/libstm32Libs.a(stm32f10x_rcc.c.obj)
RCC_DeInit                                        stm32-libs/src/libstm32Libs.a(stm32f10x_rcc.c.obj)
RCC_GetClocksFreq                                 stm32-libs/src/libstm32Libs.a(stm32f10x_rcc.c.obj)
RCC_GetFlagStatus                                 stm32-libs/src/libstm32Libs.a(stm32f10x_rcc.c.obj)
RCC_GetITStatus                                   stm32-libs/src/libstm32Libs.a(stm32f10x_rcc.c.obj)
RCC_GetSYSCLKSource                               stm32-libs/src/libstm32Libs.a(stm32f10x_rcc.c.obj)
RCC_HCLKConfig                                    stm32-libs/src/libstm32Libs.a(stm32f10x_rcc.c.obj)
RCC_HSEConfig                                     stm32-libs/src/libstm32Libs.a(stm32f10x_rcc.c.obj)
RCC_HSICmd                                        stm32-libs/src/libstm32Libs.a(stm32f10x_rcc.c.obj)
RCC_IRQHandler                                    stm32-libs/src/libstm32Libs.a(startup_stm32f10x_hd.s.obj)
RCC_ITConfig                                      stm32-libs/src/libstm32Libs.a(stm32f10x_rcc.c.obj)
RCC_LSEConfig                                     stm32-libs/src/libstm32Libs.a(stm32f10x_rcc.c.obj)
RCC_LSICmd                                        stm32-libs/src/libstm32Libs.a(stm32f10x_rcc.c.obj)
RCC_MCOConfig                                     stm32-libs/src/libstm32Libs.a(stm32f10x_rcc.c.obj)
RCC_PCLK1Config                                   stm32-libs/src/libstm32Libs.a(stm32f10x_rcc.c.obj)
RCC_PCLK2Config                                   stm32-libs/src/libstm32Libs.a(stm32f10x_rcc.c.obj)
RCC_PLLCmd                                        stm32-libs/src/libstm32Libs.a(stm32f10x_rcc.c.obj)
RCC_PLLConfig                                     stm32-libs/src/libstm32Libs.a(stm32f10x_rcc.c.obj)
RCC_RTCCLKCmd                                     stm32-libs/src/libstm32Libs.a(stm32f10x_rcc.c.obj)
RCC_RTCCLKConfig                                  stm32-libs/src/libstm32Libs.a(stm32f10x_rcc.c.obj)
RCC_SYSCLKConfig                                  stm32-libs/src/libstm32Libs.a(stm32f10x_rcc.c.obj)
RCC_USBCLKConfig                                  stm32-libs/src/libstm32Libs.a(stm32f10x_rcc.c.obj)
RCC_WaitForHSEStartUp                             stm32-libs/src/libstm32Libs.a(stm32f10x_rcc.c.obj)
RTCAlarm_IRQHandler                               stm32-libs/src/libstm32Libs.a(startup_stm32f10x_hd.s.obj)
RTC_IRQHandler                                    stm32-libs/src/libstm32Libs.a(startup_stm32f10x_hd.s.obj)
Reset_Handler                                     stm32-libs/src/libstm32Libs.a(startup_stm32f10x_hd.s.obj)
SDIO_IRQHandler                                   stm32-libs/src/libstm32Libs.a(startup_stm32f10x_hd.s.obj)
SEGGER_RTT_ASM_WriteSkipNoLock                    CMakeFiles/SU17IAR_app.elf.dir/Src/SEGGER_RTT/RTT/SEGGER_RTT_ASM_ARMv7M.S.obj
SEGGER_RTT_AllocDownBuffer                        CMakeFiles/SU17IAR_app.elf.dir/Src/SEGGER_RTT/RTT/SEGGER_RTT.c.obj
SEGGER_RTT_AllocUpBuffer                          CMakeFiles/SU17IAR_app.elf.dir/Src/SEGGER_RTT/RTT/SEGGER_RTT.c.obj
SEGGER_RTT_ConfigDownBuffer                       CMakeFiles/SU17IAR_app.elf.dir/Src/SEGGER_RTT/RTT/SEGGER_RTT.c.obj
SEGGER_RTT_ConfigUpBuffer                         CMakeFiles/SU17IAR_app.elf.dir/Src/SEGGER_RTT/RTT/SEGGER_RTT.c.obj
SEGGER_RTT_GetAvailWriteSpace                     CMakeFiles/SU17IAR_app.elf.dir/Src/SEGGER_RTT/RTT/SEGGER_RTT.c.obj
SEGGER_RTT_GetBytesInBuffer                       CMakeFiles/SU17IAR_app.elf.dir/Src/SEGGER_RTT/RTT/SEGGER_RTT.c.obj
SEGGER_RTT_GetKey                                 CMakeFiles/SU17IAR_app.elf.dir/Src/SEGGER_RTT/RTT/SEGGER_RTT.c.obj
SEGGER_RTT_HasData                                CMakeFiles/SU17IAR_app.elf.dir/Src/SEGGER_RTT/RTT/SEGGER_RTT.c.obj
SEGGER_RTT_HasDataUp                              CMakeFiles/SU17IAR_app.elf.dir/Src/SEGGER_RTT/RTT/SEGGER_RTT.c.obj
SEGGER_RTT_HasKey                                 CMakeFiles/SU17IAR_app.elf.dir/Src/SEGGER_RTT/RTT/SEGGER_RTT.c.obj
SEGGER_RTT_Init                                   CMakeFiles/SU17IAR_app.elf.dir/Src/SEGGER_RTT/RTT/SEGGER_RTT.c.obj
SEGGER_RTT_PutChar                                CMakeFiles/SU17IAR_app.elf.dir/Src/SEGGER_RTT/RTT/SEGGER_RTT.c.obj
SEGGER_RTT_PutCharSkip                            CMakeFiles/SU17IAR_app.elf.dir/Src/SEGGER_RTT/RTT/SEGGER_RTT.c.obj
SEGGER_RTT_PutCharSkipNoLock                      CMakeFiles/SU17IAR_app.elf.dir/Src/SEGGER_RTT/RTT/SEGGER_RTT.c.obj
SEGGER_RTT_Read                                   CMakeFiles/SU17IAR_app.elf.dir/Src/SEGGER_RTT/RTT/SEGGER_RTT.c.obj
SEGGER_RTT_ReadNoLock                             CMakeFiles/SU17IAR_app.elf.dir/Src/SEGGER_RTT/RTT/SEGGER_RTT.c.obj
SEGGER_RTT_ReadUpBuffer                           CMakeFiles/SU17IAR_app.elf.dir/Src/SEGGER_RTT/RTT/SEGGER_RTT.c.obj
SEGGER_RTT_ReadUpBufferNoLock                     CMakeFiles/SU17IAR_app.elf.dir/Src/SEGGER_RTT/RTT/SEGGER_RTT.c.obj
SEGGER_RTT_SetFlagsDownBuffer                     CMakeFiles/SU17IAR_app.elf.dir/Src/SEGGER_RTT/RTT/SEGGER_RTT.c.obj
SEGGER_RTT_SetFlagsUpBuffer                       CMakeFiles/SU17IAR_app.elf.dir/Src/SEGGER_RTT/RTT/SEGGER_RTT.c.obj
SEGGER_RTT_SetNameDownBuffer                      CMakeFiles/SU17IAR_app.elf.dir/Src/SEGGER_RTT/RTT/SEGGER_RTT.c.obj
SEGGER_RTT_SetNameUpBuffer                        CMakeFiles/SU17IAR_app.elf.dir/Src/SEGGER_RTT/RTT/SEGGER_RTT.c.obj
SEGGER_RTT_SetTerminal                            CMakeFiles/SU17IAR_app.elf.dir/Src/SEGGER_RTT/RTT/SEGGER_RTT.c.obj
SEGGER_RTT_TerminalOut                            CMakeFiles/SU17IAR_app.elf.dir/Src/SEGGER_RTT/RTT/SEGGER_RTT.c.obj
SEGGER_RTT_WaitKey                                CMakeFiles/SU17IAR_app.elf.dir/Src/SEGGER_RTT/RTT/SEGGER_RTT.c.obj
SEGGER_RTT_Write                                  CMakeFiles/SU17IAR_app.elf.dir/Src/SEGGER_RTT/RTT/SEGGER_RTT.c.obj
                                                  CMakeFiles/SU17IAR_app.elf.dir/Src/SEGGER_RTT/RTT/SEGGER_RTT_printf.c.obj
SEGGER_RTT_WriteDownBuffer                        CMakeFiles/SU17IAR_app.elf.dir/Src/SEGGER_RTT/RTT/SEGGER_RTT.c.obj
SEGGER_RTT_WriteDownBufferNoLock                  CMakeFiles/SU17IAR_app.elf.dir/Src/SEGGER_RTT/RTT/SEGGER_RTT.c.obj
SEGGER_RTT_WriteNoLock                            CMakeFiles/SU17IAR_app.elf.dir/Src/SEGGER_RTT/RTT/SEGGER_RTT.c.obj
SEGGER_RTT_WriteString                            CMakeFiles/SU17IAR_app.elf.dir/Src/SEGGER_RTT/RTT/SEGGER_RTT.c.obj
SEGGER_RTT_WriteWithOverwriteNoLock               CMakeFiles/SU17IAR_app.elf.dir/Src/SEGGER_RTT/RTT/SEGGER_RTT.c.obj
SEGGER_RTT_printf                                 CMakeFiles/SU17IAR_app.elf.dir/Src/SEGGER_RTT/RTT/SEGGER_RTT_printf.c.obj
SEGGER_RTT_vprintf                                CMakeFiles/SU17IAR_app.elf.dir/Src/SEGGER_RTT/RTT/SEGGER_RTT_printf.c.obj
SPI1_IRQHandler                                   stm32-libs/src/libstm32Libs.a(startup_stm32f10x_hd.s.obj)
SPI2_IRQHandler                                   stm32-libs/src/libstm32Libs.a(startup_stm32f10x_hd.s.obj)
SPI3_IRQHandler                                   stm32-libs/src/libstm32Libs.a(startup_stm32f10x_hd.s.obj)
SVC_Handler                                       stm32-libs/src/libstm32Libs.a(startup_stm32f10x_hd.s.obj)
SysTick_Handler                                   stm32-libs/src/libstm32Libs.a(startup_stm32f10x_hd.s.obj)
SystemCoreClock                                   stm32-libs/src/libstm32Libs.a(system_stm32f10x.c.obj)
SystemCoreClockUpdate                             stm32-libs/src/libstm32Libs.a(system_stm32f10x.c.obj)
SystemInit                                        stm32-libs/src/libstm32Libs.a(system_stm32f10x.c.obj)
                                                  stm32-libs/src/libstm32Libs.a(startup_stm32f10x_hd.s.obj)
TAMPER_IRQHandler                                 stm32-libs/src/libstm32Libs.a(startup_stm32f10x_hd.s.obj)
TIM1_BRK_IRQHandler                               stm32-libs/src/libstm32Libs.a(startup_stm32f10x_hd.s.obj)
TIM1_CC_IRQHandler                                stm32-libs/src/libstm32Libs.a(startup_stm32f10x_hd.s.obj)
TIM1_TRG_COM_IRQHandler                           stm32-libs/src/libstm32Libs.a(startup_stm32f10x_hd.s.obj)
TIM1_UP_IRQHandler                                stm32-libs/src/libstm32Libs.a(startup_stm32f10x_hd.s.obj)
TIM2_IRQHandler                                   stm32-libs/src/libstm32Libs.a(startup_stm32f10x_hd.s.obj)
TIM3_IRQHandler                                   stm32-libs/src/libstm32Libs.a(startup_stm32f10x_hd.s.obj)
TIM4_IRQHandler                                   stm32-libs/src/libstm32Libs.a(startup_stm32f10x_hd.s.obj)
TIM5_IRQHandler                                   stm32-libs/src/libstm32Libs.a(startup_stm32f10x_hd.s.obj)
TIM6_IRQHandler                                   stm32-libs/src/libstm32Libs.a(startup_stm32f10x_hd.s.obj)
TIM7_IRQHandler                                   stm32-libs/src/libstm32Libs.a(startup_stm32f10x_hd.s.obj)
TIM8_BRK_IRQHandler                               stm32-libs/src/libstm32Libs.a(startup_stm32f10x_hd.s.obj)
TIM8_CC_IRQHandler                                stm32-libs/src/libstm32Libs.a(startup_stm32f10x_hd.s.obj)
TIM8_TRG_COM_IRQHandler                           stm32-libs/src/libstm32Libs.a(startup_stm32f10x_hd.s.obj)
TIM8_UP_IRQHandler                                stm32-libs/src/libstm32Libs.a(startup_stm32f10x_hd.s.obj)
UART4_IRQHandler                                  stm32-libs/src/libstm32Libs.a(startup_stm32f10x_hd.s.obj)
UART5_IRQHandler                                  stm32-libs/src/libstm32Libs.a(startup_stm32f10x_hd.s.obj)
USART1_IRQHandler                                 stm32-libs/src/libstm32Libs.a(startup_stm32f10x_hd.s.obj)
USART2_IRQHandler                                 stm32-libs/src/libstm32Libs.a(startup_stm32f10x_hd.s.obj)
USART3_IRQHandler                                 stm32-libs/src/libstm32Libs.a(startup_stm32f10x_hd.s.obj)
USBWakeUp_IRQHandler                              stm32-libs/src/libstm32Libs.a(startup_stm32f10x_hd.s.obj)
USB_HP_CAN1_TX_IRQHandler                         stm32-libs/src/libstm32Libs.a(startup_stm32f10x_hd.s.obj)
USB_LP_CAN1_RX0_IRQHandler                        stm32-libs/src/libstm32Libs.a(startup_stm32f10x_hd.s.obj)
UsageFault_Handler                                stm32-libs/src/libstm32Libs.a(startup_stm32f10x_hd.s.obj)
WWDG_IRQHandler                                   stm32-libs/src/libstm32Libs.a(startup_stm32f10x_hd.s.obj)
_SEGGER_RTT                                       CMakeFiles/SU17IAR_app.elf.dir/Src/SEGGER_RTT/RTT/SEGGER_RTT.c.obj
                                                  CMakeFiles/SU17IAR_app.elf.dir/Src/SEGGER_RTT/RTT/SEGGER_RTT_ASM_ARMv7M.S.obj
__bss_end__                                       d:/clion_stm32/gcc-arm-none-eabi-10.3-2021.10/bin/../lib/gcc/arm-none-eabi/10.3.1/../../../../arm-none-eabi/lib/thumb/v7-m/nofp/crt0.o
__bss_start__                                     d:/clion_stm32/gcc-arm-none-eabi-10.3-2021.10/bin/../lib/gcc/arm-none-eabi/10.3.1/../../../../arm-none-eabi/lib/thumb/v7-m/nofp/crt0.o
__call_exitprocs                                  d:/clion_stm32/gcc-arm-none-eabi-10.3-2021.10/bin/../lib/gcc/arm-none-eabi/10.3.1/../../../../arm-none-eabi/lib/thumb/v7-m/nofp\libg_nano.a(lib_a-exit.o)
__deregister_frame_info                           d:/clion_stm32/gcc-arm-none-eabi-10.3-2021.10/bin/../lib/gcc/arm-none-eabi/10.3.1/thumb/v7-m/nofp/crtbegin.o
__dso_handle                                      d:/clion_stm32/gcc-arm-none-eabi-10.3-2021.10/bin/../lib/gcc/arm-none-eabi/10.3.1/thumb/v7-m/nofp/crtbegin.o
__init_array_end                                  d:/clion_stm32/gcc-arm-none-eabi-10.3-2021.10/bin/../lib/gcc/arm-none-eabi/10.3.1/../../../../arm-none-eabi/lib/thumb/v7-m/nofp\libg_nano.a(lib_a-init.o)
__init_array_start                                d:/clion_stm32/gcc-arm-none-eabi-10.3-2021.10/bin/../lib/gcc/arm-none-eabi/10.3.1/../../../../arm-none-eabi/lib/thumb/v7-m/nofp\libg_nano.a(lib_a-init.o)
__libc_fini_array                                 d:/clion_stm32/gcc-arm-none-eabi-10.3-2021.10/bin/../lib/gcc/arm-none-eabi/10.3.1/../../../../arm-none-eabi/lib/thumb/v7-m/nofp/crt0.o
__libc_init_array                                 d:/clion_stm32/gcc-arm-none-eabi-10.3-2021.10/bin/../lib/gcc/arm-none-eabi/10.3.1/../../../../arm-none-eabi/lib/thumb/v7-m/nofp\libg_nano.a(lib_a-init.o)
                                                  d:/clion_stm32/gcc-arm-none-eabi-10.3-2021.10/bin/../lib/gcc/arm-none-eabi/10.3.1/../../../../arm-none-eabi/lib/thumb/v7-m/nofp/crt0.o
__preinit_array_end                               d:/clion_stm32/gcc-arm-none-eabi-10.3-2021.10/bin/../lib/gcc/arm-none-eabi/10.3.1/../../../../arm-none-eabi/lib/thumb/v7-m/nofp\libg_nano.a(lib_a-init.o)
__preinit_array_start                             d:/clion_stm32/gcc-arm-none-eabi-10.3-2021.10/bin/../lib/gcc/arm-none-eabi/10.3.1/../../../../arm-none-eabi/lib/thumb/v7-m/nofp\libg_nano.a(lib_a-init.o)
__register_frame_info                             d:/clion_stm32/gcc-arm-none-eabi-10.3-2021.10/bin/../lib/gcc/arm-none-eabi/10.3.1/thumb/v7-m/nofp/crtbegin.o
__sf_fake_stderr                                  d:/clion_stm32/gcc-arm-none-eabi-10.3-2021.10/bin/../lib/gcc/arm-none-eabi/10.3.1/../../../../arm-none-eabi/lib/thumb/v7-m/nofp\libg_nano.a(lib_a-impure.o)
__sf_fake_stdin                                   d:/clion_stm32/gcc-arm-none-eabi-10.3-2021.10/bin/../lib/gcc/arm-none-eabi/10.3.1/../../../../arm-none-eabi/lib/thumb/v7-m/nofp\libg_nano.a(lib_a-impure.o)
__sf_fake_stdout                                  d:/clion_stm32/gcc-arm-none-eabi-10.3-2021.10/bin/../lib/gcc/arm-none-eabi/10.3.1/../../../../arm-none-eabi/lib/thumb/v7-m/nofp\libg_nano.a(lib_a-impure.o)
__stack                                           d:/clion_stm32/gcc-arm-none-eabi-10.3-2021.10/bin/../lib/gcc/arm-none-eabi/10.3.1/../../../../arm-none-eabi/lib/thumb/v7-m/nofp/crt0.o
_ebss                                             stm32-libs/src/libstm32Libs.a(startup_stm32f10x_hd.s.obj)
_edata                                            stm32-libs/src/libstm32Libs.a(startup_stm32f10x_hd.s.obj)
_estack                                           stm32-libs/src/libstm32Libs.a(startup_stm32f10x_hd.s.obj)
_exit                                             d:/clion_stm32/gcc-arm-none-eabi-10.3-2021.10/bin/../lib/gcc/arm-none-eabi/10.3.1/../../../../arm-none-eabi/lib/thumb/v7-m/nofp\libnosys.a(_exit.o)
                                                  d:/clion_stm32/gcc-arm-none-eabi-10.3-2021.10/bin/../lib/gcc/arm-none-eabi/10.3.1/../../../../arm-none-eabi/lib/thumb/v7-m/nofp\libg_nano.a(lib_a-exit.o)
_fini                                             d:/clion_stm32/gcc-arm-none-eabi-10.3-2021.10/bin/../lib/gcc/arm-none-eabi/10.3.1/thumb/v7-m/nofp/crti.o
_global_impure_ptr                                d:/clion_stm32/gcc-arm-none-eabi-10.3-2021.10/bin/../lib/gcc/arm-none-eabi/10.3.1/../../../../arm-none-eabi/lib/thumb/v7-m/nofp\libg_nano.a(lib_a-impure.o)
                                                  d:/clion_stm32/gcc-arm-none-eabi-10.3-2021.10/bin/../lib/gcc/arm-none-eabi/10.3.1/../../../../arm-none-eabi/lib/thumb/v7-m/nofp\libg_nano.a(lib_a-exit.o)
_impure_ptr                                       d:/clion_stm32/gcc-arm-none-eabi-10.3-2021.10/bin/../lib/gcc/arm-none-eabi/10.3.1/../../../../arm-none-eabi/lib/thumb/v7-m/nofp\libg_nano.a(lib_a-impure.o)
_init                                             d:/clion_stm32/gcc-arm-none-eabi-10.3-2021.10/bin/../lib/gcc/arm-none-eabi/10.3.1/thumb/v7-m/nofp/crti.o
                                                  d:/clion_stm32/gcc-arm-none-eabi-10.3-2021.10/bin/../lib/gcc/arm-none-eabi/10.3.1/../../../../arm-none-eabi/lib/thumb/v7-m/nofp\libg_nano.a(lib_a-init.o)
_mainCRTStartup                                   d:/clion_stm32/gcc-arm-none-eabi-10.3-2021.10/bin/../lib/gcc/arm-none-eabi/10.3.1/../../../../arm-none-eabi/lib/thumb/v7-m/nofp/crt0.o
_sbss                                             stm32-libs/src/libstm32Libs.a(startup_stm32f10x_hd.s.obj)
_sdata                                            stm32-libs/src/libstm32Libs.a(startup_stm32f10x_hd.s.obj)
_sidata                                           stm32-libs/src/libstm32Libs.a(startup_stm32f10x_hd.s.obj)
_stack_init                                       d:/clion_stm32/gcc-arm-none-eabi-10.3-2021.10/bin/../lib/gcc/arm-none-eabi/10.3.1/../../../../arm-none-eabi/lib/thumb/v7-m/nofp/crt0.o
_start                                            d:/clion_stm32/gcc-arm-none-eabi-10.3-2021.10/bin/../lib/gcc/arm-none-eabi/10.3.1/../../../../arm-none-eabi/lib/thumb/v7-m/nofp/crt0.o
atexit                                            d:/clion_stm32/gcc-arm-none-eabi-10.3-2021.10/bin/../lib/gcc/arm-none-eabi/10.3.1/../../../../arm-none-eabi/lib/thumb/v7-m/nofp/crt0.o
exit                                              d:/clion_stm32/gcc-arm-none-eabi-10.3-2021.10/bin/../lib/gcc/arm-none-eabi/10.3.1/../../../../arm-none-eabi/lib/thumb/v7-m/nofp\libg_nano.a(lib_a-exit.o)
                                                  d:/clion_stm32/gcc-arm-none-eabi-10.3-2021.10/bin/../lib/gcc/arm-none-eabi/10.3.1/../../../../arm-none-eabi/lib/thumb/v7-m/nofp/crt0.o
g_pfnVectors                                      stm32-libs/src/libstm32Libs.a(startup_stm32f10x_hd.s.obj)
hardware_init_hook                                d:/clion_stm32/gcc-arm-none-eabi-10.3-2021.10/bin/../lib/gcc/arm-none-eabi/10.3.1/../../../../arm-none-eabi/lib/thumb/v7-m/nofp/crt0.o
i2c_Delay                                         CMakeFiles/SU17IAR_app.elf.dir/Src/delay/Delay.c.obj
                                                  CMakeFiles/SU17IAR_app.elf.dir/Src/LM3644YFFR/LM3644YFFR.c.obj
iicAck                                            CMakeFiles/SU17IAR_app.elf.dir/Src/LM3644YFFR/IIC.c.obj
iicNoAck                                          CMakeFiles/SU17IAR_app.elf.dir/Src/LM3644YFFR/IIC.c.obj
iicReadByte                                       CMakeFiles/SU17IAR_app.elf.dir/Src/LM3644YFFR/IIC.c.obj
                                                  CMakeFiles/SU17IAR_app.elf.dir/Src/LM3644YFFR/LM3644YFFR.c.obj
iicSendByte                                       CMakeFiles/SU17IAR_app.elf.dir/Src/LM3644YFFR/IIC.c.obj
                                                  CMakeFiles/SU17IAR_app.elf.dir/Src/LM3644YFFR/LM3644YFFR.c.obj
iicStart                                          CMakeFiles/SU17IAR_app.elf.dir/Src/LM3644YFFR/IIC.c.obj
                                                  CMakeFiles/SU17IAR_app.elf.dir/Src/LM3644YFFR/LM3644YFFR.c.obj
iicStop                                           CMakeFiles/SU17IAR_app.elf.dir/Src/LM3644YFFR/IIC.c.obj
                                                  CMakeFiles/SU17IAR_app.elf.dir/Src/LM3644YFFR/LM3644YFFR.c.obj
iicWaitAck                                        CMakeFiles/SU17IAR_app.elf.dir/Src/LM3644YFFR/IIC.c.obj
                                                  CMakeFiles/SU17IAR_app.elf.dir/Src/LM3644YFFR/LM3644YFFR.c.obj
main                                              CMakeFiles/SU17IAR_app.elf.dir/Src/main_app.c.obj
                                                  stm32-libs/src/libstm32Libs.a(startup_stm32f10x_hd.s.obj)
                                                  d:/clion_stm32/gcc-arm-none-eabi-10.3-2021.10/bin/../lib/gcc/arm-none-eabi/10.3.1/../../../../arm-none-eabi/lib/thumb/v7-m/nofp/crt0.o
memcpy                                            d:/clion_stm32/gcc-arm-none-eabi-10.3-2021.10/bin/../lib/gcc/arm-none-eabi/10.3.1/../../../../arm-none-eabi/lib/thumb/v7-m/nofp\libg_nano.a(lib_a-memcpy-stub.o)
                                                  CMakeFiles/SU17IAR_app.elf.dir/Src/SEGGER_RTT/RTT/SEGGER_RTT.c.obj
memset                                            d:/clion_stm32/gcc-arm-none-eabi-10.3-2021.10/bin/../lib/gcc/arm-none-eabi/10.3.1/../../../../arm-none-eabi/lib/thumb/v7-m/nofp\libg_nano.a(lib_a-memset.o)
                                                  d:/clion_stm32/gcc-arm-none-eabi-10.3-2021.10/bin/../lib/gcc/arm-none-eabi/10.3.1/../../../../arm-none-eabi/lib/thumb/v7-m/nofp/crt0.o
software_init_hook                                d:/clion_stm32/gcc-arm-none-eabi-10.3-2021.10/bin/../lib/gcc/arm-none-eabi/10.3.1/../../../../arm-none-eabi/lib/thumb/v7-m/nofp/crt0.o
strlen                                            d:/clion_stm32/gcc-arm-none-eabi-10.3-2021.10/bin/../lib/gcc/arm-none-eabi/10.3.1/../../../../arm-none-eabi/lib/thumb/v7-m/nofp\libg_nano.a(lib_a-strlen.o)
                                                  CMakeFiles/SU17IAR_app.elf.dir/Src/SEGGER_RTT/RTT/SEGGER_RTT.c.obj
