Archive member included to satisfy reference by file (symbol)

stm32-libs/src/libstm32Libs.a(system_stm32f10x.c.obj)
                              CMakeFiles/SU17IAR_boot.elf.dir/Src/main_boot.c.obj (SystemCoreClock)
stm32-libs/src/libstm32Libs.a(stm32f10x_flash.c.obj)
                              CMakeFiles/SU17IAR_boot.elf.dir/Src/main_boot.c.obj (FLASH_Unlock)
stm32-libs/src/libstm32Libs.a(stm32f10x_gpio.c.obj)
                              CMakeFiles/SU17IAR_boot.elf.dir/Src/port/port_dev.c.obj (GPIO_Init)
stm32-libs/src/libstm32Libs.a(stm32f10x_rcc.c.obj)
                              CMakeFiles/SU17IAR_boot.elf.dir/Src/port/port_dev.c.obj (RCC_APB2PeriphClockCmd)
stm32-libs/src/libstm32Libs.a(startup_stm32f10x_hd.s.obj)
                              (Reset_Handler)
stm32IAP/src/libstm32iap.a(iap.c.obj)
                              CMakeFiles/SU17IAR_boot.elf.dir/Src/main_boot.c.obj (iapInit)
d:/clion_stm32/gcc-arm-none-eabi-10.3-2021.10/bin/../lib/gcc/arm-none-eabi/10.3.1/../../../../arm-none-eabi/lib/thumb/v7-m/nofp\libg_nano.a(lib_a-exit.o)
                              d:/clion_stm32/gcc-arm-none-eabi-10.3-2021.10/bin/../lib/gcc/arm-none-eabi/10.3.1/../../../../arm-none-eabi/lib/thumb/v7-m/nofp/crt0.o (exit)
d:/clion_stm32/gcc-arm-none-eabi-10.3-2021.10/bin/../lib/gcc/arm-none-eabi/10.3.1/../../../../arm-none-eabi/lib/thumb/v7-m/nofp\libg_nano.a(lib_a-impure.o)
                              d:/clion_stm32/gcc-arm-none-eabi-10.3-2021.10/bin/../lib/gcc/arm-none-eabi/10.3.1/../../../../arm-none-eabi/lib/thumb/v7-m/nofp\libg_nano.a(lib_a-exit.o) (_global_impure_ptr)
d:/clion_stm32/gcc-arm-none-eabi-10.3-2021.10/bin/../lib/gcc/arm-none-eabi/10.3.1/../../../../arm-none-eabi/lib/thumb/v7-m/nofp\libg_nano.a(lib_a-init.o)
                              d:/clion_stm32/gcc-arm-none-eabi-10.3-2021.10/bin/../lib/gcc/arm-none-eabi/10.3.1/../../../../arm-none-eabi/lib/thumb/v7-m/nofp/crt0.o (__libc_init_array)
d:/clion_stm32/gcc-arm-none-eabi-10.3-2021.10/bin/../lib/gcc/arm-none-eabi/10.3.1/../../../../arm-none-eabi/lib/thumb/v7-m/nofp\libg_nano.a(lib_a-memcpy-stub.o)
                              CMakeFiles/SU17IAR_boot.elf.dir/Src/SEGGER_RTT/RTT/SEGGER_RTT.c.obj (memcpy)
d:/clion_stm32/gcc-arm-none-eabi-10.3-2021.10/bin/../lib/gcc/arm-none-eabi/10.3.1/../../../../arm-none-eabi/lib/thumb/v7-m/nofp\libg_nano.a(lib_a-memset.o)
                              d:/clion_stm32/gcc-arm-none-eabi-10.3-2021.10/bin/../lib/gcc/arm-none-eabi/10.3.1/../../../../arm-none-eabi/lib/thumb/v7-m/nofp/crt0.o (memset)
d:/clion_stm32/gcc-arm-none-eabi-10.3-2021.10/bin/../lib/gcc/arm-none-eabi/10.3.1/../../../../arm-none-eabi/lib/thumb/v7-m/nofp\libg_nano.a(lib_a-strlen.o)
                              CMakeFiles/SU17IAR_boot.elf.dir/Src/SEGGER_RTT/RTT/SEGGER_RTT.c.obj (strlen)
d:/clion_stm32/gcc-arm-none-eabi-10.3-2021.10/bin/../lib/gcc/arm-none-eabi/10.3.1/../../../../arm-none-eabi/lib/thumb/v7-m/nofp\libnosys.a(_exit.o)
                              d:/clion_stm32/gcc-arm-none-eabi-10.3-2021.10/bin/../lib/gcc/arm-none-eabi/10.3.1/../../../../arm-none-eabi/lib/thumb/v7-m/nofp\libg_nano.a(lib_a-exit.o) (_exit)

Discarded input sections

 .text          0x00000000        0x0 d:/clion_stm32/gcc-arm-none-eabi-10.3-2021.10/bin/../lib/gcc/arm-none-eabi/10.3.1/thumb/v7-m/nofp/crti.o
 .data          0x00000000        0x0 d:/clion_stm32/gcc-arm-none-eabi-10.3-2021.10/bin/../lib/gcc/arm-none-eabi/10.3.1/thumb/v7-m/nofp/crti.o
 .bss           0x00000000        0x0 d:/clion_stm32/gcc-arm-none-eabi-10.3-2021.10/bin/../lib/gcc/arm-none-eabi/10.3.1/thumb/v7-m/nofp/crti.o
 .data          0x00000000        0x4 d:/clion_stm32/gcc-arm-none-eabi-10.3-2021.10/bin/../lib/gcc/arm-none-eabi/10.3.1/thumb/v7-m/nofp/crtbegin.o
 .rodata        0x00000000       0x24 d:/clion_stm32/gcc-arm-none-eabi-10.3-2021.10/bin/../lib/gcc/arm-none-eabi/10.3.1/thumb/v7-m/nofp/crtbegin.o
 .text          0x00000000       0x7c d:/clion_stm32/gcc-arm-none-eabi-10.3-2021.10/bin/../lib/gcc/arm-none-eabi/10.3.1/../../../../arm-none-eabi/lib/thumb/v7-m/nofp/crt0.o
 .data          0x00000000        0x0 d:/clion_stm32/gcc-arm-none-eabi-10.3-2021.10/bin/../lib/gcc/arm-none-eabi/10.3.1/../../../../arm-none-eabi/lib/thumb/v7-m/nofp/crt0.o
 .bss           0x00000000        0x0 d:/clion_stm32/gcc-arm-none-eabi-10.3-2021.10/bin/../lib/gcc/arm-none-eabi/10.3.1/../../../../arm-none-eabi/lib/thumb/v7-m/nofp/crt0.o
 .ARM.extab     0x00000000        0x0 d:/clion_stm32/gcc-arm-none-eabi-10.3-2021.10/bin/../lib/gcc/arm-none-eabi/10.3.1/../../../../arm-none-eabi/lib/thumb/v7-m/nofp/crt0.o
 .ARM.exidx     0x00000000       0x10 d:/clion_stm32/gcc-arm-none-eabi-10.3-2021.10/bin/../lib/gcc/arm-none-eabi/10.3.1/../../../../arm-none-eabi/lib/thumb/v7-m/nofp/crt0.o
 .ARM.attributes
                0x00000000       0x1b d:/clion_stm32/gcc-arm-none-eabi-10.3-2021.10/bin/../lib/gcc/arm-none-eabi/10.3.1/../../../../arm-none-eabi/lib/thumb/v7-m/nofp/crt0.o
[...]
Memory Configuration

Name             Origin             Length             Attributes
RAM              0x20000000         0x00005000         xrw
FLASH            0x08000000         0x00003c00         xr
FIRMWAREINFO     0x08003c00         0x00000400         r
*default*        0x00000000         0xffffffff

Linker script and memory map

LOAD d:/clion_stm32/gcc-arm-none-eabi-10.3-2021.10/bin/../lib/gcc/arm-none-eabi/10.3.1/thumb/v7-m/nofp/crti.o
LOAD d:/clion_stm32/gcc-arm-none-eabi-10.3-2021.10/bin/../lib/gcc/arm-none-eabi/10.3.1/thumb/v7-m/nofp/crtbegin.o
LOAD d:/clion_stm32/gcc-arm-none-eabi-10.3-2021.10/bin/../lib/gcc/arm-none-eabi/10.3.1/../../../../arm-none-eabi/lib/thumb/v7-m/nofp/crt0.o
LOAD CMakeFiles/SU17IAR_boot.elf.dir/Src/main_boot.c.obj
LOAD CMakeFiles/SU17IAR_boot.elf.dir/Src/LM3644YFFR/IIC.c.obj
LOAD CMakeFiles/SU17IAR_boot.elf.dir/Src/LM3644YFFR/LM3644YFFR.c.obj
LOAD CMakeFiles/SU17IAR_boot.elf.dir/Src/SEGGER_RTT/RTT/SEGGER_RTT.c.obj
LOAD CMakeFiles/SU17IAR_boot.elf.dir/Src/SEGGER_RTT/RTT/SEGGER_RTT_ASM_ARMv7M.S.obj
LOAD CMakeFiles/SU17IAR_boot.elf.dir/Src/SEGGER_RTT/RTT/SEGGER_RTT_printf.c.obj
LOAD CMakeFiles/SU17IAR_boot.elf.dir/Src/delay/Delay.c.obj
LOAD CMakeFiles/SU17IAR_boot.elf.dir/Src/port/port_dev.c.obj
LOAD stm32-libs/src/libstm32Libs.a
LOAD stm32IAP/src/libstm32iap.a
START GROUP
LOAD d:/clion_stm32/gcc-arm-none-eabi-10.3-2021.10/bin/../lib/gcc/arm-none-eabi/10.3.1/thumb/v7-m/nofp\libgcc.a
LOAD d:/clion_stm32/gcc-arm-none-eabi-10.3-2021.10/bin/../lib/gcc/arm-none-eabi/10.3.1/../../../../arm-none-eabi/lib/thumb/v7-m/nofp\libg_nano.a
LOAD d:/clion_stm32/gcc-arm-none-eabi-10.3-2021.10/bin/../lib/gcc/arm-none-eabi/10.3.1/../../../../arm-none-eabi/lib/thumb/v7-m/nofp\libc_nano.a
END GROUP
START GROUP
LOAD d:/clion_stm32/gcc-arm-none-eabi-10.3-2021.10/bin/../lib/gcc/arm-none-eabi/10.3.1/thumb/v7-m/nofp\libgcc.a
LOAD d:/clion_stm32/gcc-arm-none-eabi-10.3-2021.10/bin/../lib/gcc/arm-none-eabi/10.3.1/../../../../arm-none-eabi/lib/thumb/v7-m/nofp\libc_nano.a
LOAD d:/clion_stm32/gcc-arm-none-eabi-10.3-2021.10/bin/../lib/gcc/arm-none-eabi/10.3.1/../../../../arm-none-eabi/lib/thumb/v7-m/nofp\libnosys.a
END GROUP
START GROUP
LOAD d:/clion_stm32/gcc-arm-none-eabi-10.3-2021.10/bin/../lib/gcc/arm-none-eabi/10.3.1/thumb/v7-m/nofp\libgcc.a
LOAD d:/clion_stm32/gcc-arm-none-eabi-10.3-2021.10/bin/../lib/gcc/arm-none-eabi/10.3.1/../../../../arm-none-eabi/lib/thumb/v7-m/nofp\libc_nano.a
LOAD d:/clion_stm32/gcc-arm-none-eabi-10.3-2021.10/bin/../lib/gcc/arm-none-eabi/10.3.1/../../../../arm-none-eabi/lib/thumb/v7-m/nofp\libnosys.a
END GROUP
LOAD d:/clion_stm32/gcc-arm-none-eabi-10.3-2021.10/bin/../lib/gcc/arm-none-eabi/10.3.1/thumb/v7-m/nofp/crtend.o
LOAD d:/clion_stm32/gcc-arm-none-eabi-10.3-2021.10/bin/../lib/gcc/arm-none-eabi/10.3.1/thumb/v7-m/nofp/crtn.o
                0x20005000                _estack = (ORIGIN (RAM) + LENGTH (RAM))
                0x08004400                __app_start = 0x8004400
                0x00000200                _Min_Heap_Size = 0x200
                0x00000400                _Min_Stack_Size = 0x400

.firmware_info  0x08003c00       0x3e
                0x08003c00                __firmware_info_start = .
 *(.firmware_info)
 .firmware_info
                0x08003c00       0x3e stm32IAP/src/libstm32iap.a(iap.c.obj)
                0x08003c00                firmwareInfo

.isr_vector     0x08000000      0x1e4
                0x08000000                . = ALIGN (0x4)
 *(.isr_vector)
 .isr_vector    0x08000000      0x1e4 stm32-libs/src/libstm32Libs.a(startup_stm32f10x_hd.s.obj)
                0x08000000                g_pfnVectors
                0x080001e4                . = ALIGN (0x4)

.text           0x080001e4      0x6e0
                0x080001e4                . = ALIGN (0x4)
 *(.text)
 .text          0x080001e4       0x40 d:/clion_stm32/gcc-arm-none-eabi-10.3-2021.10/bin/../lib/gcc/arm-none-eabi/10.3.1/thumb/v7-m/nofp/crtbegin.o
 .text          0x08000224       0x10 d:/clion_stm32/gcc-arm-none-eabi-10.3-2021.10/bin/../lib/gcc/arm-none-eabi/10.3.1/../../../../arm-none-eabi/lib/thumb/v7-m/nofp\libg_nano.a(lib_a-strlen.o)
                0x08000224                strlen
 *(.text*)
 .text.getMessage
                0x08000234        0x4 CMakeFiles/SU17IAR_boot.elf.dir/Src/main_boot.c.obj
                0x08000234                getMessage
 .text.sendMessage
                0x08000238        0x4 CMakeFiles/SU17IAR_boot.elf.dir/Src/main_boot.c.obj
                0x08000238                sendMessage
 .text.debug    0x0800023c        0x6 CMakeFiles/SU17IAR_boot.elf.dir/Src/main_boot.c.obj
                0x0800023c                debug
 .text.custom   0x08000242        0x2 CMakeFiles/SU17IAR_boot.elf.dir/Src/main_boot.c.obj
                0x08000242                custom
 .text.getSysTick
                0x08000244        0xc CMakeFiles/SU17IAR_boot.elf.dir/Src/main_boot.c.obj
                0x08000244                getSysTick
 .text.flashWrite
                0x08000250       0x48 CMakeFiles/SU17IAR_boot.elf.dir/Src/main_boot.c.obj
                0x08000250                flashWrite
 .text.flashErase
                0x08000298       0x18 CMakeFiles/SU17IAR_boot.elf.dir/Src/main_boot.c.obj
                0x08000298                flashErase
 .text.sysTickInit
                0x080002b0       0x3c CMakeFiles/SU17IAR_boot.elf.dir/Src/main_boot.c.obj
                0x080002b0                sysTickInit
 .text.SysTick_Handler
                0x080002ec       0x10 CMakeFiles/SU17IAR_boot.elf.dir/Src/main_boot.c.obj
                0x080002ec                SysTick_Handler
 .text.main     0x080002fc       0x50 CMakeFiles/SU17IAR_boot.elf.dir/Src/main_boot.c.obj
                0x080002fc                main
 .text.SetSysClockTo72
                0x0800034c       0xc4 stm32-libs/src/libstm32Libs.a(system_stm32f10x.c.obj)
 .text.SetSysClock
                0x08000410        0xc stm32-libs/src/libstm32Libs.a(system_stm32f10x.c.obj)
 .text.SystemInit
                0x0800041c       0x54 stm32-libs/src/libstm32Libs.a(system_stm32f10x.c.obj)
                0x0800041c                SystemInit
 .text.FLASH_Unlock
                0x08000470       0x18 stm32-libs/src/libstm32Libs.a(stm32f10x_flash.c.obj)
                0x08000470                FLASH_Unlock
 .text.FLASH_Lock
                0x08000488       0x10 stm32-libs/src/libstm32Libs.a(stm32f10x_flash.c.obj)
                0x08000488                FLASH_Lock
 .text.FLASH_ClearFlag
                0x08000498        0xc stm32-libs/src/libstm32Libs.a(stm32f10x_flash.c.obj)
                0x08000498                FLASH_ClearFlag
 .text.FLASH_GetBank1Status
                0x080004a4       0x34 stm32-libs/src/libstm32Libs.a(stm32f10x_flash.c.obj)
                0x080004a4                FLASH_GetBank1Status
 .text.FLASH_WaitForLastOperation
                0x080004d8       0x24 stm32-libs/src/libstm32Libs.a(stm32f10x_flash.c.obj)
                0x080004d8                FLASH_WaitForLastOperation
 .text.FLASH_ProgramOptionByteData
                0x080004fc       0x54 stm32-libs/src/libstm32Libs.a(stm32f10x_flash.c.obj)
                0x080004fc                FLASH_ProgramOptionByteData
 .text.Reset_Handler
                0x08000550       0x44 stm32-libs/src/libstm32Libs.a(startup_stm32f10x_hd.s.obj)
                0x08000550                Reset_Handler
 .text.Default_Handler
                0x08000594        0x2 stm32-libs/src/libstm32Libs.a(startup_stm32f10x_hd.s.obj)
                0x08000594                EXTI2_IRQHandler
                0x08000594                TIM8_TRG_COM_IRQHandler
                0x08000594                TIM8_CC_IRQHandler
                0x08000594                DebugMon_Handler
                0x08000594                TIM1_CC_IRQHandler
                0x08000594                HardFault_Handler
                0x08000594                TIM6_IRQHandler
                0x08000594                PVD_IRQHandler
                0x08000594                SDIO_IRQHandler
                0x08000594                PendSV_Handler
                0x08000594                NMI_Handler
                0x08000594                EXTI3_IRQHandler
                0x08000594                EXTI0_IRQHandler
                0x08000594                I2C2_EV_IRQHandler
                0x08000594                UsageFault_Handler
                0x08000594                ADC1_2_IRQHandler
                0x08000594                SPI1_IRQHandler
                0x08000594                TAMPER_IRQHandler
                0x08000594                TIM8_UP_IRQHandler
                0x08000594                DMA2_Channel2_IRQHandler
                0x08000594                DMA1_Channel4_IRQHandler
                0x08000594                USART3_IRQHandler
                0x08000594                RTC_IRQHandler
                0x08000594                DMA1_Channel7_IRQHandler
                0x08000594                CAN1_RX1_IRQHandler
                0x08000594                UART5_IRQHandler
                0x08000594                ADC3_IRQHandler
                0x08000594                TIM4_IRQHandler
                0x08000594                DMA2_Channel1_IRQHandler
                0x08000594                I2C1_EV_IRQHandler
                0x08000594                DMA1_Channel6_IRQHandler
                0x08000594                UART4_IRQHandler
                0x08000594                TIM3_IRQHandler
                0x08000594                RCC_IRQHandler
                0x08000594                TIM1_TRG_COM_IRQHandler
                0x08000594                DMA1_Channel1_IRQHandler
                0x08000594                Default_Handler
                0x08000594                EXTI15_10_IRQHandler
                0x08000594                TIM7_IRQHandler
                0x08000594                TIM5_IRQHandler
                0x08000594                EXTI9_5_IRQHandler
                0x08000594                SPI2_IRQHandler
                0x08000594                MemManage_Handler
                0x08000594                SVC_Handler
                0x08000594                DMA1_Channel5_IRQHandler
                0x08000594                EXTI4_IRQHandler
                0x08000594                USB_LP_CAN1_RX0_IRQHandler
                0x08000594                USB_HP_CAN1_TX_IRQHandler
                0x08000594                DMA1_Channel3_IRQHandler
                0x08000594                FSMC_IRQHandler
                0x08000594                TIM1_UP_IRQHandler
                0x08000594                WWDG_IRQHandler
                0x08000594                TIM2_IRQHandler
                0x08000594                TIM1_BRK_IRQHandler
                0x08000594                EXTI1_IRQHandler
                0x08000594                RTCAlarm_IRQHandler
                0x08000594                DMA2_Channel4_5_IRQHandler
                0x08000594                USART2_IRQHandler
                0x08000594                I2C2_ER_IRQHandler
                0x08000594                DMA1_Channel2_IRQHandler
                0x08000594                TIM8_BRK_IRQHandler
                0x08000594                CAN1_SCE_IRQHandler
                0x08000594                FLASH_IRQHandler
                0x08000594                BusFault_Handler
                0x08000594                USART1_IRQHandler
                0x08000594                SPI3_IRQHandler
                0x08000594                I2C1_ER_IRQHandler
                0x08000594                USBWakeUp_IRQHandler
                0x08000594                DMA2_Channel3_IRQHandler
 *fill*         0x08000596        0x2 
 .text.iapJump  0x08000598       0x7c stm32IAP/src/libstm32iap.a(iap.c.obj)
 .text.iapInit  0x08000614       0x74 stm32IAP/src/libstm32iap.a(iap.c.obj)
                0x08000614                iapInit
 .text.iapHandle
                0x08000688      0x1f8 stm32IAP/src/libstm32iap.a(iap.c.obj)
                0x08000688                iapHandle
 .text.memcpy   0x08000880       0x1c d:/clion_stm32/gcc-arm-none-eabi-10.3-2021.10/bin/../lib/gcc/arm-none-eabi/10.3.1/../../../../arm-none-eabi/lib/thumb/v7-m/nofp\libg_nano.a(lib_a-memcpy-stub.o)
                0x08000880                memcpy
 .text.memset   0x0800089c       0x10 d:/clion_stm32/gcc-arm-none-eabi-10.3-2021.10/bin/../lib/gcc/arm-none-eabi/10.3.1/../../../../arm-none-eabi/lib/thumb/v7-m/nofp\libg_nano.a(lib_a-memset.o)
                0x0800089c                memset
 *(.glue_7)
 .glue_7        0x080008ac        0x0 linker stubs
 *(.glue_7t)
 .glue_7t       0x080008ac        0x0 linker stubs
 *(.eh_frame)
 .eh_frame      0x080008ac        0x0 d:/clion_stm32/gcc-arm-none-eabi-10.3-2021.10/bin/../lib/gcc/arm-none-eabi/10.3.1/thumb/v7-m/nofp/crtbegin.o
 *(.init)
 .init          0x080008ac        0x4 d:/clion_stm32/gcc-arm-none-eabi-10.3-2021.10/bin/../lib/gcc/arm-none-eabi/10.3.1/thumb/v7-m/nofp/crti.o
                0x080008ac                _init
 .init          0x080008b0        0x8 d:/clion_stm32/gcc-arm-none-eabi-10.3-2021.10/bin/../lib/gcc/arm-none-eabi/10.3.1/thumb/v7-m/nofp/crtn.o
 *(.fini)
 .fini          0x080008b8        0x4 d:/clion_stm32/gcc-arm-none-eabi-10.3-2021.10/bin/../lib/gcc/arm-none-eabi/10.3.1/thumb/v7-m/nofp/crti.o
                0x080008b8                _fini
 .fini          0x080008bc        0x8 d:/clion_stm32/gcc-arm-none-eabi-10.3-2021.10/bin/../lib/gcc/arm-none-eabi/10.3.1/thumb/v7-m/nofp/crtn.o
                0x080008c4                . = ALIGN (0x4)
                0x080008c4                _etext = .

.vfp11_veneer   0x080008c4        0x0
 .vfp11_veneer  0x080008c4        0x0 linker stubs

.v4_bx          0x080008c4        0x0
 .v4_bx         0x080008c4        0x0 linker stubs

.iplt           0x080008c4        0x0
 .iplt          0x080008c4        0x0 d:/clion_stm32/gcc-arm-none-eabi-10.3-2021.10/bin/../lib/gcc/arm-none-eabi/10.3.1/thumb/v7-m/nofp/crtbegin.o

.rodata         0x080008c4      0x418
                0x080008c4                . = ALIGN (0x4)
 *(.rodata)
 *(.rodata*)
 .rodata.str1.4
                0x080008c4       0x18 stm32IAP/src/libstm32iap.a(iap.c.obj)
 .rodata.iapCrc32Table
                0x080008dc      0x400 stm32IAP/src/libstm32iap.a(iap.c.obj)
                0x08000cdc                . = ALIGN (0x4)

.rel.dyn        0x08000cdc        0x0
 .rel.iplt      0x08000cdc        0x0 d:/clion_stm32/gcc-arm-none-eabi-10.3-2021.10/bin/../lib/gcc/arm-none-eabi/10.3.1/thumb/v7-m/nofp/crtbegin.o

.ARM.extab
 *(.ARM.extab* .gnu.linkonce.armextab.*)

.ARM            0x08000cdc        0x0
                0x08000cdc                __exidx_start = .
 *(.ARM.exidx*)
                0x08000cdc                __exidx_end = .

.preinit_array  0x08000cdc        0x0
                0x08000cdc                PROVIDE (__preinit_array_start = .)
 *(.preinit_array*)
                0x08000cdc                PROVIDE (__preinit_array_end = .)

.init_array     0x08000cdc        0x4
                0x08000cdc                PROVIDE (__init_array_start = .)
 *(SORT_BY_NAME(.init_array.*))
 *(.init_array*)
 .init_array    0x08000cdc        0x4 d:/clion_stm32/gcc-arm-none-eabi-10.3-2021.10/bin/../lib/gcc/arm-none-eabi/10.3.1/thumb/v7-m/nofp/crtbegin.o
                0x08000ce0                PROVIDE (__init_array_end = .)

.fini_array     0x08000ce0        0x4
                [!provide]                PROVIDE (__fini_array_start = .)
 *(SORT_BY_NAME(.fini_array.*))
 *(.fini_array*)
 .fini_array    0x08000ce0        0x4 d:/clion_stm32/gcc-arm-none-eabi-10.3-2021.10/bin/../lib/gcc/arm-none-eabi/10.3.1/thumb/v7-m/nofp/crtbegin.o
                [!provide]                PROVIDE (__fini_array_end = .)
                0x08000ce4                __boot_end = .
                0x00000ce4                __size = (__boot_end - 0x8000000)
                0x08000ce4                _sidata = LOADADDR (.data)

.data           0x20000000       0x10 load address 0x08000ce4
                0x20000000                . = ALIGN (0x4)
                0x20000000                _sdata = .
 *(.data)
 *(.data*)
 .data.SystemCoreClock
                0x20000000        0x4 stm32-libs/src/libstm32Libs.a(system_stm32f10x.c.obj)
                0x20000000                SystemCoreClock
 .data.hardwareInfo
                0x20000004        0x4 stm32IAP/src/libstm32iap.a(iap.c.obj)
                0x20000004                hardwareInfo
 .data.iapJumpFlag.4
                0x20000008        0x1 stm32IAP/src/libstm32iap.a(iap.c.obj)
 *fill*         0x20000009        0x3 
 .data.softInfo
                0x2000000c        0x4 stm32IAP/src/libstm32iap.a(iap.c.obj)
                0x2000000c                softInfo
                0x20000010                . = ALIGN (0x4)
                0x20000010                _edata = .

.igot.plt       0x20000010        0x0 load address 0x08000cf4
 .igot.plt      0x20000010        0x0 d:/clion_stm32/gcc-arm-none-eabi-10.3-2021.10/bin/../lib/gcc/arm-none-eabi/10.3.1/thumb/v7-m/nofp/crtbegin.o
                0x20000010                . = ALIGN (0x4)

.bss            0x20000010      0x888 load address 0x08000cf4
                0x20000010                _sbss = .
                0x20000010                __bss_start__ = _sbss
 *(.bss)
 .bss           0x20000010       0x1c d:/clion_stm32/gcc-arm-none-eabi-10.3-2021.10/bin/../lib/gcc/arm-none-eabi/10.3.1/thumb/v7-m/nofp/crtbegin.o
 *(.bss*)
 .bss.sysTickMs
                0x2000002c        0x4 CMakeFiles/SU17IAR_boot.elf.dir/Src/main_boot.c.obj
                0x2000002c                sysTickMs
 .bss.blockAddr.2
                0x20000030        0x4 stm32IAP/src/libstm32iap.a(iap.c.obj)
 .bss.blockCRC.1
                0x20000034        0x4 stm32IAP/src/libstm32iap.a(iap.c.obj)
 .bss.firmwareBlock.0
                0x20000038      0x800 stm32IAP/src/libstm32iap.a(iap.c.obj)
 .bss.iapTCB    0x20000838       0x1c stm32IAP/src/libstm32iap.a(iap.c.obj)
 .bss.message.3
                0x20000854       0x44 stm32IAP/src/libstm32iap.a(iap.c.obj)
 *(COMMON)
                0x20000898                . = ALIGN (0x4)
                0x20000898                _ebss = .
                0x20000898                __bss_end__ = _ebss

._user_heap_stack
                0x20000898      0x600 load address 0x08000cf4
                0x20000898                . = ALIGN (0x8)
                [!provide]                PROVIDE (end = .)
                [!provide]                PROVIDE (_end = .)
                0x20000a98                . = (. + _Min_Heap_Size)
 *fill*         0x20000898      0x200 
                0x20000e98                . = (. + _Min_Stack_Size)
 *fill*         0x20000a98      0x400 
                0x20000e98                . = ALIGN (0x8)

/DISCARD/
 libc.a(*)
 libm.a(*)
 libgcc.a(*)

.ARM.attributes
                0x00000000       0x29
 *(.ARM.attributes)
 .ARM.attributes
                0x00000000       0x1d d:/clion_stm32/gcc-arm-none-eabi-10.3-2021.10/bin/../lib/gcc/arm-none-eabi/10.3.1/thumb/v7-m/nofp/crti.o
 .ARM.attributes
                0x0000001d       0x2d d:/clion_stm32/gcc-arm-none-eabi-10.3-2021.10/bin/../lib/gcc/arm-none-eabi/10.3.1/thumb/v7-m/nofp/crtbegin.o
 .ARM.attributes
                0x0000004a       0x2d CMakeFiles/SU17IAR_boot.elf.dir/Src/main_boot.c.obj
 .ARM.attributes
                0x00000077       0x2d stm32-libs/src/libstm32Libs.a(system_stm32f10x.c.obj)
 .ARM.attributes
                0x000000a4       0x2d stm32-libs/src/libstm32Libs.a(stm32f10x_flash.c.obj)
 .ARM.attributes
                0x000000d1       0x21 stm32-libs/src/libstm32Libs.a(startup_stm32f10x_hd.s.obj)
 .ARM.attributes
                0x000000f2       0x2d stm32IAP/src/libstm32iap.a(iap.c.obj)
 .ARM.attributes
                0x0000011f       0x2d d:/clion_stm32/gcc-arm-none-eabi-10.3-2021.10/bin/../lib/gcc/arm-none-eabi/10.3.1/../../../../arm-none-eabi/lib/thumb/v7-m/nofp\libg_nano.a(lib_a-memcpy-stub.o)
 .ARM.attributes
                0x0000014c       0x2d d:/clion_stm32/gcc-arm-none-eabi-10.3-2021.10/bin/../lib/gcc/arm-none-eabi/10.3.1/../../../../arm-none-eabi/lib/thumb/v7-m/nofp\libg_nano.a(lib_a-memset.o)
 .ARM.attributes
                0x00000179       0x17 d:/clion_stm32/gcc-arm-none-eabi-10.3-2021.10/bin/../lib/gcc/arm-none-eabi/10.3.1/../../../../arm-none-eabi/lib/thumb/v7-m/nofp\libg_nano.a(lib_a-strlen.o)
 .ARM.attributes
                0x00000190       0x1d d:/clion_stm32/gcc-arm-none-eabi-10.3-2021.10/bin/../lib/gcc/arm-none-eabi/10.3.1/thumb/v7-m/nofp/crtn.o
OUTPUT(SU17IAR_boot.elf elf32-littlearm)
LOAD linker stubs
LOAD d:/clion_stm32/gcc-arm-none-eabi-10.3-2021.10/bin/../lib/gcc/arm-none-eabi/10.3.1/../../../../arm-none-eabi/lib/thumb/v7-m/nofp\libc.a
LOAD d:/clion_stm32/gcc-arm-none-eabi-10.3-2021.10/bin/../lib/gcc/arm-none-eabi/10.3.1/../../../../arm-none-eabi/lib/thumb/v7-m/nofp\libm.a
LOAD d:/clion_stm32/gcc-arm-none-eabi-10.3-2021.10/bin/../lib/gcc/arm-none-eabi/10.3.1/thumb/v7-m/nofp\libgcc.a

.debug_info     0x00000000     0x2212
 .debug_info    0x00000000      0x9fc CMakeFiles/SU17IAR_boot.elf.dir/Src/main_boot.c.obj
 .debug_info    0x000009fc      0x4e1 stm32-libs/src/libstm32Libs.a(system_stm32f10x.c.obj)
 .debug_info    0x00000edd      0xae4 stm32-libs/src/libstm32Libs.a(stm32f10x_flash.c.obj)
 .debug_info    0x000019c1       0x22 stm32-libs/src/libstm32Libs.a(startup_stm32f10x_hd.s.obj)
 .debug_info    0x000019e3      0x82f stm32IAP/src/libstm32iap.a(iap.c.obj)

.debug_abbrev   0x00000000      0x97d
 .debug_abbrev  0x00000000      0x32b CMakeFiles/SU17IAR_boot.elf.dir/Src/main_boot.c.obj
 .debug_abbrev  0x0000032b      0x18a stm32-libs/src/libstm32Libs.a(system_stm32f10x.c.obj)
 .debug_abbrev  0x000004b5      0x1e3 stm32-libs/src/libstm32Libs.a(stm32f10x_flash.c.obj)
 .debug_abbrev  0x00000698       0x12 stm32-libs/src/libstm32Libs.a(startup_stm32f10x_hd.s.obj)
 .debug_abbrev  0x000006aa      0x2d3 stm32IAP/src/libstm32iap.a(iap.c.obj)

.debug_loc      0x00000000      0xcfc
 .debug_loc     0x00000000      0x226 CMakeFiles/SU17IAR_boot.elf.dir/Src/main_boot.c.obj
 .debug_loc     0x00000226       0xff stm32-libs/src/libstm32Libs.a(system_stm32f10x.c.obj)
 .debug_loc     0x00000325      0x717 stm32-libs/src/libstm32Libs.a(stm32f10x_flash.c.obj)
 .debug_loc     0x00000a3c      0x2c0 stm32IAP/src/libstm32iap.a(iap.c.obj)

.debug_aranges  0x00000000      0x1f0
 .debug_aranges
                0x00000000       0x68 CMakeFiles/SU17IAR_boot.elf.dir/Src/main_boot.c.obj
 .debug_aranges
                0x00000068       0x38 stm32-libs/src/libstm32Libs.a(system_stm32f10x.c.obj)
 .debug_aranges
                0x000000a0       0xf8 stm32-libs/src/libstm32Libs.a(stm32f10x_flash.c.obj)
 .debug_aranges
                0x00000198       0x28 stm32-libs/src/libstm32Libs.a(startup_stm32f10x_hd.s.obj)
 .debug_aranges
                0x000001c0       0x30 stm32IAP/src/libstm32iap.a(iap.c.obj)

.debug_ranges   0x00000000      0x1c0
 .debug_ranges  0x00000000       0x58 CMakeFiles/SU17IAR_boot.elf.dir/Src/main_boot.c.obj
 .debug_ranges  0x00000058       0x28 stm32-libs/src/libstm32Libs.a(system_stm32f10x.c.obj)
 .debug_ranges  0x00000080       0xe8 stm32-libs/src/libstm32Libs.a(stm32f10x_flash.c.obj)
 .debug_ranges  0x00000168       0x20 stm32-libs/src/libstm32Libs.a(startup_stm32f10x_hd.s.obj)
 .debug_ranges  0x00000188       0x38 stm32IAP/src/libstm32iap.a(iap.c.obj)

.debug_macro    0x00000000     0xe0ec
 .debug_macro   0x00000000      0x2da CMakeFiles/SU17IAR_boot.elf.dir/Src/main_boot.c.obj
 .debug_macro   0x000002da      0xa8a CMakeFiles/SU17IAR_boot.elf.dir/Src/main_boot.c.obj
 .debug_macro   0x00000d64       0x22 CMakeFiles/SU17IAR_boot.elf.dir/Src/main_boot.c.obj
 .debug_macro   0x00000d86       0x8e CMakeFiles/SU17IAR_boot.elf.dir/Src/main_boot.c.obj
 .debug_macro   0x00000e14       0x51 CMakeFiles/SU17IAR_boot.elf.dir/Src/main_boot.c.obj
 .debug_macro   0x00000e65      0x103 CMakeFiles/SU17IAR_boot.elf.dir/Src/main_boot.c.obj
 .debug_macro   0x00000f68       0x6a CMakeFiles/SU17IAR_boot.elf.dir/Src/main_boot.c.obj
 .debug_macro   0x00000fd2      0x1df CMakeFiles/SU17IAR_boot.elf.dir/Src/main_boot.c.obj
 .debug_macro   0x000011b1       0x22 CMakeFiles/SU17IAR_boot.elf.dir/Src/main_boot.c.obj
 .debug_macro   0x000011d3       0x5c CMakeFiles/SU17IAR_boot.elf.dir/Src/main_boot.c.obj
 .debug_macro   0x0000122f       0x3a CMakeFiles/SU17IAR_boot.elf.dir/Src/main_boot.c.obj
 .debug_macro   0x00001269       0x34 CMakeFiles/SU17IAR_boot.elf.dir/Src/main_boot.c.obj
 .debug_macro   0x0000129d      0xb6b CMakeFiles/SU17IAR_boot.elf.dir/Src/main_boot.c.obj
 .debug_macro   0x00001e08     0x7f62 CMakeFiles/SU17IAR_boot.elf.dir/Src/main_boot.c.obj
 .debug_macro   0x00009d6a      0x2de CMakeFiles/SU17IAR_boot.elf.dir/Src/main_boot.c.obj
 .debug_macro   0x0000a048      0x144 CMakeFiles/SU17IAR_boot.elf.dir/Src/main_boot.c.obj
 .debug_macro   0x0000a18c      0x3cf CMakeFiles/SU17IAR_boot.elf.dir/Src/main_boot.c.obj
 .debug_macro   0x0000a55b       0xc8 CMakeFiles/SU17IAR_boot.elf.dir/Src/main_boot.c.obj
 .debug_macro   0x0000a623      0x179 CMakeFiles/SU17IAR_boot.elf.dir/Src/main_boot.c.obj
 .debug_macro   0x0000a79c       0xac CMakeFiles/SU17IAR_boot.elf.dir/Src/main_boot.c.obj
 .debug_macro   0x0000a848      0x3ad CMakeFiles/SU17IAR_boot.elf.dir/Src/main_boot.c.obj
 .debug_macro   0x0000abf5       0x9a CMakeFiles/SU17IAR_boot.elf.dir/Src/main_boot.c.obj
 .debug_macro   0x0000ac8f      0x2ce CMakeFiles/SU17IAR_boot.elf.dir/Src/main_boot.c.obj
 .debug_macro   0x0000af5d      0x279 CMakeFiles/SU17IAR_boot.elf.dir/Src/main_boot.c.obj
 .debug_macro   0x0000b1d6      0x2ab CMakeFiles/SU17IAR_boot.elf.dir/Src/main_boot.c.obj
 .debug_macro   0x0000b481      0x2b1 CMakeFiles/SU17IAR_boot.elf.dir/Src/main_boot.c.obj
 .debug_macro   0x0000b732       0x64 CMakeFiles/SU17IAR_boot.elf.dir/Src/main_boot.c.obj
 .debug_macro   0x0000b796       0x82 CMakeFiles/SU17IAR_boot.elf.dir/Src/main_boot.c.obj
 .debug_macro   0x0000b818      0x3e2 CMakeFiles/SU17IAR_boot.elf.dir/Src/main_boot.c.obj
 .debug_macro   0x0000bbfa       0x58 CMakeFiles/SU17IAR_boot.elf.dir/Src/main_boot.c.obj
 .debug_macro   0x0000bc52      0x341 CMakeFiles/SU17IAR_boot.elf.dir/Src/main_boot.c.obj
 .debug_macro   0x0000bf93      0x2c3 CMakeFiles/SU17IAR_boot.elf.dir/Src/main_boot.c.obj
 .debug_macro   0x0000c256      0x711 CMakeFiles/SU17IAR_boot.elf.dir/Src/main_boot.c.obj
 .debug_macro   0x0000c967      0x226 CMakeFiles/SU17IAR_boot.elf.dir/Src/main_boot.c.obj
 .debug_macro   0x0000cb8d       0x34 CMakeFiles/SU17IAR_boot.elf.dir/Src/main_boot.c.obj
 .debug_macro   0x0000cbc1       0x8a CMakeFiles/SU17IAR_boot.elf.dir/Src/main_boot.c.obj
 .debug_macro   0x0000cc4b       0x35 CMakeFiles/SU17IAR_boot.elf.dir/Src/main_boot.c.obj
 .debug_macro   0x0000cc80       0x10 CMakeFiles/SU17IAR_boot.elf.dir/Src/main_boot.c.obj
 .debug_macro   0x0000cc90       0x1c CMakeFiles/SU17IAR_boot.elf.dir/Src/main_boot.c.obj
 .debug_macro   0x0000ccac       0x4c CMakeFiles/SU17IAR_boot.elf.dir/Src/main_boot.c.obj
 .debug_macro   0x0000ccf8       0x49 CMakeFiles/SU17IAR_boot.elf.dir/Src/main_boot.c.obj
 .debug_macro   0x0000cd41       0x35 CMakeFiles/SU17IAR_boot.elf.dir/Src/main_boot.c.obj
 .debug_macro   0x0000cd76       0x18 CMakeFiles/SU17IAR_boot.elf.dir/Src/main_boot.c.obj
 .debug_macro   0x0000cd8e       0x64 CMakeFiles/SU17IAR_boot.elf.dir/Src/main_boot.c.obj
 .debug_macro   0x0000cdf2       0x35 CMakeFiles/SU17IAR_boot.elf.dir/Src/main_boot.c.obj
 .debug_macro   0x0000ce27       0x34 CMakeFiles/SU17IAR_boot.elf.dir/Src/main_boot.c.obj
 .debug_macro   0x0000ce5b       0x16 CMakeFiles/SU17IAR_boot.elf.dir/Src/main_boot.c.obj
 .debug_macro   0x0000ce71      0x10e CMakeFiles/SU17IAR_boot.elf.dir/Src/main_boot.c.obj
 .debug_macro   0x0000cf7f       0x8d CMakeFiles/SU17IAR_boot.elf.dir/Src/main_boot.c.obj
 .debug_macro   0x0000d00c       0x16 CMakeFiles/SU17IAR_boot.elf.dir/Src/main_boot.c.obj
 .debug_macro   0x0000d022       0x43 CMakeFiles/SU17IAR_boot.elf.dir/Src/main_boot.c.obj
 .debug_macro   0x0000d065       0x34 CMakeFiles/SU17IAR_boot.elf.dir/Src/main_boot.c.obj
 .debug_macro   0x0000d099       0x10 CMakeFiles/SU17IAR_boot.elf.dir/Src/main_boot.c.obj
 .debug_macro   0x0000d0a9       0x58 CMakeFiles/SU17IAR_boot.elf.dir/Src/main_boot.c.obj
 .debug_macro   0x0000d101      0x182 CMakeFiles/SU17IAR_boot.elf.dir/Src/main_boot.c.obj
 .debug_macro   0x0000d283      0x341 CMakeFiles/SU17IAR_boot.elf.dir/Src/main_boot.c.obj
 .debug_macro   0x0000d5c4       0x16 CMakeFiles/SU17IAR_boot.elf.dir/Src/main_boot.c.obj
 .debug_macro   0x0000d5da       0x29 CMakeFiles/SU17IAR_boot.elf.dir/Src/main_boot.c.obj
 .debug_macro   0x0000d603       0x58 CMakeFiles/SU17IAR_boot.elf.dir/Src/main_boot.c.obj
 .debug_macro   0x0000d65b      0x138 CMakeFiles/SU17IAR_boot.elf.dir/Src/main_boot.c.obj
 .debug_macro   0x0000d793      0x19d stm32-libs/src/libstm32Libs.a(system_stm32f10x.c.obj)
 .debug_macro   0x0000d930      0x231 stm32-libs/src/libstm32Libs.a(stm32f10x_flash.c.obj)
 .debug_macro   0x0000db61      0x2c8 stm32-libs/src/libstm32Libs.a(stm32f10x_flash.c.obj)
 .debug_macro   0x0000de29      0x13f stm32IAP/src/libstm32iap.a(iap.c.obj)
 .debug_macro   0x0000df68      0x174 stm32IAP/src/libstm32iap.a(iap.c.obj)
 .debug_macro   0x0000e0dc       0x10 stm32IAP/src/libstm32iap.a(iap.c.obj)

.debug_line     0x00000000     0x24a6
 .debug_line    0x00000000      0x8ce CMakeFiles/SU17IAR_boot.elf.dir/Src/main_boot.c.obj
 .debug_line    0x000008ce      0x71a stm32-libs/src/libstm32Libs.a(system_stm32f10x.c.obj)
 .debug_line    0x00000fe8      0xd67 stm32-libs/src/libstm32Libs.a(stm32f10x_flash.c.obj)
 .debug_line    0x00001d4f       0xb0 stm32-libs/src/libstm32Libs.a(startup_stm32f10x_hd.s.obj)
 .debug_line    0x00001dff      0x6a7 stm32IAP/src/libstm32iap.a(iap.c.obj)

.debug_str      0x00000000    0x53dc9
 .debug_str     0x00000000    0x531f4 CMakeFiles/SU17IAR_boot.elf.dir/Src/main_boot.c.obj
                              0x53431 (size before relaxing)
 .debug_str     0x000531f4      0x16b stm32-libs/src/libstm32Libs.a(system_stm32f10x.c.obj)
                              0x4f520 (size before relaxing)
 .debug_str     0x0005335f      0x73b stm32-libs/src/libstm32Libs.a(stm32f10x_flash.c.obj)
                              0x4fb6e (size before relaxing)
 .debug_str     0x00053a9a       0x63 stm32-libs/src/libstm32Libs.a(startup_stm32f10x_hd.s.obj)
                                 0x89 (size before relaxing)
 .debug_str     0x00053afd      0x2cc stm32IAP/src/libstm32iap.a(iap.c.obj)
                               0x6add (size before relaxing)

.comment        0x00000000       0x49
 .comment       0x00000000       0x49 CMakeFiles/SU17IAR_boot.elf.dir/Src/main_boot.c.obj
                                 0x4a (size before relaxing)
 .comment       0x00000049       0x4a stm32-libs/src/libstm32Libs.a(system_stm32f10x.c.obj)
 .comment       0x00000049       0x4a stm32-libs/src/libstm32Libs.a(stm32f10x_flash.c.obj)
 .comment       0x00000049       0x4a stm32IAP/src/libstm32iap.a(iap.c.obj)

.debug_frame    0x00000000      0x458
 .debug_frame   0x00000000       0xe4 CMakeFiles/SU17IAR_boot.elf.dir/Src/main_boot.c.obj
 .debug_frame   0x000000e4       0x6c stm32-libs/src/libstm32Libs.a(system_stm32f10x.c.obj)
 .debug_frame   0x00000150      0x254 stm32-libs/src/libstm32Libs.a(stm32f10x_flash.c.obj)
 .debug_frame   0x000003a4       0x6c stm32IAP/src/libstm32iap.a(iap.c.obj)
 .debug_frame   0x00000410       0x28 d:/clion_stm32/gcc-arm-none-eabi-10.3-2021.10/bin/../lib/gcc/arm-none-eabi/10.3.1/../../../../arm-none-eabi/lib/thumb/v7-m/nofp\libg_nano.a(lib_a-memcpy-stub.o)
 .debug_frame   0x00000438       0x20 d:/clion_stm32/gcc-arm-none-eabi-10.3-2021.10/bin/../lib/gcc/arm-none-eabi/10.3.1/../../../../arm-none-eabi/lib/thumb/v7-m/nofp\libg_nano.a(lib_a-memset.o)

Cross Reference Table

Symbol                                            File
ADC1_2_IRQHandler                                 stm32-libs/src/libstm32Libs.a(startup_stm32f10x_hd.s.obj)
ADC3_IRQHandler                                   stm32-libs/src/libstm32Libs.a(startup_stm32f10x_hd.s.obj)
AHBPrescTable                                     stm32-libs/src/libstm32Libs.a(system_stm32f10x.c.obj)
BusFault_Handler                                  stm32-libs/src/libstm32Libs.a(startup_stm32f10x_hd.s.obj)
CAN1_RX1_IRQHandler                               stm32-libs/src/libstm32Libs.a(startup_stm32f10x_hd.s.obj)
CAN1_SCE_IRQHandler                               stm32-libs/src/libstm32Libs.a(startup_stm32f10x_hd.s.obj)
DMA1_Channel1_IRQHandler                          stm32-libs/src/libstm32Libs.a(startup_stm32f10x_hd.s.obj)
DMA1_Channel2_IRQHandler                          stm32-libs/src/libstm32Libs.a(startup_stm32f10x_hd.s.obj)
DMA1_Channel3_IRQHandler                          stm32-libs/src/libstm32Libs.a(startup_stm32f10x_hd.s.obj)
DMA1_Channel4_IRQHandler                          stm32-libs/src/libstm32Libs.a(startup_stm32f10x_hd.s.obj)
DMA1_Channel5_IRQHandler                          stm32-libs/src/libstm32Libs.a(startup_stm32f10x_hd.s.obj)
DMA1_Channel6_IRQHandler                          stm32-libs/src/libstm32Libs.a(startup_stm32f10x_hd.s.obj)
DMA1_Channel7_IRQHandler                          stm32-libs/src/libstm32Libs.a(startup_stm32f10x_hd.s.obj)
DMA2_Channel1_IRQHandler                          stm32-libs/src/libstm32Libs.a(startup_stm32f10x_hd.s.obj)
DMA2_Channel2_IRQHandler                          stm32-libs/src/libstm32Libs.a(startup_stm32f10x_hd.s.obj)
DMA2_Channel3_IRQHandler                          stm32-libs/src/libstm32Libs.a(startup_stm32f10x_hd.s.obj)
DMA2_Channel4_5_IRQHandler                        stm32-libs/src/libstm32Libs.a(startup_stm32f10x_hd.s.obj)
DebugMon_Handler                                  stm32-libs/src/libstm32Libs.a(startup_stm32f10x_hd.s.obj)
Default_Handler                                   stm32-libs/src/libstm32Libs.a(startup_stm32f10x_hd.s.obj)
Delay_ms                                          CMakeFiles/SU17IAR_boot.elf.dir/Src/delay/Delay.c.obj
Delay_s                                           CMakeFiles/SU17IAR_boot.elf.dir/Src/delay/Delay.c.obj
Delay_us                                          CMakeFiles/SU17IAR_boot.elf.dir/Src/delay/Delay.c.obj
EXTI0_IRQHandler                                  stm32-libs/src/libstm32Libs.a(startup_stm32f10x_hd.s.obj)
EXTI15_10_IRQHandler                              stm32-libs/src/libstm32Libs.a(startup_stm32f10x_hd.s.obj)
EXTI1_IRQHandler                                  stm32-libs/src/libstm32Libs.a(startup_stm32f10x_hd.s.obj)
EXTI2_IRQHandler                                  stm32-libs/src/libstm32Libs.a(startup_stm32f10x_hd.s.obj)
EXTI3_IRQHandler                                  stm32-libs/src/libstm32Libs.a(startup_stm32f10x_hd.s.obj)
EXTI4_IRQHandler                                  stm32-libs/src/libstm32Libs.a(startup_stm32f10x_hd.s.obj)
EXTI9_5_IRQHandler                                stm32-libs/src/libstm32Libs.a(startup_stm32f10x_hd.s.obj)
FLASH_ClearFlag                                   stm32-libs/src/libstm32Libs.a(stm32f10x_flash.c.obj)
                                                  CMakeFiles/SU17IAR_boot.elf.dir/Src/main_boot.c.obj
FLASH_EnableWriteProtection                       stm32-libs/src/libstm32Libs.a(stm32f10x_flash.c.obj)
FLASH_EraseAllBank1Pages                          stm32-libs/src/libstm32Libs.a(stm32f10x_flash.c.obj)
FLASH_EraseAllPages                               stm32-libs/src/libstm32Libs.a(stm32f10x_flash.c.obj)
FLASH_EraseOptionBytes                            stm32-libs/src/libstm32Libs.a(stm32f10x_flash.c.obj)
FLASH_ErasePage                                   stm32-libs/src/libstm32Libs.a(stm32f10x_flash.c.obj)
FLASH_GetBank1Status                              stm32-libs/src/libstm32Libs.a(stm32f10x_flash.c.obj)
FLASH_GetFlagStatus                               stm32-libs/src/libstm32Libs.a(stm32f10x_flash.c.obj)
FLASH_GetPrefetchBufferStatus                     stm32-libs/src/libstm32Libs.a(stm32f10x_flash.c.obj)
FLASH_GetReadOutProtectionStatus                  stm32-libs/src/libstm32Libs.a(stm32f10x_flash.c.obj)
FLASH_GetStatus                                   stm32-libs/src/libstm32Libs.a(stm32f10x_flash.c.obj)
FLASH_GetUserOptionByte                           stm32-libs/src/libstm32Libs.a(stm32f10x_flash.c.obj)
FLASH_GetWriteProtectionOptionByte                stm32-libs/src/libstm32Libs.a(stm32f10x_flash.c.obj)
FLASH_HalfCycleAccessCmd                          stm32-libs/src/libstm32Libs.a(stm32f10x_flash.c.obj)
FLASH_IRQHandler                                  stm32-libs/src/libstm32Libs.a(startup_stm32f10x_hd.s.obj)
FLASH_ITConfig                                    stm32-libs/src/libstm32Libs.a(stm32f10x_flash.c.obj)
FLASH_Lock                                        stm32-libs/src/libstm32Libs.a(stm32f10x_flash.c.obj)
                                                  CMakeFiles/SU17IAR_boot.elf.dir/Src/main_boot.c.obj
FLASH_LockBank1                                   stm32-libs/src/libstm32Libs.a(stm32f10x_flash.c.obj)
FLASH_PrefetchBufferCmd                           stm32-libs/src/libstm32Libs.a(stm32f10x_flash.c.obj)
FLASH_ProgramHalfWord                             stm32-libs/src/libstm32Libs.a(stm32f10x_flash.c.obj)
FLASH_ProgramOptionByteData                       stm32-libs/src/libstm32Libs.a(stm32f10x_flash.c.obj)
                                                  CMakeFiles/SU17IAR_boot.elf.dir/Src/main_boot.c.obj
FLASH_ProgramWord                                 stm32-libs/src/libstm32Libs.a(stm32f10x_flash.c.obj)
FLASH_ReadOutProtection                           stm32-libs/src/libstm32Libs.a(stm32f10x_flash.c.obj)
FLASH_SetLatency                                  stm32-libs/src/libstm32Libs.a(stm32f10x_flash.c.obj)
FLASH_Unlock                                      stm32-libs/src/libstm32Libs.a(stm32f10x_flash.c.obj)
                                                  CMakeFiles/SU17IAR_boot.elf.dir/Src/main_boot.c.obj
FLASH_UnlockBank1                                 stm32-libs/src/libstm32Libs.a(stm32f10x_flash.c.obj)
FLASH_UserOptionByteConfig                        stm32-libs/src/libstm32Libs.a(stm32f10x_flash.c.obj)
FLASH_WaitForLastBank1Operation                   stm32-libs/src/libstm32Libs.a(stm32f10x_flash.c.obj)
FLASH_WaitForLastOperation                        stm32-libs/src/libstm32Libs.a(stm32f10x_flash.c.obj)
FSMC_IRQHandler                                   stm32-libs/src/libstm32Libs.a(startup_stm32f10x_hd.s.obj)
GPIO_AFIODeInit                                   stm32-libs/src/libstm32Libs.a(stm32f10x_gpio.c.obj)
GPIO_DeInit                                       stm32-libs/src/libstm32Libs.a(stm32f10x_gpio.c.obj)
GPIO_ETH_MediaInterfaceConfig                     stm32-libs/src/libstm32Libs.a(stm32f10x_gpio.c.obj)
GPIO_EXTILineConfig                               stm32-libs/src/libstm32Libs.a(stm32f10x_gpio.c.obj)
GPIO_EventOutputCmd                               stm32-libs/src/libstm32Libs.a(stm32f10x_gpio.c.obj)
GPIO_EventOutputConfig                            stm32-libs/src/libstm32Libs.a(stm32f10x_gpio.c.obj)
GPIO_Init                                         stm32-libs/src/libstm32Libs.a(stm32f10x_gpio.c.obj)
                                                  CMakeFiles/SU17IAR_boot.elf.dir/Src/port/port_dev.c.obj
GPIO_PinLockConfig                                stm32-libs/src/libstm32Libs.a(stm32f10x_gpio.c.obj)
GPIO_PinRemapConfig                               stm32-libs/src/libstm32Libs.a(stm32f10x_gpio.c.obj)
GPIO_ReadInputData                                stm32-libs/src/libstm32Libs.a(stm32f10x_gpio.c.obj)
GPIO_ReadInputDataBit                             stm32-libs/src/libstm32Libs.a(stm32f10x_gpio.c.obj)
                                                  CMakeFiles/SU17IAR_boot.elf.dir/Src/port/port_dev.c.obj
GPIO_ReadOutputData                               stm32-libs/src/libstm32Libs.a(stm32f10x_gpio.c.obj)
GPIO_ReadOutputDataBit                            stm32-libs/src/libstm32Libs.a(stm32f10x_gpio.c.obj)
GPIO_ResetBits                                    stm32-libs/src/libstm32Libs.a(stm32f10x_gpio.c.obj)
GPIO_SetBits                                      stm32-libs/src/libstm32Libs.a(stm32f10x_gpio.c.obj)
                                                  CMakeFiles/SU17IAR_boot.elf.dir/Src/port/port_dev.c.obj
                                                  CMakeFiles/SU17IAR_boot.elf.dir/Src/LM3644YFFR/LM3644YFFR.c.obj
GPIO_StructInit                                   stm32-libs/src/libstm32Libs.a(stm32f10x_gpio.c.obj)
GPIO_Write                                        stm32-libs/src/libstm32Libs.a(stm32f10x_gpio.c.obj)
GPIO_WriteBit                                     stm32-libs/src/libstm32Libs.a(stm32f10x_gpio.c.obj)
                                                  CMakeFiles/SU17IAR_boot.elf.dir/Src/port/port_dev.c.obj
HardFault_Handler                                 stm32-libs/src/libstm32Libs.a(startup_stm32f10x_hd.s.obj)
I2C1_ER_IRQHandler                                stm32-libs/src/libstm32Libs.a(startup_stm32f10x_hd.s.obj)
I2C1_EV_IRQHandler                                stm32-libs/src/libstm32Libs.a(startup_stm32f10x_hd.s.obj)
I2C2_ER_IRQHandler                                stm32-libs/src/libstm32Libs.a(startup_stm32f10x_hd.s.obj)
I2C2_EV_IRQHandler                                stm32-libs/src/libstm32Libs.a(startup_stm32f10x_hd.s.obj)
I2c_Init                                          CMakeFiles/SU17IAR_boot.elf.dir/Src/port/port_dev.c.obj
                                                  CMakeFiles/SU17IAR_boot.elf.dir/Src/LM3644YFFR/LM3644YFFR.c.obj
IIC_DEV                                           CMakeFiles/SU17IAR_boot.elf.dir/Src/LM3644YFFR/LM3644YFFR.c.obj
LM3644YFFR_INIT                                   CMakeFiles/SU17IAR_boot.elf.dir/Src/LM3644YFFR/LM3644YFFR.c.obj
LM3644YFFR_LEDFlash                               CMakeFiles/SU17IAR_boot.elf.dir/Src/LM3644YFFR/LM3644YFFR.c.obj
LM3644YFFR_ReadReg                                CMakeFiles/SU17IAR_boot.elf.dir/Src/LM3644YFFR/LM3644YFFR.c.obj
LM3644YFFR_WriteReg                               CMakeFiles/SU17IAR_boot.elf.dir/Src/LM3644YFFR/LM3644YFFR.c.obj
MemManage_Handler                                 stm32-libs/src/libstm32Libs.a(startup_stm32f10x_hd.s.obj)
MyI2C_R_SDA                                       CMakeFiles/SU17IAR_boot.elf.dir/Src/port/port_dev.c.obj
                                                  CMakeFiles/SU17IAR_boot.elf.dir/Src/LM3644YFFR/LM3644YFFR.c.obj
MyI2C_W_SCL                                       CMakeFiles/SU17IAR_boot.elf.dir/Src/port/port_dev.c.obj
                                                  CMakeFiles/SU17IAR_boot.elf.dir/Src/LM3644YFFR/LM3644YFFR.c.obj
MyI2C_W_SDA                                       CMakeFiles/SU17IAR_boot.elf.dir/Src/port/port_dev.c.obj
                                                  CMakeFiles/SU17IAR_boot.elf.dir/Src/LM3644YFFR/LM3644YFFR.c.obj
NMI_Handler                                       stm32-libs/src/libstm32Libs.a(startup_stm32f10x_hd.s.obj)
PVD_IRQHandler                                    stm32-libs/src/libstm32Libs.a(startup_stm32f10x_hd.s.obj)
PendSV_Handler                                    stm32-libs/src/libstm32Libs.a(startup_stm32f10x_hd.s.obj)
RCC_ADCCLKConfig                                  stm32-libs/src/libstm32Libs.a(stm32f10x_rcc.c.obj)
RCC_AHBPeriphClockCmd                             stm32-libs/src/libstm32Libs.a(stm32f10x_rcc.c.obj)
RCC_APB1PeriphClockCmd                            stm32-libs/src/libstm32Libs.a(stm32f10x_rcc.c.obj)
RCC_APB1PeriphResetCmd                            stm32-libs/src/libstm32Libs.a(stm32f10x_rcc.c.obj)
RCC_APB2PeriphClockCmd                            stm32-libs/src/libstm32Libs.a(stm32f10x_rcc.c.obj)
                                                  CMakeFiles/SU17IAR_boot.elf.dir/Src/port/port_dev.c.obj
RCC_APB2PeriphResetCmd                            stm32-libs/src/libstm32Libs.a(stm32f10x_rcc.c.obj)
                                                  stm32-libs/src/libstm32Libs.a(stm32f10x_gpio.c.obj)
RCC_AdjustHSICalibrationValue                     stm32-libs/src/libstm32Libs.a(stm32f10x_rcc.c.obj)
RCC_BackupResetCmd                                stm32-libs/src/libstm32Libs.a(stm32f10x_rcc.c.obj)
RCC_ClearFlag                                     stm32-libs/src/libstm32Libs.a(stm32f10x_rcc.c.obj)
RCC_ClearITPendingBit                             stm32-libs/src/libstm32Libs.a(stm32f10x_rcc.c.obj)
RCC_ClockSecuritySystemCmd                        stm32-libs/src/libstm32Libs.a(stm32f10x_rcc.c.obj)
RCC_DeInit                                        stm32-libs/src/libstm32Libs.a(stm32f10x_rcc.c.obj)
RCC_GetClocksFreq                                 stm32-libs/src/libstm32Libs.a(stm32f10x_rcc.c.obj)
RCC_GetFlagStatus                                 stm32-libs/src/libstm32Libs.a(stm32f10x_rcc.c.obj)
RCC_GetITStatus                                   stm32-libs/src/libstm32Libs.a(stm32f10x_rcc.c.obj)
RCC_GetSYSCLKSource                               stm32-libs/src/libstm32Libs.a(stm32f10x_rcc.c.obj)
RCC_HCLKConfig                                    stm32-libs/src/libstm32Libs.a(stm32f10x_rcc.c.obj)
RCC_HSEConfig                                     stm32-libs/src/libstm32Libs.a(stm32f10x_rcc.c.obj)
RCC_HSICmd                                        stm32-libs/src/libstm32Libs.a(stm32f10x_rcc.c.obj)
RCC_IRQHandler                                    stm32-libs/src/libstm32Libs.a(startup_stm32f10x_hd.s.obj)
RCC_ITConfig                                      stm32-libs/src/libstm32Libs.a(stm32f10x_rcc.c.obj)
RCC_LSEConfig                                     stm32-libs/src/libstm32Libs.a(stm32f10x_rcc.c.obj)
RCC_LSICmd                                        stm32-libs/src/libstm32Libs.a(stm32f10x_rcc.c.obj)
RCC_MCOConfig                                     stm32-libs/src/libstm32Libs.a(stm32f10x_rcc.c.obj)
RCC_PCLK1Config                                   stm32-libs/src/libstm32Libs.a(stm32f10x_rcc.c.obj)
RCC_PCLK2Config                                   stm32-libs/src/libstm32Libs.a(stm32f10x_rcc.c.obj)
RCC_PLLCmd                                        stm32-libs/src/libstm32Libs.a(stm32f10x_rcc.c.obj)
RCC_PLLConfig                                     stm32-libs/src/libstm32Libs.a(stm32f10x_rcc.c.obj)
RCC_RTCCLKCmd                                     stm32-libs/src/libstm32Libs.a(stm32f10x_rcc.c.obj)
RCC_RTCCLKConfig                                  stm32-libs/src/libstm32Libs.a(stm32f10x_rcc.c.obj)
RCC_SYSCLKConfig                                  stm32-libs/src/libstm32Libs.a(stm32f10x_rcc.c.obj)
RCC_USBCLKConfig                                  stm32-libs/src/libstm32Libs.a(stm32f10x_rcc.c.obj)
RCC_WaitForHSEStartUp                             stm32-libs/src/libstm32Libs.a(stm32f10x_rcc.c.obj)
RTCAlarm_IRQHandler                               stm32-libs/src/libstm32Libs.a(startup_stm32f10x_hd.s.obj)
RTC_IRQHandler                                    stm32-libs/src/libstm32Libs.a(startup_stm32f10x_hd.s.obj)
Reset_Handler                                     stm32-libs/src/libstm32Libs.a(startup_stm32f10x_hd.s.obj)
SDIO_IRQHandler                                   stm32-libs/src/libstm32Libs.a(startup_stm32f10x_hd.s.obj)
SEGGER_RTT_ASM_WriteSkipNoLock                    CMakeFiles/SU17IAR_boot.elf.dir/Src/SEGGER_RTT/RTT/SEGGER_RTT_ASM_ARMv7M.S.obj
SEGGER_RTT_AllocDownBuffer                        CMakeFiles/SU17IAR_boot.elf.dir/Src/SEGGER_RTT/RTT/SEGGER_RTT.c.obj
SEGGER_RTT_AllocUpBuffer                          CMakeFiles/SU17IAR_boot.elf.dir/Src/SEGGER_RTT/RTT/SEGGER_RTT.c.obj
SEGGER_RTT_ConfigDownBuffer                       CMakeFiles/SU17IAR_boot.elf.dir/Src/SEGGER_RTT/RTT/SEGGER_RTT.c.obj
SEGGER_RTT_ConfigUpBuffer                         CMakeFiles/SU17IAR_boot.elf.dir/Src/SEGGER_RTT/RTT/SEGGER_RTT.c.obj
SEGGER_RTT_GetAvailWriteSpace                     CMakeFiles/SU17IAR_boot.elf.dir/Src/SEGGER_RTT/RTT/SEGGER_RTT.c.obj
SEGGER_RTT_GetBytesInBuffer                       CMakeFiles/SU17IAR_boot.elf.dir/Src/SEGGER_RTT/RTT/SEGGER_RTT.c.obj
SEGGER_RTT_GetKey                                 CMakeFiles/SU17IAR_boot.elf.dir/Src/SEGGER_RTT/RTT/SEGGER_RTT.c.obj
SEGGER_RTT_HasData                                CMakeFiles/SU17IAR_boot.elf.dir/Src/SEGGER_RTT/RTT/SEGGER_RTT.c.obj
SEGGER_RTT_HasDataUp                              CMakeFiles/SU17IAR_boot.elf.dir/Src/SEGGER_RTT/RTT/SEGGER_RTT.c.obj
SEGGER_RTT_HasKey                                 CMakeFiles/SU17IAR_boot.elf.dir/Src/SEGGER_RTT/RTT/SEGGER_RTT.c.obj
SEGGER_RTT_Init                                   CMakeFiles/SU17IAR_boot.elf.dir/Src/SEGGER_RTT/RTT/SEGGER_RTT.c.obj
SEGGER_RTT_PutChar                                CMakeFiles/SU17IAR_boot.elf.dir/Src/SEGGER_RTT/RTT/SEGGER_RTT.c.obj
SEGGER_RTT_PutCharSkip                            CMakeFiles/SU17IAR_boot.elf.dir/Src/SEGGER_RTT/RTT/SEGGER_RTT.c.obj
SEGGER_RTT_PutCharSkipNoLock                      CMakeFiles/SU17IAR_boot.elf.dir/Src/SEGGER_RTT/RTT/SEGGER_RTT.c.obj
SEGGER_RTT_Read                                   CMakeFiles/SU17IAR_boot.elf.dir/Src/SEGGER_RTT/RTT/SEGGER_RTT.c.obj
SEGGER_RTT_ReadNoLock                             CMakeFiles/SU17IAR_boot.elf.dir/Src/SEGGER_RTT/RTT/SEGGER_RTT.c.obj
SEGGER_RTT_ReadUpBuffer                           CMakeFiles/SU17IAR_boot.elf.dir/Src/SEGGER_RTT/RTT/SEGGER_RTT.c.obj
SEGGER_RTT_ReadUpBufferNoLock                     CMakeFiles/SU17IAR_boot.elf.dir/Src/SEGGER_RTT/RTT/SEGGER_RTT.c.obj
SEGGER_RTT_SetFlagsDownBuffer                     CMakeFiles/SU17IAR_boot.elf.dir/Src/SEGGER_RTT/RTT/SEGGER_RTT.c.obj
SEGGER_RTT_SetFlagsUpBuffer                       CMakeFiles/SU17IAR_boot.elf.dir/Src/SEGGER_RTT/RTT/SEGGER_RTT.c.obj
SEGGER_RTT_SetNameDownBuffer                      CMakeFiles/SU17IAR_boot.elf.dir/Src/SEGGER_RTT/RTT/SEGGER_RTT.c.obj
SEGGER_RTT_SetNameUpBuffer                        CMakeFiles/SU17IAR_boot.elf.dir/Src/SEGGER_RTT/RTT/SEGGER_RTT.c.obj
SEGGER_RTT_SetTerminal                            CMakeFiles/SU17IAR_boot.elf.dir/Src/SEGGER_RTT/RTT/SEGGER_RTT.c.obj
SEGGER_RTT_TerminalOut                            CMakeFiles/SU17IAR_boot.elf.dir/Src/SEGGER_RTT/RTT/SEGGER_RTT.c.obj
SEGGER_RTT_WaitKey                                CMakeFiles/SU17IAR_boot.elf.dir/Src/SEGGER_RTT/RTT/SEGGER_RTT.c.obj
SEGGER_RTT_Write                                  CMakeFiles/SU17IAR_boot.elf.dir/Src/SEGGER_RTT/RTT/SEGGER_RTT.c.obj
                                                  CMakeFiles/SU17IAR_boot.elf.dir/Src/SEGGER_RTT/RTT/SEGGER_RTT_printf.c.obj
SEGGER_RTT_WriteDownBuffer                        CMakeFiles/SU17IAR_boot.elf.dir/Src/SEGGER_RTT/RTT/SEGGER_RTT.c.obj
SEGGER_RTT_WriteDownBufferNoLock                  CMakeFiles/SU17IAR_boot.elf.dir/Src/SEGGER_RTT/RTT/SEGGER_RTT.c.obj
SEGGER_RTT_WriteNoLock                            CMakeFiles/SU17IAR_boot.elf.dir/Src/SEGGER_RTT/RTT/SEGGER_RTT.c.obj
SEGGER_RTT_WriteString                            CMakeFiles/SU17IAR_boot.elf.dir/Src/SEGGER_RTT/RTT/SEGGER_RTT.c.obj
SEGGER_RTT_WriteWithOverwriteNoLock               CMakeFiles/SU17IAR_boot.elf.dir/Src/SEGGER_RTT/RTT/SEGGER_RTT.c.obj
SEGGER_RTT_printf                                 CMakeFiles/SU17IAR_boot.elf.dir/Src/SEGGER_RTT/RTT/SEGGER_RTT_printf.c.obj
SEGGER_RTT_vprintf                                CMakeFiles/SU17IAR_boot.elf.dir/Src/SEGGER_RTT/RTT/SEGGER_RTT_printf.c.obj
SPI1_IRQHandler                                   stm32-libs/src/libstm32Libs.a(startup_stm32f10x_hd.s.obj)
SPI2_IRQHandler                                   stm32-libs/src/libstm32Libs.a(startup_stm32f10x_hd.s.obj)
SPI3_IRQHandler                                   stm32-libs/src/libstm32Libs.a(startup_stm32f10x_hd.s.obj)
SVC_Handler                                       stm32-libs/src/libstm32Libs.a(startup_stm32f10x_hd.s.obj)
SysTick_Handler                                   CMakeFiles/SU17IAR_boot.elf.dir/Src/main_boot.c.obj
SystemCoreClock                                   stm32-libs/src/libstm32Libs.a(system_stm32f10x.c.obj)
                                                  CMakeFiles/SU17IAR_boot.elf.dir/Src/main_boot.c.obj
SystemCoreClockUpdate                             stm32-libs/src/libstm32Libs.a(system_stm32f10x.c.obj)
SystemInit                                        stm32-libs/src/libstm32Libs.a(system_stm32f10x.c.obj)
                                                  stm32-libs/src/libstm32Libs.a(startup_stm32f10x_hd.s.obj)
TAMPER_IRQHandler                                 stm32-libs/src/libstm32Libs.a(startup_stm32f10x_hd.s.obj)
TIM1_BRK_IRQHandler                               stm32-libs/src/libstm32Libs.a(startup_stm32f10x_hd.s.obj)
TIM1_CC_IRQHandler                                stm32-libs/src/libstm32Libs.a(startup_stm32f10x_hd.s.obj)
TIM1_TRG_COM_IRQHandler                           stm32-libs/src/libstm32Libs.a(startup_stm32f10x_hd.s.obj)
TIM1_UP_IRQHandler                                stm32-libs/src/libstm32Libs.a(startup_stm32f10x_hd.s.obj)
TIM2_IRQHandler                                   stm32-libs/src/libstm32Libs.a(startup_stm32f10x_hd.s.obj)
TIM3_IRQHandler                                   stm32-libs/src/libstm32Libs.a(startup_stm32f10x_hd.s.obj)
TIM4_IRQHandler                                   stm32-libs/src/libstm32Libs.a(startup_stm32f10x_hd.s.obj)
TIM5_IRQHandler                                   stm32-libs/src/libstm32Libs.a(startup_stm32f10x_hd.s.obj)
TIM6_IRQHandler                                   stm32-libs/src/libstm32Libs.a(startup_stm32f10x_hd.s.obj)
TIM7_IRQHandler                                   stm32-libs/src/libstm32Libs.a(startup_stm32f10x_hd.s.obj)
TIM8_BRK_IRQHandler                               stm32-libs/src/libstm32Libs.a(startup_stm32f10x_hd.s.obj)
TIM8_CC_IRQHandler                                stm32-libs/src/libstm32Libs.a(startup_stm32f10x_hd.s.obj)
TIM8_TRG_COM_IRQHandler                           stm32-libs/src/libstm32Libs.a(startup_stm32f10x_hd.s.obj)
TIM8_UP_IRQHandler                                stm32-libs/src/libstm32Libs.a(startup_stm32f10x_hd.s.obj)
UART4_IRQHandler                                  stm32-libs/src/libstm32Libs.a(startup_stm32f10x_hd.s.obj)
UART5_IRQHandler                                  stm32-libs/src/libstm32Libs.a(startup_stm32f10x_hd.s.obj)
USART1_IRQHandler                                 stm32-libs/src/libstm32Libs.a(startup_stm32f10x_hd.s.obj)
USART2_IRQHandler                                 stm32-libs/src/libstm32Libs.a(startup_stm32f10x_hd.s.obj)
USART3_IRQHandler                                 stm32-libs/src/libstm32Libs.a(startup_stm32f10x_hd.s.obj)
USBWakeUp_IRQHandler                              stm32-libs/src/libstm32Libs.a(startup_stm32f10x_hd.s.obj)
USB_HP_CAN1_TX_IRQHandler                         stm32-libs/src/libstm32Libs.a(startup_stm32f10x_hd.s.obj)
USB_LP_CAN1_RX0_IRQHandler                        stm32-libs/src/libstm32Libs.a(startup_stm32f10x_hd.s.obj)
UsageFault_Handler                                stm32-libs/src/libstm32Libs.a(startup_stm32f10x_hd.s.obj)
WWDG_IRQHandler                                   stm32-libs/src/libstm32Libs.a(startup_stm32f10x_hd.s.obj)
_SEGGER_RTT                                       CMakeFiles/SU17IAR_boot.elf.dir/Src/SEGGER_RTT/RTT/SEGGER_RTT.c.obj
                                                  CMakeFiles/SU17IAR_boot.elf.dir/Src/SEGGER_RTT/RTT/SEGGER_RTT_ASM_ARMv7M.S.obj
__app_start                                       stm32IAP/src/libstm32iap.a(iap.c.obj)
__bss_end__                                       d:/clion_stm32/gcc-arm-none-eabi-10.3-2021.10/bin/../lib/gcc/arm-none-eabi/10.3.1/../../../../arm-none-eabi/lib/thumb/v7-m/nofp/crt0.o
__bss_start__                                     d:/clion_stm32/gcc-arm-none-eabi-10.3-2021.10/bin/../lib/gcc/arm-none-eabi/10.3.1/../../../../arm-none-eabi/lib/thumb/v7-m/nofp/crt0.o
__call_exitprocs                                  d:/clion_stm32/gcc-arm-none-eabi-10.3-2021.10/bin/../lib/gcc/arm-none-eabi/10.3.1/../../../../arm-none-eabi/lib/thumb/v7-m/nofp\libg_nano.a(lib_a-exit.o)
__deregister_frame_info                           d:/clion_stm32/gcc-arm-none-eabi-10.3-2021.10/bin/../lib/gcc/arm-none-eabi/10.3.1/thumb/v7-m/nofp/crtbegin.o
__dso_handle                                      d:/clion_stm32/gcc-arm-none-eabi-10.3-2021.10/bin/../lib/gcc/arm-none-eabi/10.3.1/thumb/v7-m/nofp/crtbegin.o
__init_array_end                                  d:/clion_stm32/gcc-arm-none-eabi-10.3-2021.10/bin/../lib/gcc/arm-none-eabi/10.3.1/../../../../arm-none-eabi/lib/thumb/v7-m/nofp\libg_nano.a(lib_a-init.o)
__init_array_start                                d:/clion_stm32/gcc-arm-none-eabi-10.3-2021.10/bin/../lib/gcc/arm-none-eabi/10.3.1/../../../../arm-none-eabi/lib/thumb/v7-m/nofp\libg_nano.a(lib_a-init.o)
__libc_fini_array                                 d:/clion_stm32/gcc-arm-none-eabi-10.3-2021.10/bin/../lib/gcc/arm-none-eabi/10.3.1/../../../../arm-none-eabi/lib/thumb/v7-m/nofp/crt0.o
__libc_init_array                                 d:/clion_stm32/gcc-arm-none-eabi-10.3-2021.10/bin/../lib/gcc/arm-none-eabi/10.3.1/../../../../arm-none-eabi/lib/thumb/v7-m/nofp\libg_nano.a(lib_a-init.o)
                                                  d:/clion_stm32/gcc-arm-none-eabi-10.3-2021.10/bin/../lib/gcc/arm-none-eabi/10.3.1/../../../../arm-none-eabi/lib/thumb/v7-m/nofp/crt0.o
__preinit_array_end                               d:/clion_stm32/gcc-arm-none-eabi-10.3-2021.10/bin/../lib/gcc/arm-none-eabi/10.3.1/../../../../arm-none-eabi/lib/thumb/v7-m/nofp\libg_nano.a(lib_a-init.o)
__preinit_array_start                             d:/clion_stm32/gcc-arm-none-eabi-10.3-2021.10/bin/../lib/gcc/arm-none-eabi/10.3.1/../../../../arm-none-eabi/lib/thumb/v7-m/nofp\libg_nano.a(lib_a-init.o)
__register_frame_info                             d:/clion_stm32/gcc-arm-none-eabi-10.3-2021.10/bin/../lib/gcc/arm-none-eabi/10.3.1/thumb/v7-m/nofp/crtbegin.o
__sf_fake_stderr                                  d:/clion_stm32/gcc-arm-none-eabi-10.3-2021.10/bin/../lib/gcc/arm-none-eabi/10.3.1/../../../../arm-none-eabi/lib/thumb/v7-m/nofp\libg_nano.a(lib_a-impure.o)
__sf_fake_stdin                                   d:/clion_stm32/gcc-arm-none-eabi-10.3-2021.10/bin/../lib/gcc/arm-none-eabi/10.3.1/../../../../arm-none-eabi/lib/thumb/v7-m/nofp\libg_nano.a(lib_a-impure.o)
__sf_fake_stdout                                  d:/clion_stm32/gcc-arm-none-eabi-10.3-2021.10/bin/../lib/gcc/arm-none-eabi/10.3.1/../../../../arm-none-eabi/lib/thumb/v7-m/nofp\libg_nano.a(lib_a-impure.o)
__size                                            stm32IAP/src/libstm32iap.a(iap.c.obj)
__stack                                           d:/clion_stm32/gcc-arm-none-eabi-10.3-2021.10/bin/../lib/gcc/arm-none-eabi/10.3.1/../../../../arm-none-eabi/lib/thumb/v7-m/nofp/crt0.o
_ebss                                             stm32-libs/src/libstm32Libs.a(startup_stm32f10x_hd.s.obj)
_edata                                            stm32-libs/src/libstm32Libs.a(startup_stm32f10x_hd.s.obj)
_estack                                           stm32IAP/src/libstm32iap.a(iap.c.obj)
                                                  stm32-libs/src/libstm32Libs.a(startup_stm32f10x_hd.s.obj)
_exit                                             d:/clion_stm32/gcc-arm-none-eabi-10.3-2021.10/bin/../lib/gcc/arm-none-eabi/10.3.1/../../../../arm-none-eabi/lib/thumb/v7-m/nofp\libnosys.a(_exit.o)
                                                  d:/clion_stm32/gcc-arm-none-eabi-10.3-2021.10/bin/../lib/gcc/arm-none-eabi/10.3.1/../../../../arm-none-eabi/lib/thumb/v7-m/nofp\libg_nano.a(lib_a-exit.o)
_fini                                             d:/clion_stm32/gcc-arm-none-eabi-10.3-2021.10/bin/../lib/gcc/arm-none-eabi/10.3.1/thumb/v7-m/nofp/crti.o
_global_impure_ptr                                d:/clion_stm32/gcc-arm-none-eabi-10.3-2021.10/bin/../lib/gcc/arm-none-eabi/10.3.1/../../../../arm-none-eabi/lib/thumb/v7-m/nofp\libg_nano.a(lib_a-impure.o)
                                                  d:/clion_stm32/gcc-arm-none-eabi-10.3-2021.10/bin/../lib/gcc/arm-none-eabi/10.3.1/../../../../arm-none-eabi/lib/thumb/v7-m/nofp\libg_nano.a(lib_a-exit.o)
_impure_ptr                                       d:/clion_stm32/gcc-arm-none-eabi-10.3-2021.10/bin/../lib/gcc/arm-none-eabi/10.3.1/../../../../arm-none-eabi/lib/thumb/v7-m/nofp\libg_nano.a(lib_a-impure.o)
_init                                             d:/clion_stm32/gcc-arm-none-eabi-10.3-2021.10/bin/../lib/gcc/arm-none-eabi/10.3.1/thumb/v7-m/nofp/crti.o
                                                  d:/clion_stm32/gcc-arm-none-eabi-10.3-2021.10/bin/../lib/gcc/arm-none-eabi/10.3.1/../../../../arm-none-eabi/lib/thumb/v7-m/nofp\libg_nano.a(lib_a-init.o)
_mainCRTStartup                                   d:/clion_stm32/gcc-arm-none-eabi-10.3-2021.10/bin/../lib/gcc/arm-none-eabi/10.3.1/../../../../arm-none-eabi/lib/thumb/v7-m/nofp/crt0.o
_sbss                                             stm32-libs/src/libstm32Libs.a(startup_stm32f10x_hd.s.obj)
_sdata                                            stm32-libs/src/libstm32Libs.a(startup_stm32f10x_hd.s.obj)
_sidata                                           stm32-libs/src/libstm32Libs.a(startup_stm32f10x_hd.s.obj)
_stack_init                                       d:/clion_stm32/gcc-arm-none-eabi-10.3-2021.10/bin/../lib/gcc/arm-none-eabi/10.3.1/../../../../arm-none-eabi/lib/thumb/v7-m/nofp/crt0.o
_start                                            d:/clion_stm32/gcc-arm-none-eabi-10.3-2021.10/bin/../lib/gcc/arm-none-eabi/10.3.1/../../../../arm-none-eabi/lib/thumb/v7-m/nofp/crt0.o
atexit                                            d:/clion_stm32/gcc-arm-none-eabi-10.3-2021.10/bin/../lib/gcc/arm-none-eabi/10.3.1/../../../../arm-none-eabi/lib/thumb/v7-m/nofp/crt0.o
custom                                            CMakeFiles/SU17IAR_boot.elf.dir/Src/main_boot.c.obj
debug                                             CMakeFiles/SU17IAR_boot.elf.dir/Src/main_boot.c.obj
exit                                              d:/clion_stm32/gcc-arm-none-eabi-10.3-2021.10/bin/../lib/gcc/arm-none-eabi/10.3.1/../../../../arm-none-eabi/lib/thumb/v7-m/nofp\libg_nano.a(lib_a-exit.o)
                                                  d:/clion_stm32/gcc-arm-none-eabi-10.3-2021.10/bin/../lib/gcc/arm-none-eabi/10.3.1/../../../../arm-none-eabi/lib/thumb/v7-m/nofp/crt0.o
firmwareInfo                                      stm32IAP/src/libstm32iap.a(iap.c.obj)
flashErase                                        CMakeFiles/SU17IAR_boot.elf.dir/Src/main_boot.c.obj
flashWrite                                        CMakeFiles/SU17IAR_boot.elf.dir/Src/main_boot.c.obj
g_pfnVectors                                      stm32-libs/src/libstm32Libs.a(startup_stm32f10x_hd.s.obj)
getMessage                                        CMakeFiles/SU17IAR_boot.elf.dir/Src/main_boot.c.obj
getSysTick                                        CMakeFiles/SU17IAR_boot.elf.dir/Src/main_boot.c.obj
hardwareInfo                                      stm32IAP/src/libstm32iap.a(iap.c.obj)
hardware_init_hook                                d:/clion_stm32/gcc-arm-none-eabi-10.3-2021.10/bin/../lib/gcc/arm-none-eabi/10.3.1/../../../../arm-none-eabi/lib/thumb/v7-m/nofp/crt0.o
i2c_Delay                                         CMakeFiles/SU17IAR_boot.elf.dir/Src/delay/Delay.c.obj
                                                  CMakeFiles/SU17IAR_boot.elf.dir/Src/LM3644YFFR/LM3644YFFR.c.obj
iapHandle                                         stm32IAP/src/libstm32iap.a(iap.c.obj)
                                                  CMakeFiles/SU17IAR_boot.elf.dir/Src/main_boot.c.obj
iapInit                                           stm32IAP/src/libstm32iap.a(iap.c.obj)
                                                  CMakeFiles/SU17IAR_boot.elf.dir/Src/main_boot.c.obj
iicAck                                            CMakeFiles/SU17IAR_boot.elf.dir/Src/LM3644YFFR/IIC.c.obj
iicNoAck                                          CMakeFiles/SU17IAR_boot.elf.dir/Src/LM3644YFFR/IIC.c.obj
iicReadByte                                       CMakeFiles/SU17IAR_boot.elf.dir/Src/LM3644YFFR/IIC.c.obj
                                                  CMakeFiles/SU17IAR_boot.elf.dir/Src/LM3644YFFR/LM3644YFFR.c.obj
iicSendByte                                       CMakeFiles/SU17IAR_boot.elf.dir/Src/LM3644YFFR/IIC.c.obj
                                                  CMakeFiles/SU17IAR_boot.elf.dir/Src/LM3644YFFR/LM3644YFFR.c.obj
iicStart                                          CMakeFiles/SU17IAR_boot.elf.dir/Src/LM3644YFFR/IIC.c.obj
                                                  CMakeFiles/SU17IAR_boot.elf.dir/Src/LM3644YFFR/LM3644YFFR.c.obj
iicStop                                           CMakeFiles/SU17IAR_boot.elf.dir/Src/LM3644YFFR/IIC.c.obj
                                                  CMakeFiles/SU17IAR_boot.elf.dir/Src/LM3644YFFR/LM3644YFFR.c.obj
iicWaitAck                                        CMakeFiles/SU17IAR_boot.elf.dir/Src/LM3644YFFR/IIC.c.obj
                                                  CMakeFiles/SU17IAR_boot.elf.dir/Src/LM3644YFFR/LM3644YFFR.c.obj
main                                              CMakeFiles/SU17IAR_boot.elf.dir/Src/main_boot.c.obj
                                                  stm32-libs/src/libstm32Libs.a(startup_stm32f10x_hd.s.obj)
                                                  d:/clion_stm32/gcc-arm-none-eabi-10.3-2021.10/bin/../lib/gcc/arm-none-eabi/10.3.1/../../../../arm-none-eabi/lib/thumb/v7-m/nofp/crt0.o
memcpy                                            d:/clion_stm32/gcc-arm-none-eabi-10.3-2021.10/bin/../lib/gcc/arm-none-eabi/10.3.1/../../../../arm-none-eabi/lib/thumb/v7-m/nofp\libg_nano.a(lib_a-memcpy-stub.o)
                                                  stm32IAP/src/libstm32iap.a(iap.c.obj)
                                                  CMakeFiles/SU17IAR_boot.elf.dir/Src/SEGGER_RTT/RTT/SEGGER_RTT.c.obj
memset                                            d:/clion_stm32/gcc-arm-none-eabi-10.3-2021.10/bin/../lib/gcc/arm-none-eabi/10.3.1/../../../../arm-none-eabi/lib/thumb/v7-m/nofp\libg_nano.a(lib_a-memset.o)
                                                  stm32IAP/src/libstm32iap.a(iap.c.obj)
                                                  d:/clion_stm32/gcc-arm-none-eabi-10.3-2021.10/bin/../lib/gcc/arm-none-eabi/10.3.1/../../../../arm-none-eabi/lib/thumb/v7-m/nofp/crt0.o
sendMessage                                       CMakeFiles/SU17IAR_boot.elf.dir/Src/main_boot.c.obj
softInfo                                          stm32IAP/src/libstm32iap.a(iap.c.obj)
software_init_hook                                d:/clion_stm32/gcc-arm-none-eabi-10.3-2021.10/bin/../lib/gcc/arm-none-eabi/10.3.1/../../../../arm-none-eabi/lib/thumb/v7-m/nofp/crt0.o
strlen                                            d:/clion_stm32/gcc-arm-none-eabi-10.3-2021.10/bin/../lib/gcc/arm-none-eabi/10.3.1/../../../../arm-none-eabi/lib/thumb/v7-m/nofp\libg_nano.a(lib_a-strlen.o)
                                                  stm32IAP/src/libstm32iap.a(iap.c.obj)
                                                  CMakeFiles/SU17IAR_boot.elf.dir/Src/SEGGER_RTT/RTT/SEGGER_RTT.c.obj
sysTickInit                                       CMakeFiles/SU17IAR_boot.elf.dir/Src/main_boot.c.obj
sysTickMs                                         CMakeFiles/SU17IAR_boot.elf.dir/Src/main_boot.c.obj
